08-10 14:45:30.485   814   975 I ThermalEngine: Monitor : quiet_therm = 30, msm_therm = 31, ufs_therm = -40, battery_therm = 291,current_now = -336000
08-10 14:45:33.792  2119  2119 I DownloadManagerWrapper: onReceive() : Charging = true
08-10 14:45:33.797  3192  3192 D AbstractProcessor: onBatteryChange Percent:92 State:2
08-10 14:45:45.797  3192  3192 D AbstractProcessor: onBatteryChange Percent:92 State:2
08-10 14:45:45.798  2119  2119 I DownloadManagerWrapper: onReceive() : Charging = true
08-10 14:45:46.007  2175  2390 I chatty  : uid=10029(com.android.systemui) PhoneStatusBar expire 15 lines
08-10 14:45:48.435   874  2562 I LOWI-8.1.1.0.c: [LOWI-Scan] lowi_close_record:Scan completed in 98093804ms and Recieved 12 APs scan results
08-10 14:45:48.475  1381  2045 I chatty  : uid=1000(system) WifiStateMachin expire 11 lines
08-10 14:45:51.799  2119  2119 I DownloadManagerWrapper: onReceive() : Charging = true
08-10 14:45:51.799  3192  3192 D AbstractProcessor: onBatteryChange Percent:92 State:2
08-10 14:45:54.339  3163 21579 E Herrevad: [741] RemoteReportsRefreshChimeraService.a: want to send authenticated request, but no Google account on device
08-10 14:45:54.514  3163  3997 E Volley  : [195] BasicNetwork.performRequest: Unexpected response code 307 for https://android.googleapis.com/nova/herrevad/network_quality_info
08-10 14:45:54.515  3163 21579 W Herrevad: [741] RemoteReportsRefreshChimeraService.a: java.util.concurrent.ExecutionException: com.android.volley.ServerError
08-10 14:45:54.515  3163 21579 W Herrevad: java.util.concurrent.ExecutionException: com.android.volley.ServerError
08-10 14:45:54.515  3163 21579 W Herrevad: 	at com.android.volley.toolbox.RequestFuture.a(:com.google.android.gms:3)
08-10 14:45:54.515  3163 21579 W Herrevad: 	at com.android.volley.toolbox.RequestFuture.get(:com.google.android.gms:1)
08-10 14:45:54.515  3163 21579 W Herrevad: 	at com.google.android.gms.herrevad.services.RemoteReportsRefreshChimeraService.a(:com.google.android.gms:24)
08-10 14:45:54.515  3163 21579 W Herrevad: 	at com.google.android.gms.herrevad.services.ImmediateRemoteReportsRefreshChimeraService.onHandleIntent(:com.google.android.gms:0)
08-10 14:45:54.515  3163 21579 W Herrevad: 	at btj.handleMessage(:com.google.android.gms:0)
08-10 14:45:54.515  3163 21579 W Herrevad: 	at android.os.Handler.dispatchMessage(Handler.java:102)
08-10 14:45:54.515  3163 21579 W Herrevad: 	at android.os.Looper.loop(Looper.java:154)
08-10 14:45:54.515  3163 21579 W Herrevad: 	at android.os.HandlerThread.run(HandlerThread.java:61)
08-10 14:45:54.515  3163 21579 W Herrevad: Caused by: com.android.volley.ServerError
08-10 14:45:54.515  3163 21579 W Herrevad: 	at com.android.volley.toolbox.BasicNetwork.performRequest(:com.google.android.gms:36)
08-10 14:45:54.515  3163 21579 W Herrevad: 	at mao.performRequest(:com.google.android.gms:3)
08-10 14:45:54.515  3163 21579 W Herrevad: 	at com.android.volley.NetworkDispatcher.run(:com.google.android.gms:11)
08-10 14:45:54.548  2463  2463 D QcrilMsgTunnelIfaceManager: handleMessage what = 0
08-10 14:45:54.550  3207  3207 D QC_RIL_OEM_HOOK: Received Broadcast Intent ACTION_UNSOL_RESPONSE_OEM_HOOK_RAW
08-10 14:45:54.550  3207  3207 D QC_RIL_OEM_HOOK: Oem ID in QCRILHOOK UNSOL RESP is QOEMHOOK
08-10 14:45:54.550  3503  3503 D QC_RIL_OEM_HOOK: Received Broadcast Intent ACTION_UNSOL_RESPONSE_OEM_HOOK_RAW
08-10 14:45:54.550  3503  3503 D QC_RIL_OEM_HOOK: Oem ID in QCRILHOOK UNSOL RESP is QOEMHOOK
08-10 14:45:54.550  2280  2280 D QC_RIL_OEM_HOOK: Received Broadcast Intent ACTION_UNSOL_RESPONSE_OEM_HOOK_RAW
08-10 14:45:54.550  2280  2280 D QC_RIL_OEM_HOOK: Oem ID in QCRILHOOK UNSOL RESP is QOEMHOOK
08-10 14:45:54.550  2280  2280 D QC_RIL_OEM_HOOK: Received Broadcast Intent ACTION_UNSOL_RESPONSE_OEM_HOOK_RAW
08-10 14:45:54.550  2280  2280 D QC_RIL_OEM_HOOK: Oem ID in QCRILHOOK UNSOL RESP is QOEMHOOK
08-10 14:45:54.550  2280  2280 D QC_RIL_OEM_HOOK: Received Broadcast Intent ACTION_UNSOL_RESPONSE_OEM_HOOK_RAW
08-10 14:45:54.550  2280  2280 D QC_RIL_OEM_HOOK: Oem ID in QCRILHOOK UNSOL RESP is QOEMHOOK
08-10 14:45:57.797  3192  3192 D AbstractProcessor: onBatteryChange Percent:92 State:2
08-10 14:45:57.801  2119  2119 I DownloadManagerWrapper: onReceive() : Charging = true
08-10 14:46:01.282  2175  2390 I chatty  : uid=10029(com.android.systemui) PhoneStatusBar expire 21 lines
08-10 14:46:03.768  3192  3192 D AbstractProcessor: onBatteryChange Percent:92 State:2
08-10 14:46:03.769  2119  2119 I DownloadManagerWrapper: onReceive() : Charging = true
08-10 14:46:03.955  2567  2567 I wpa_supplicant: wlan0: CTRL-EVENT-AVOID-FREQ ranges=5180-5320,5500-5640
08-10 14:46:09.758  3192  3192 D AbstractProcessor: onBatteryChange Percent:92 State:2
08-10 14:46:09.759  2119  2119 I DownloadManagerWrapper: onReceive() : Charging = true
08-10 14:46:12.054  2463  2463 D QcrilMsgTunnelIfaceManager: handleMessage what = 0
08-10 14:46:12.060  3207  3207 D QC_RIL_OEM_HOOK: Received Broadcast Intent ACTION_UNSOL_RESPONSE_OEM_HOOK_RAW
08-10 14:46:12.060  3207  3207 D QC_RIL_OEM_HOOK: Oem ID in QCRILHOOK UNSOL RESP is QOEMHOOK
08-10 14:46:12.061  2280  2280 D QC_RIL_OEM_HOOK: Received Broadcast Intent ACTION_UNSOL_RESPONSE_OEM_HOOK_RAW
08-10 14:46:12.061  2280  2280 D QC_RIL_OEM_HOOK: Oem ID in QCRILHOOK UNSOL RESP is QOEMHOOK
08-10 14:46:12.061  2280  2280 D QC_RIL_OEM_HOOK: Received Broadcast Intent ACTION_UNSOL_RESPONSE_OEM_HOOK_RAW
08-10 14:46:12.061  3503  3503 D QC_RIL_OEM_HOOK: Received Broadcast Intent ACTION_UNSOL_RESPONSE_OEM_HOOK_RAW
08-10 14:46:12.062  2280  2280 D QC_RIL_OEM_HOOK: Oem ID in QCRILHOOK UNSOL RESP is QOEMHOOK
08-10 14:46:12.062  3503  3503 D QC_RIL_OEM_HOOK: Oem ID in QCRILHOOK UNSOL RESP is QOEMHOOK
08-10 14:46:12.062  2280  2280 D QC_RIL_OEM_HOOK: Received Broadcast Intent ACTION_UNSOL_RESPONSE_OEM_HOOK_RAW
08-10 14:46:12.062  2280  2280 D QC_RIL_OEM_HOOK: Oem ID in QCRILHOOK UNSOL RESP is QOEMHOOK
08-10 14:46:15.791  2119  2119 I DownloadManagerWrapper: onReceive() : Charging = true
08-10 14:46:15.792  3192  3192 D AbstractProcessor: onBatteryChange Percent:92 State:2
08-10 14:46:19.918  2175  2390 I chatty  : uid=10029(com.android.systemui) PhoneStatusBar expire 12 lines
08-10 14:46:21.794  3192  3192 D AbstractProcessor: onBatteryChange Percent:92 State:2
08-10 14:46:21.801  2119  2119 I DownloadManagerWrapper: onReceive() : Charging = true
08-10 14:46:27.792  3192  3192 D AbstractProcessor: onBatteryChange Percent:92 State:2
08-10 14:46:27.792  2119  2119 I DownloadManagerWrapper: onReceive() : Charging = true
08-10 14:46:30.530   814   975 I ThermalEngine: Monitor : quiet_therm = 30, msm_therm = 30, ufs_therm = -40, battery_therm = 291,current_now = -454000
08-10 14:46:32.330   868   868 I chatty  : uid=1000(system) /system/bin/dpmd expire 10 lines
08-10 14:46:33.448   874  2562 I LOWI-8.1.1.0.c: [LOWI-Scan] lowi_close_record:Scan completed in 98138818ms and Recieved 12 APs scan results
08-10 14:46:33.504  1381  2045 I chatty  : uid=1000(system) WifiStateMachin expire 11 lines
08-10 14:46:33.794  2175  2175 I chatty  : uid=10029(com.android.systemui) expire 14 lines
08-10 14:46:33.802  3192  3192 D AbstractProcessor: onBatteryChange Percent:92 State:2
08-10 14:46:33.803  2119  2119 I DownloadManagerWrapper: onReceive() : Charging = true
08-10 14:46:37.845  2175  2390 I chatty  : uid=10029(com.android.systemui) PhoneStatusBar expire 15 lines
08-10 14:46:45.788  2119  2119 I DownloadManagerWrapper: onReceive() : Charging = true
08-10 14:46:45.790  3192  3192 D AbstractProcessor: onBatteryChange Percent:92 State:2
08-10 14:46:51.793  2119  2119 I DownloadManagerWrapper: onReceive() : Charging = true
08-10 14:46:51.794  3192  3192 D AbstractProcessor: onBatteryChange Percent:92 State:2
08-10 14:46:54.470  1381  2952 I chatty  : uid=1000(system) Binder:1381_C expire 6 lines
08-10 14:46:54.481  3163 21620 E Herrevad: [742] RemoteReportsRefreshChimeraService.a: want to send authenticated request, but no Google account on device
08-10 14:46:54.702  2463  2463 D QcrilMsgTunnelIfaceManager: handleMessage what = 0
08-10 14:46:54.705  2280  2280 D QC_RIL_OEM_HOOK: Received Broadcast Intent ACTION_UNSOL_RESPONSE_OEM_HOOK_RAW
08-10 14:46:54.705  2280  2280 D QC_RIL_OEM_HOOK: Oem ID in QCRILHOOK UNSOL RESP is QOEMHOOK
08-10 14:46:54.705  3503  3503 D QC_RIL_OEM_HOOK: Received Broadcast Intent ACTION_UNSOL_RESPONSE_OEM_HOOK_RAW
08-10 14:46:54.705  2280  2280 D QC_RIL_OEM_HOOK: Received Broadcast Intent ACTION_UNSOL_RESPONSE_OEM_HOOK_RAW
08-10 14:46:54.705  3503  3503 D QC_RIL_OEM_HOOK: Oem ID in QCRILHOOK UNSOL RESP is QOEMHOOK
08-10 14:46:54.705  2280  2280 D QC_RIL_OEM_HOOK: Oem ID in QCRILHOOK UNSOL RESP is QOEMHOOK
08-10 14:46:54.705  2280  2280 D QC_RIL_OEM_HOOK: Received Broadcast Intent ACTION_UNSOL_RESPONSE_OEM_HOOK_RAW
08-10 14:46:54.705  2280  2280 D QC_RIL_OEM_HOOK: Oem ID in QCRILHOOK UNSOL RESP is QOEMHOOK
08-10 14:46:54.705  3207  3207 D QC_RIL_OEM_HOOK: Received Broadcast Intent ACTION_UNSOL_RESPONSE_OEM_HOOK_RAW
08-10 14:46:54.705  3207  3207 D QC_RIL_OEM_HOOK: Oem ID in QCRILHOOK UNSOL RESP is QOEMHOOK
08-10 14:46:54.739  3163  4002 E Volley  : [199] BasicNetwork.performRequest: Unexpected response code 307 for https://android.googleapis.com/nova/herrevad/network_quality_info
08-10 14:46:54.740  3163 21620 W Herrevad: [742] RemoteReportsRefreshChimeraService.a: java.util.concurrent.ExecutionException: com.android.volley.ServerError
08-10 14:46:54.740  3163 21620 W Herrevad: java.util.concurrent.ExecutionException: com.android.volley.ServerError
08-10 14:46:54.740  3163 21620 W Herrevad: 	at com.android.volley.toolbox.RequestFuture.a(:com.google.android.gms:3)
08-10 14:46:54.740  3163 21620 W Herrevad: 	at com.android.volley.toolbox.RequestFuture.get(:com.google.android.gms:1)
08-10 14:46:54.740  3163 21620 W Herrevad: 	at com.google.android.gms.herrevad.services.RemoteReportsRefreshChimeraService.a(:com.google.android.gms:24)
08-10 14:46:54.740  3163 21620 W Herrevad: 	at com.google.android.gms.herrevad.services.ImmediateRemoteReportsRefreshChimeraService.onHandleIntent(:com.google.android.gms:0)
08-10 14:46:54.740  3163 21620 W Herrevad: 	at btj.handleMessage(:com.google.android.gms:0)
08-10 14:46:54.740  3163 21620 W Herrevad: 	at android.os.Handler.dispatchMessage(Handler.java:102)
08-10 14:46:54.740  3163 21620 W Herrevad: 	at android.os.Looper.loop(Looper.java:154)
08-10 14:46:54.740  3163 21620 W Herrevad: 	at android.os.HandlerThread.run(HandlerThread.java:61)
08-10 14:46:54.740  3163 21620 W Herrevad: Caused by: com.android.volley.ServerError
08-10 14:46:54.740  3163 21620 W Herrevad: 	at com.android.volley.toolbox.BasicNetwork.performRequest(:com.google.android.gms:36)
08-10 14:46:54.740  3163 21620 W Herrevad: 	at mao.performRequest(:com.google.android.gms:3)
08-10 14:46:54.740  3163 21620 W Herrevad: 	at com.android.volley.NetworkDispatcher.run(:com.google.android.gms:11)
08-10 14:46:57.778  2119  2119 I DownloadManagerWrapper: onReceive() : Charging = true
08-10 14:46:57.779  3192  3192 D AbstractProcessor: onBatteryChange Percent:92 State:2
08-10 14:47:03.732  3192  3192 D AbstractProcessor: onBatteryChange Percent:92 State:2
08-10 14:47:03.736  2119  2119 I DownloadManagerWrapper: onReceive() : Charging = true
08-10 14:47:12.804  2175  2390 I chatty  : uid=10029(com.android.systemui) PhoneStatusBar expire 15 lines
08-10 14:47:13.803  2463  2463 D QcrilMsgTunnelIfaceManager: handleMessage what = 0
08-10 14:47:13.808  3207  3207 D QC_RIL_OEM_HOOK: Received Broadcast Intent ACTION_UNSOL_RESPONSE_OEM_HOOK_RAW
08-10 14:47:13.808  3207  3207 D QC_RIL_OEM_HOOK: Oem ID in QCRILHOOK UNSOL RESP is QOEMHOOK
08-10 14:47:13.808  2280  2280 D QC_RIL_OEM_HOOK: Received Broadcast Intent ACTION_UNSOL_RESPONSE_OEM_HOOK_RAW
08-10 14:47:13.808  2280  2280 D QC_RIL_OEM_HOOK: Oem ID in QCRILHOOK UNSOL RESP is QOEMHOOK
08-10 14:47:13.808  3503  3503 D QC_RIL_OEM_HOOK: Received Broadcast Intent ACTION_UNSOL_RESPONSE_OEM_HOOK_RAW
08-10 14:47:13.808  2280  2280 D QC_RIL_OEM_HOOK: Received Broadcast Intent ACTION_UNSOL_RESPONSE_OEM_HOOK_RAW
08-10 14:47:13.809  2280  2280 D QC_RIL_OEM_HOOK: Oem ID in QCRILHOOK UNSOL RESP is QOEMHOOK
08-10 14:47:13.809  3503  3503 D QC_RIL_OEM_HOOK: Oem ID in QCRILHOOK UNSOL RESP is QOEMHOOK
08-10 14:47:13.809  2280  2280 D QC_RIL_OEM_HOOK: Received Broadcast Intent ACTION_UNSOL_RESPONSE_OEM_HOOK_RAW
08-10 14:47:13.809  2280  2280 D QC_RIL_OEM_HOOK: Oem ID in QCRILHOOK UNSOL RESP is QOEMHOOK
08-10 14:47:17.373   868   868 E Parcel  : Reading a NULL string not supported here.
08-10 14:47:17.373   868   868 E Parcel  : Reading a NULL string not supported here.
08-10 14:47:17.824  2567  2567 I wpa_supplicant: wlan0: CTRL-EVENT-AVOID-FREQ ranges=5500-5640
08-10 14:47:18.617   874  2562 I LOWI-8.1.1.0.c: [LOWI-Scan] lowi_close_record:Scan completed in 98183987ms and Recieved 17 APs scan results
08-10 14:47:18.658   868   868 E Parcel  : Reading a NULL string not supported here.
08-10 14:47:18.658  1381  2045 I chatty  : uid=1000(system) WifiStateMachin expire 11 lines
08-10 14:47:18.658   868   868 E Parcel  : Reading a NULL string not supported here.
08-10 14:47:18.658   868   868 E Parcel  : Reading a NULL string not supported here.
08-10 14:47:18.658   868   868 E Parcel  : Reading a NULL string not supported here.
08-10 14:47:21.788  3192  3192 D AbstractProcessor: onBatteryChange Percent:92 State:2
08-10 14:47:21.789  2119  2119 I DownloadManagerWrapper: onReceive() : Charging = true
08-10 14:47:30.571   814   975 I ThermalEngine: Monitor : quiet_therm = 30, msm_therm = 30, ufs_therm = -40, battery_therm = 292,current_now = -455000
08-10 14:47:31.926  2175  2390 I chatty  : uid=10029(com.android.systemui) PhoneStatusBar expire 15 lines
08-10 14:47:45.799  2119  2119 I DownloadManagerWrapper: onReceive() : Charging = true
08-10 14:47:45.799  3192  3192 D AbstractProcessor: onBatteryChange Percent:92 State:2
08-10 14:47:49.845  2175  2390 I chatty  : uid=10029(com.android.systemui) PhoneStatusBar expire 18 lines
08-10 14:47:51.787  3192  3192 D AbstractProcessor: onBatteryChange Percent:92 State:2
08-10 14:47:51.791  2119  2119 I DownloadManagerWrapper: onReceive() : Charging = true
08-10 14:47:54.565  3163 21660 E Herrevad: [743] RemoteReportsRefreshChimeraService.a: want to send authenticated request, but no Google account on device
08-10 14:47:54.815  3163  3999 E Volley  : [197] BasicNetwork.performRequest: Unexpected response code 307 for https://android.googleapis.com/nova/herrevad/network_quality_info
08-10 14:47:54.816  3163 21660 W Herrevad: [743] RemoteReportsRefreshChimeraService.a: java.util.concurrent.ExecutionException: com.android.volley.ServerError
08-10 14:47:54.816  3163 21660 W Herrevad: java.util.concurrent.ExecutionException: com.android.volley.ServerError
08-10 14:47:54.816  3163 21660 W Herrevad: 	at com.android.volley.toolbox.RequestFuture.a(:com.google.android.gms:3)
08-10 14:47:54.816  3163 21660 W Herrevad: 	at com.android.volley.toolbox.RequestFuture.get(:com.google.android.gms:1)
08-10 14:47:54.816  3163 21660 W Herrevad: 	at com.google.android.gms.herrevad.services.RemoteReportsRefreshChimeraService.a(:com.google.android.gms:24)
08-10 14:47:54.816  3163 21660 W Herrevad: 	at com.google.android.gms.herrevad.services.ImmediateRemoteReportsRefreshChimeraService.onHandleIntent(:com.google.android.gms:0)
08-10 14:47:54.816  3163 21660 W Herrevad: 	at btj.handleMessage(:com.google.android.gms:0)
08-10 14:47:54.816  3163 21660 W Herrevad: 	at android.os.Handler.dispatchMessage(Handler.java:102)
08-10 14:47:54.816  3163 21660 W Herrevad: 	at android.os.Looper.loop(Looper.java:154)
08-10 14:47:54.816  3163 21660 W Herrevad: 	at android.os.HandlerThread.run(HandlerThread.java:61)
08-10 14:47:54.816  3163 21660 W Herrevad: Caused by: com.android.volley.ServerError
08-10 14:47:54.816  3163 21660 W Herrevad: 	at com.android.volley.toolbox.BasicNetwork.performRequest(:com.google.android.gms:36)
08-10 14:47:54.816  3163 21660 W Herrevad: 	at mao.performRequest(:com.google.android.gms:3)
08-10 14:47:54.816  3163 21660 W Herrevad: 	at com.android.volley.NetworkDispatcher.run(:com.google.android.gms:11)
08-10 14:47:54.836  2463  2463 D QcrilMsgTunnelIfaceManager: handleMessage what = 0
08-10 14:47:54.839  3503  3503 D QC_RIL_OEM_HOOK: Received Broadcast Intent ACTION_UNSOL_RESPONSE_OEM_HOOK_RAW
08-10 14:47:54.839  3503  3503 D QC_RIL_OEM_HOOK: Oem ID in QCRILHOOK UNSOL RESP is QOEMHOOK
08-10 14:47:54.839  3207  3207 D QC_RIL_OEM_HOOK: Received Broadcast Intent ACTION_UNSOL_RESPONSE_OEM_HOOK_RAW
08-10 14:47:54.839  3207  3207 D QC_RIL_OEM_HOOK: Oem ID in QCRILHOOK UNSOL RESP is QOEMHOOK
08-10 14:47:54.841  2280  2280 D QC_RIL_OEM_HOOK: Received Broadcast Intent ACTION_UNSOL_RESPONSE_OEM_HOOK_RAW
08-10 14:47:54.841  2280  2280 D QC_RIL_OEM_HOOK: Oem ID in QCRILHOOK UNSOL RESP is QOEMHOOK
08-10 14:47:54.841  2280  2280 D QC_RIL_OEM_HOOK: Received Broadcast Intent ACTION_UNSOL_RESPONSE_OEM_HOOK_RAW
08-10 14:47:54.841  2280  2280 D QC_RIL_OEM_HOOK: Oem ID in QCRILHOOK UNSOL RESP is QOEMHOOK
08-10 14:47:54.841  2280  2280 D QC_RIL_OEM_HOOK: Received Broadcast Intent ACTION_UNSOL_RESPONSE_OEM_HOOK_RAW
08-10 14:47:54.841  2280  2280 D QC_RIL_OEM_HOOK: Oem ID in QCRILHOOK UNSOL RESP is QOEMHOOK
08-10 14:47:57.731  3192  3192 D AbstractProcessor: onBatteryChange Percent:92 State:2
08-10 14:47:57.732  2119  2119 I DownloadManagerWrapper: onReceive() : Charging = true
08-10 14:48:02.375  1381  2561 I chatty  : uid=1000(system) Thread-7 expire 11 lines
08-10 14:48:02.384   868   868 E Parcel  : Reading a NULL string not supported here.
08-10 14:48:02.384   868   868 E Parcel  : Reading a NULL string not supported here.
08-10 14:48:02.384   868   868 E Parcel  : Reading a NULL string not supported here.
08-10 14:48:02.384   868   868 E Parcel  : Reading a NULL string not supported here.
08-10 14:48:03.710   874  2562 I LOWI-8.1.1.0.c: [LOWI-Scan] lowi_close_record:Scan completed in 98229079ms and Recieved 10 APs scan results
08-10 14:48:03.750   868   868 E Parcel  : Reading a NULL string not supported here.
08-10 14:48:03.751   868   868 E Parcel  : Reading a NULL string not supported here.
08-10 14:48:03.751   868   868 E Parcel  : Reading a NULL string not supported here.
08-10 14:48:03.751   868   868 E Parcel  : Reading a NULL string not supported here.
08-10 14:48:03.752  1381  2045 I chatty  : uid=1000(system) WifiStateMachin expire 11 lines
08-10 14:48:03.759  2119  2119 I DownloadManagerWrapper: onReceive() : Charging = true
08-10 14:48:03.760  3192  3192 D AbstractProcessor: onBatteryChange Percent:92 State:2
08-10 14:48:09.773  3192  3192 D AbstractProcessor: onBatteryChange Percent:92 State:2
08-10 14:48:09.774  2119  2119 I DownloadManagerWrapper: onReceive() : Charging = true
08-10 14:48:13.978  2463  2463 D QcrilMsgTunnelIfaceManager: handleMessage what = 0
08-10 14:48:13.984  2280  2280 D QC_RIL_OEM_HOOK: Received Broadcast Intent ACTION_UNSOL_RESPONSE_OEM_HOOK_RAW
08-10 14:48:13.984  3503  3503 D QC_RIL_OEM_HOOK: Received Broadcast Intent ACTION_UNSOL_RESPONSE_OEM_HOOK_RAW
08-10 14:48:13.984  2280  2280 D QC_RIL_OEM_HOOK: Oem ID in QCRILHOOK UNSOL RESP is QOEMHOOK
08-10 14:48:13.985  3503  3503 D QC_RIL_OEM_HOOK: Oem ID in QCRILHOOK UNSOL RESP is QOEMHOOK
08-10 14:48:13.985  2280  2280 D QC_RIL_OEM_HOOK: Received Broadcast Intent ACTION_UNSOL_RESPONSE_OEM_HOOK_RAW
08-10 14:48:13.985  2280  2280 D QC_RIL_OEM_HOOK: Oem ID in QCRILHOOK UNSOL RESP is QOEMHOOK
08-10 14:48:13.985  2280  2280 D QC_RIL_OEM_HOOK: Received Broadcast Intent ACTION_UNSOL_RESPONSE_OEM_HOOK_RAW
08-10 14:48:13.985  2280  2280 D QC_RIL_OEM_HOOK: Oem ID in QCRILHOOK UNSOL RESP is QOEMHOOK
08-10 14:48:13.986  3207  3207 D QC_RIL_OEM_HOOK: Received Broadcast Intent ACTION_UNSOL_RESPONSE_OEM_HOOK_RAW
08-10 14:48:13.986  3207  3207 D QC_RIL_OEM_HOOK: Oem ID in QCRILHOOK UNSOL RESP is QOEMHOOK
08-10 14:48:13.999  2175  2390 I chatty  : uid=10029(com.android.systemui) PhoneStatusBar expire 12 lines
08-10 14:48:15.790  2119  2119 I DownloadManagerWrapper: onReceive() : Charging = true
08-10 14:48:15.791  3192  3192 D AbstractProcessor: onBatteryChange Percent:92 State:2
08-10 14:48:21.791  2119  2119 I DownloadManagerWrapper: onReceive() : Charging = true
08-10 14:48:21.792  3192  3192 D AbstractProcessor: onBatteryChange Percent:92 State:2
08-10 14:48:27.797  3192  3192 D AbstractProcessor: onBatteryChange Percent:92 State:2
08-10 14:48:27.803  2119  2119 I DownloadManagerWrapper: onReceive() : Charging = true
08-10 14:48:28.246  2175  2390 I chatty  : uid=10029(com.android.systemui) PhoneStatusBar expire 20 lines
08-10 14:48:30.610   814   975 I ThermalEngine: Monitor : quiet_therm = 30, msm_therm = 31, ufs_therm = -40, battery_therm = 291,current_now = -342000
08-10 14:48:33.794  2175  2175 I chatty  : uid=10029(com.android.systemui) expire 14 lines
08-10 14:48:33.802  3192  3192 D AbstractProcessor: onBatteryChange Percent:92 State:2
08-10 14:48:33.813  2119  2119 I DownloadManagerWrapper: onReceive() : Charging = true
08-10 14:48:39.776  3192  3192 D AbstractProcessor: onBatteryChange Percent:92 State:2
08-10 14:48:39.780  2119  2119 I DownloadManagerWrapper: onReceive() : Charging = true
08-10 14:48:45.790  3192  3192 D AbstractProcessor: onBatteryChange Percent:92 State:2
08-10 14:48:45.792  2119  2119 I DownloadManagerWrapper: onReceive() : Charging = true
08-10 14:48:47.434   868   868 E Parcel  : Reading a NULL string not supported here.
08-10 14:48:47.434   868   868 E Parcel  : Reading a NULL string not supported here.
08-10 14:48:47.434   868   868 E Parcel  : Reading a NULL string not supported here.
08-10 14:48:47.434   868   868 E Parcel  : Reading a NULL string not supported here.
08-10 14:48:48.644   874  2562 I LOWI-8.1.1.0.c: [LOWI-Scan] lowi_close_record:Scan completed in 98274014ms and Recieved 7 APs scan results
08-10 14:48:48.714  1381  2045 I chatty  : uid=1000(system) WifiStateMachin expire 11 lines
08-10 14:48:48.716   868   868 E Parcel  : Reading a NULL string not supported here.
08-10 14:48:48.716   868   868 E Parcel  : Reading a NULL string not supported here.
08-10 14:48:48.716   868   868 E Parcel  : Reading a NULL string not supported here.
08-10 14:48:48.716   868   868 E Parcel  : Reading a NULL string not supported here.
08-10 14:48:53.723  1381  2049 I chatty  : uid=1000(system) WifiScanningSer expire 11 lines
08-10 14:48:54.481  1381  1435 I chatty  : uid=1000(system) ActivityManager expire 15 lines
08-10 14:48:54.605  3163 21700 E Herrevad: [744] RemoteReportsRefreshChimeraService.a: want to send authenticated request, but no Google account on device
08-10 14:48:54.868  3163  4005 E Volley  : [201] BasicNetwork.performRequest: Unexpected response code 307 for https://android.googleapis.com/nova/herrevad/network_quality_info
08-10 14:48:54.869  3163 21700 W Herrevad: [744] RemoteReportsRefreshChimeraService.a: java.util.concurrent.ExecutionException: com.android.volley.ServerError
08-10 14:48:54.869  3163 21700 W Herrevad: java.util.concurrent.ExecutionException: com.android.volley.ServerError
08-10 14:48:54.869  3163 21700 W Herrevad: 	at com.android.volley.toolbox.RequestFuture.a(:com.google.android.gms:3)
08-10 14:48:54.869  3163 21700 W Herrevad: 	at com.android.volley.toolbox.RequestFuture.get(:com.google.android.gms:1)
08-10 14:48:54.869  3163 21700 W Herrevad: 	at com.google.android.gms.herrevad.services.RemoteReportsRefreshChimeraService.a(:com.google.android.gms:24)
08-10 14:48:54.869  3163 21700 W Herrevad: 	at com.google.android.gms.herrevad.services.ImmediateRemoteReportsRefreshChimeraService.onHandleIntent(:com.google.android.gms:0)
08-10 14:48:54.869  3163 21700 W Herrevad: 	at btj.handleMessage(:com.google.android.gms:0)
08-10 14:48:54.869  3163 21700 W Herrevad: 	at android.os.Handler.dispatchMessage(Handler.java:102)
08-10 14:48:54.869  3163 21700 W Herrevad: 	at android.os.Looper.loop(Looper.java:154)
08-10 14:48:54.869  3163 21700 W Herrevad: 	at android.os.HandlerThread.run(HandlerThread.java:61)
08-10 14:48:54.869  3163 21700 W Herrevad: Caused by: com.android.volley.ServerError
08-10 14:48:54.869  3163 21700 W Herrevad: 	at com.android.volley.toolbox.BasicNetwork.performRequest(:com.google.android.gms:36)
08-10 14:48:54.869  3163 21700 W Herrevad: 	at mao.performRequest(:com.google.android.gms:3)
08-10 14:48:54.869  3163 21700 W Herrevad: 	at com.android.volley.NetworkDispatcher.run(:com.google.android.gms:11)
08-10 14:48:54.905  2463  2463 D QcrilMsgTunnelIfaceManager: handleMessage what = 0
08-10 14:48:54.907  3207  3207 D QC_RIL_OEM_HOOK: Received Broadcast Intent ACTION_UNSOL_RESPONSE_OEM_HOOK_RAW
08-10 14:48:54.908  3207  3207 D QC_RIL_OEM_HOOK: Oem ID in QCRILHOOK UNSOL RESP is QOEMHOOK
08-10 14:48:54.908  2280  2280 D QC_RIL_OEM_HOOK: Received Broadcast Intent ACTION_UNSOL_RESPONSE_OEM_HOOK_RAW
08-10 14:48:54.908  2280  2280 D QC_RIL_OEM_HOOK: Oem ID in QCRILHOOK UNSOL RESP is QOEMHOOK
08-10 14:48:54.908  2280  2280 D QC_RIL_OEM_HOOK: Received Broadcast Intent ACTION_UNSOL_RESPONSE_OEM_HOOK_RAW
08-10 14:48:54.908  2280  2280 D QC_RIL_OEM_HOOK: Oem ID in QCRILHOOK UNSOL RESP is QOEMHOOK
08-10 14:48:54.908  2280  2280 D QC_RIL_OEM_HOOK: Received Broadcast Intent ACTION_UNSOL_RESPONSE_OEM_HOOK_RAW
08-10 14:48:54.908  2280  2280 D QC_RIL_OEM_HOOK: Oem ID in QCRILHOOK UNSOL RESP is QOEMHOOK
08-10 14:48:54.908  3503  3503 D QC_RIL_OEM_HOOK: Received Broadcast Intent ACTION_UNSOL_RESPONSE_OEM_HOOK_RAW
08-10 14:48:54.909  3503  3503 D QC_RIL_OEM_HOOK: Oem ID in QCRILHOOK UNSOL RESP is QOEMHOOK
08-10 14:48:54.951  2567  2567 I wpa_supplicant: wlan0: CTRL-EVENT-AVOID-FREQ ranges=5180-5320,5500-5640
08-10 14:48:55.138  2175  2390 I chatty  : uid=10029(com.android.systemui) PhoneStatusBar expire 19 lines
08-10 14:48:57.795  2119  2119 I DownloadManagerWrapper: onReceive() : Charging = true
08-10 14:48:57.798  3192  3192 D AbstractProcessor: onBatteryChange Percent:92 State:2
08-10 14:49:03.749  3192  3192 D AbstractProcessor: onBatteryChange Percent:92 State:2
08-10 14:49:03.749  2119  2119 I DownloadManagerWrapper: onReceive() : Charging = true
08-10 14:49:09.851  2119  2119 I DownloadManagerWrapper: onReceive() : Charging = true
08-10 14:49:09.853  3192  3192 D AbstractProcessor: onBatteryChange Percent:93 State:2
08-10 14:49:09.937  1381  2395 I chatty  : uid=1000(system) Binder:1381_6 expire 12 lines
08-10 14:49:13.813  2463  2463 D QcrilMsgTunnelIfaceManager: handleMessage what = 0
08-10 14:49:13.818  2280  2280 D QC_RIL_OEM_HOOK: Received Broadcast Intent ACTION_UNSOL_RESPONSE_OEM_HOOK_RAW
08-10 14:49:13.818  2280  2280 D QC_RIL_OEM_HOOK: Oem ID in QCRILHOOK UNSOL RESP is QOEMHOOK
08-10 14:49:13.818  2280  2280 D QC_RIL_OEM_HOOK: Received Broadcast Intent ACTION_UNSOL_RESPONSE_OEM_HOOK_RAW
08-10 14:49:13.819  2280  2280 D QC_RIL_OEM_HOOK: Oem ID in QCRILHOOK UNSOL RESP is QOEMHOOK
08-10 14:49:13.820  2280  2280 D QC_RIL_OEM_HOOK: Received Broadcast Intent ACTION_UNSOL_RESPONSE_OEM_HOOK_RAW
08-10 14:49:13.820  2280  2280 D QC_RIL_OEM_HOOK: Oem ID in QCRILHOOK UNSOL RESP is QOEMHOOK
08-10 14:49:13.821  3207  3207 D QC_RIL_OEM_HOOK: Received Broadcast Intent ACTION_UNSOL_RESPONSE_OEM_HOOK_RAW
08-10 14:49:13.821  3207  3207 D QC_RIL_OEM_HOOK: Oem ID in QCRILHOOK UNSOL RESP is QOEMHOOK
08-10 14:49:13.830  3503  3503 D QC_RIL_OEM_HOOK: Received Broadcast Intent ACTION_UNSOL_RESPONSE_OEM_HOOK_RAW
08-10 14:49:13.830  3503  3503 D QC_RIL_OEM_HOOK: Oem ID in QCRILHOOK UNSOL RESP is QOEMHOOK
08-10 14:49:14.109  2567  2567 I wpa_supplicant: wlan0: CTRL-EVENT-AVOID-FREQ ranges=5500-5640
08-10 14:49:15.895  2119  2119 I DownloadManagerWrapper: onReceive() : Charging = true
08-10 14:49:15.895  3192  3192 D AbstractProcessor: onBatteryChange Percent:93 State:2
08-10 14:49:21.915  2119  2119 I DownloadManagerWrapper: onReceive() : Charging = true
08-10 14:49:21.919  3192  3192 D AbstractProcessor: onBatteryChange Percent:93 State:2
08-10 14:49:24.564  2175  2390 I chatty  : uid=10029(com.android.systemui) PhoneStatusBar expire 10 lines
08-10 14:49:26.701  3192  3192 D AbstractProcessor: onBatteryChange Percent:93 State:2
08-10 14:49:26.702  2119  2119 I DownloadManagerWrapper: onReceive() : Charging = true
08-10 14:49:27.792  2119  2119 I DownloadManagerWrapper: onReceive() : Charging = true
08-10 14:49:27.793  3192  3192 D AbstractProcessor: onBatteryChange Percent:93 State:2
08-10 14:49:30.650   814   975 I ThermalEngine: Monitor : quiet_therm = 30, msm_therm = 30, ufs_therm = -40, battery_therm = 291,current_now = -452000
08-10 14:49:32.461   868   868 E Parcel  : Reading a NULL string not supported here.
08-10 14:49:32.461   868   868 E Parcel  : Reading a NULL string not supported here.
08-10 14:49:32.461   868   868 E Parcel  : Reading a NULL string not supported here.
08-10 14:49:32.461   868   868 E Parcel  : Reading a NULL string not supported here.
08-10 14:49:33.678   874  2562 I LOWI-8.1.1.0.c: [LOWI-Scan] lowi_close_record:Scan completed in 98319048ms and Recieved 12 APs scan results
08-10 14:49:33.721   868   868 E Parcel  : Reading a NULL string not supported here.
08-10 14:49:33.721   868   868 E Parcel  : Reading a NULL string not supported here.
08-10 14:49:33.721   868   868 E Parcel  : Reading a NULL string not supported here.
08-10 14:49:33.721   868   868 E Parcel  : Reading a NULL string not supported here.
08-10 14:49:33.722  1381  2045 I chatty  : uid=1000(system) WifiStateMachin expire 11 lines
08-10 14:49:33.775  3192  3192 D AbstractProcessor: onBatteryChange Percent:93 State:2
08-10 14:49:33.781  2119  2119 I DownloadManagerWrapper: onReceive() : Charging = true
08-10 14:49:39.773  2119  2119 I DownloadManagerWrapper: onReceive() : Charging = true
08-10 14:49:39.774  3192  3192 D AbstractProcessor: onBatteryChange Percent:93 State:2
08-10 14:49:45.797  3192  3192 D AbstractProcessor: onBatteryChange Percent:93 State:2
08-10 14:49:45.797  2119  2119 I DownloadManagerWrapper: onReceive() : Charging = true
08-10 14:49:51.119  2175  2390 I chatty  : uid=10029(com.android.systemui) PhoneStatusBar expire 14 lines
08-10 14:49:51.802  3192  3192 D AbstractProcessor: onBatteryChange Percent:93 State:2
08-10 14:49:51.806  2175  2175 I chatty  : uid=10029(com.android.systemui) expire 10 lines
08-10 14:49:51.807  2119  2119 I DownloadManagerWrapper: onReceive() : Charging = true
08-10 14:49:52.311  3163 21742 E Herrevad: [745] RemoteReportsRefreshChimeraService.a: want to send authenticated request, but no Google account on device
08-10 14:49:52.424  2463  2463 D QcrilMsgTunnelIfaceManager: handleMessage what = 0
08-10 14:49:52.427  3503  3503 D QC_RIL_OEM_HOOK: Received Broadcast Intent ACTION_UNSOL_RESPONSE_OEM_HOOK_RAW
08-10 14:49:52.427  2280  2280 D QC_RIL_OEM_HOOK: Received Broadcast Intent ACTION_UNSOL_RESPONSE_OEM_HOOK_RAW
08-10 14:49:52.427  2280  2280 D QC_RIL_OEM_HOOK: Oem ID in QCRILHOOK UNSOL RESP is QOEMHOOK
08-10 14:49:52.427  2280  2280 D QC_RIL_OEM_HOOK: Received Broadcast Intent ACTION_UNSOL_RESPONSE_OEM_HOOK_RAW
08-10 14:49:52.428  2280  2280 D QC_RIL_OEM_HOOK: Oem ID in QCRILHOOK UNSOL RESP is QOEMHOOK
08-10 14:49:52.426  3207  3207 D QC_RIL_OEM_HOOK: Received Broadcast Intent ACTION_UNSOL_RESPONSE_OEM_HOOK_RAW
08-10 14:49:52.428  2280  2280 D QC_RIL_OEM_HOOK: Received Broadcast Intent ACTION_UNSOL_RESPONSE_OEM_HOOK_RAW
08-10 14:49:52.428  2280  2280 D QC_RIL_OEM_HOOK: Oem ID in QCRILHOOK UNSOL RESP is QOEMHOOK
08-10 14:49:52.428  3207  3207 D QC_RIL_OEM_HOOK: Oem ID in QCRILHOOK UNSOL RESP is QOEMHOOK
08-10 14:49:52.428  3503  3503 D QC_RIL_OEM_HOOK: Oem ID in QCRILHOOK UNSOL RESP is QOEMHOOK
08-10 14:49:52.444  3163  3997 E Volley  : [195] BasicNetwork.performRequest: Unexpected response code 307 for https://android.googleapis.com/nova/herrevad/network_quality_info
08-10 14:49:52.445  3163 21742 W Herrevad: [745] RemoteReportsRefreshChimeraService.a: java.util.concurrent.ExecutionException: com.android.volley.ServerError
08-10 14:49:52.445  3163 21742 W Herrevad: java.util.concurrent.ExecutionException: com.android.volley.ServerError
08-10 14:49:52.445  3163 21742 W Herrevad: 	at com.android.volley.toolbox.RequestFuture.a(:com.google.android.gms:3)
08-10 14:49:52.445  3163 21742 W Herrevad: 	at com.android.volley.toolbox.RequestFuture.get(:com.google.android.gms:1)
08-10 14:49:52.445  3163 21742 W Herrevad: 	at com.google.android.gms.herrevad.services.RemoteReportsRefreshChimeraService.a(:com.google.android.gms:24)
08-10 14:49:52.445  3163 21742 W Herrevad: 	at com.google.android.gms.herrevad.services.ImmediateRemoteReportsRefreshChimeraService.onHandleIntent(:com.google.android.gms:0)
08-10 14:49:52.445  3163 21742 W Herrevad: 	at btj.handleMessage(:com.google.android.gms:0)
08-10 14:49:52.445  3163 21742 W Herrevad: 	at android.os.Handler.dispatchMessage(Handler.java:102)
08-10 14:49:52.445  3163 21742 W Herrevad: 	at android.os.Looper.loop(Looper.java:154)
08-10 14:49:52.445  3163 21742 W Herrevad: 	at android.os.HandlerThread.run(HandlerThread.java:61)
08-10 14:49:52.445  3163 21742 W Herrevad: Caused by: com.android.volley.ServerError
08-10 14:49:52.445  3163 21742 W Herrevad: 	at com.android.volley.toolbox.BasicNetwork.performRequest(:com.google.android.gms:36)
08-10 14:49:52.445  3163 21742 W Herrevad: 	at mao.performRequest(:com.google.android.gms:3)
08-10 14:49:52.445  3163 21742 W Herrevad: 	at com.android.volley.NetworkDispatcher.run(:com.google.android.gms:11)
08-10 14:49:57.781  3192  3192 D AbstractProcessor: onBatteryChange Percent:93 State:2
08-10 14:49:57.786  2119  2119 I DownloadManagerWrapper: onReceive() : Charging = true
08-10 14:49:59.193  2567  2567 I wpa_supplicant: wlan0: CTRL-EVENT-AVOID-FREQ ranges=5180-5320,5500-5640
08-10 14:50:03.796  3192  3192 D AbstractProcessor: onBatteryChange Percent:93 State:2
08-10 14:50:03.796  2119  2119 I DownloadManagerWrapper: onReceive() : Charging = true
08-10 14:50:09.774  3192  3192 D AbstractProcessor: onBatteryChange Percent:93 State:2
08-10 14:50:09.775  2119  2119 I DownloadManagerWrapper: onReceive() : Charging = true
08-10 14:50:09.810  2463  2463 D QcrilMsgTunnelIfaceManager: handleMessage what = 0
08-10 14:50:09.816  3503  3503 D QC_RIL_OEM_HOOK: Received Broadcast Intent ACTION_UNSOL_RESPONSE_OEM_HOOK_RAW
08-10 14:50:09.816  2280  2280 D QC_RIL_OEM_HOOK: Received Broadcast Intent ACTION_UNSOL_RESPONSE_OEM_HOOK_RAW
08-10 14:50:09.816  3503  3503 D QC_RIL_OEM_HOOK: Oem ID in QCRILHOOK UNSOL RESP is QOEMHOOK
08-10 14:50:09.817  2280  2280 D QC_RIL_OEM_HOOK: Oem ID in QCRILHOOK UNSOL RESP is QOEMHOOK
08-10 14:50:09.817  2280  2280 D QC_RIL_OEM_HOOK: Received Broadcast Intent ACTION_UNSOL_RESPONSE_OEM_HOOK_RAW
08-10 14:50:09.817  2280  2280 D QC_RIL_OEM_HOOK: Oem ID in QCRILHOOK UNSOL RESP is QOEMHOOK
08-10 14:50:09.817  2280  2280 D QC_RIL_OEM_HOOK: Received Broadcast Intent ACTION_UNSOL_RESPONSE_OEM_HOOK_RAW
08-10 14:50:09.817  2280  2280 D QC_RIL_OEM_HOOK: Oem ID in QCRILHOOK UNSOL RESP is QOEMHOOK
08-10 14:50:09.818  3207  3207 D QC_RIL_OEM_HOOK: Received Broadcast Intent ACTION_UNSOL_RESPONSE_OEM_HOOK_RAW
08-10 14:50:09.818  3207  3207 D QC_RIL_OEM_HOOK: Oem ID in QCRILHOOK UNSOL RESP is QOEMHOOK
08-10 14:50:09.830  2175  2390 I chatty  : uid=10029(com.android.systemui) PhoneStatusBar expire 12 lines
08-10 14:50:15.779  2119  2119 I DownloadManagerWrapper: onReceive() : Charging = true
08-10 14:50:15.785  3192  3192 D AbstractProcessor: onBatteryChange Percent:93 State:2
08-10 14:50:17.507   868   868 E Parcel  : Reading a NULL string not supported here.
08-10 14:50:17.507   868   868 E Parcel  : Reading a NULL string not supported here.
08-10 14:50:17.507   868   868 E Parcel  : Reading a NULL string not supported here.
08-10 14:50:17.507   868   868 E Parcel  : Reading a NULL string not supported here.
08-10 14:50:18.715   874  2562 I LOWI-8.1.1.0.c: [LOWI-Scan] lowi_close_record:Scan completed in 98364085ms and Recieved 11 APs scan results
08-10 14:50:18.768   868   868 E Parcel  : Reading a NULL string not supported here.
08-10 14:50:18.768   868   868 E Parcel  : Reading a NULL string not supported here.
08-10 14:50:18.768   868   868 E Parcel  : Reading a NULL string not supported here.
08-10 14:50:18.768   868   868 E Parcel  : Reading a NULL string not supported here.
08-10 14:50:18.771  1381  2045 I chatty  : uid=1000(system) WifiStateMachin expire 11 lines
08-10 14:50:21.792  2119  2119 I DownloadManagerWrapper: onReceive() : Charging = true
08-10 14:50:21.795  3192  3192 D AbstractProcessor: onBatteryChange Percent:93 State:2
08-10 14:50:25.365  2175  2390 I chatty  : uid=10029(com.android.systemui) PhoneStatusBar expire 15 lines
08-10 14:50:27.797  2119  2119 I DownloadManagerWrapper: onReceive() : Charging = true
08-10 14:50:27.798  3192  3192 D AbstractProcessor: onBatteryChange Percent:93 State:2
08-10 14:50:30.690   814   975 I ThermalEngine: Monitor : quiet_therm = 30, msm_therm = 30, ufs_therm = -40, battery_therm = 291,current_now = -454000
08-10 14:50:33.742  3192  3192 D AbstractProcessor: onBatteryChange Percent:93 State:2
08-10 14:50:33.750  2119  2119 I DownloadManagerWrapper: onReceive() : Charging = true
08-10 14:50:45.789  3192  3192 D AbstractProcessor: onBatteryChange Percent:93 State:2
08-10 14:50:45.789  2119  2119 I DownloadManagerWrapper: onReceive() : Charging = true
08-10 14:50:48.330  3192  3192 D AbstractProcessor: onBatteryChange Percent:93 State:2
08-10 14:50:48.331  2119  2119 I DownloadManagerWrapper: onReceive() : Charging = true
08-10 14:50:54.484  2175  2390 I chatty  : uid=10029(com.android.systemui) PhoneStatusBar expire 21 lines
08-10 14:50:54.704  1381  3400 I chatty  : uid=1000(system) Binder:1381_D expire 12 lines
08-10 14:50:54.711  3163 21781 E Herrevad: [746] RemoteReportsRefreshChimeraService.a: want to send authenticated request, but no Google account on device
08-10 14:50:54.882  3163  4002 E Volley  : [199] BasicNetwork.performRequest: Unexpected response code 307 for https://android.googleapis.com/nova/herrevad/network_quality_info
08-10 14:50:54.883  3163 21781 W Herrevad: [746] RemoteReportsRefreshChimeraService.a: java.util.concurrent.ExecutionException: com.android.volley.ServerError
08-10 14:50:54.883  3163 21781 W Herrevad: java.util.concurrent.ExecutionException: com.android.volley.ServerError
08-10 14:50:54.883  3163 21781 W Herrevad: 	at com.android.volley.toolbox.RequestFuture.a(:com.google.android.gms:3)
08-10 14:50:54.883  3163 21781 W Herrevad: 	at com.android.volley.toolbox.RequestFuture.get(:com.google.android.gms:1)
08-10 14:50:54.883  3163 21781 W Herrevad: 	at com.google.android.gms.herrevad.services.RemoteReportsRefreshChimeraService.a(:com.google.android.gms:24)
08-10 14:50:54.883  3163 21781 W Herrevad: 	at com.google.android.gms.herrevad.services.ImmediateRemoteReportsRefreshChimeraService.onHandleIntent(:com.google.android.gms:0)
08-10 14:50:54.883  3163 21781 W Herrevad: 	at btj.handleMessage(:com.google.android.gms:0)
08-10 14:50:54.883  3163 21781 W Herrevad: 	at android.os.Handler.dispatchMessage(Handler.java:102)
08-10 14:50:54.883  3163 21781 W Herrevad: 	at android.os.Looper.loop(Looper.java:154)
08-10 14:50:54.883  3163 21781 W Herrevad: 	at android.os.HandlerThread.run(HandlerThread.java:61)
08-10 14:50:54.883  3163 21781 W Herrevad: Caused by: com.android.volley.ServerError
08-10 14:50:54.883  3163 21781 W Herrevad: 	at com.android.volley.toolbox.BasicNetwork.performRequest(:com.google.android.gms:36)
08-10 14:50:54.883  3163 21781 W Herrevad: 	at mao.performRequest(:com.google.android.gms:3)
08-10 14:50:54.883  3163 21781 W Herrevad: 	at com.android.volley.NetworkDispatcher.run(:com.google.android.gms:11)
08-10 14:50:54.920  2463  2463 D QcrilMsgTunnelIfaceManager: handleMessage what = 0
08-10 14:50:54.922  2280  2280 D QC_RIL_OEM_HOOK: Received Broadcast Intent ACTION_UNSOL_RESPONSE_OEM_HOOK_RAW
08-10 14:50:54.922  2280  2280 D QC_RIL_OEM_HOOK: Oem ID in QCRILHOOK UNSOL RESP is QOEMHOOK
08-10 14:50:54.922  2280  2280 D QC_RIL_OEM_HOOK: Received Broadcast Intent ACTION_UNSOL_RESPONSE_OEM_HOOK_RAW
08-10 14:50:54.922  2280  2280 D QC_RIL_OEM_HOOK: Oem ID in QCRILHOOK UNSOL RESP is QOEMHOOK
08-10 14:50:54.923  2280  2280 D QC_RIL_OEM_HOOK: Received Broadcast Intent ACTION_UNSOL_RESPONSE_OEM_HOOK_RAW
08-10 14:50:54.923  2280  2280 D QC_RIL_OEM_HOOK: Oem ID in QCRILHOOK UNSOL RESP is QOEMHOOK
08-10 14:50:54.923  3207  3207 D QC_RIL_OEM_HOOK: Received Broadcast Intent ACTION_UNSOL_RESPONSE_OEM_HOOK_RAW
08-10 14:50:54.923  3207  3207 D QC_RIL_OEM_HOOK: Oem ID in QCRILHOOK UNSOL RESP is QOEMHOOK
08-10 14:50:54.923  3503  3503 D QC_RIL_OEM_HOOK: Received Broadcast Intent ACTION_UNSOL_RESPONSE_OEM_HOOK_RAW
08-10 14:50:54.923  3503  3503 D QC_RIL_OEM_HOOK: Oem ID in QCRILHOOK UNSOL RESP is QOEMHOOK
08-10 14:50:57.782  2175  2175 I chatty  : uid=10029(com.android.systemui) expire 10 lines
08-10 14:50:57.784  2119  2119 I DownloadManagerWrapper: onReceive() : Charging = true
08-10 14:50:57.787  3192  3192 D AbstractProcessor: onBatteryChange Percent:93 State:2
08-10 14:51:02.550  1381  2561 I chatty  : uid=1000(system) Thread-7 expire 11 lines
08-10 14:51:02.554   868   868 E Parcel  : Reading a NULL string not supported here.
08-10 14:51:02.554   868   868 E Parcel  : Reading a NULL string not supported here.
08-10 14:51:02.554   868   868 E Parcel  : Reading a NULL string not supported here.
08-10 14:51:02.554   868   868 E Parcel  : Reading a NULL string not supported here.
08-10 14:51:03.773   874  2562 I LOWI-8.1.1.0.c: [LOWI-Scan] lowi_close_record:Scan completed in 98409143ms and Recieved 14 APs scan results
08-10 14:51:03.788  3192  3192 D AbstractProcessor: onBatteryChange Percent:93 State:2
08-10 14:51:03.793  2119  2119 I DownloadManagerWrapper: onReceive() : Charging = true
08-10 14:51:03.822   868   868 E Parcel  : Reading a NULL string not supported here.
08-10 14:51:03.822   868   868 E Parcel  : Reading a NULL string not supported here.
08-10 14:51:03.822   868   868 E Parcel  : Reading a NULL string not supported here.
08-10 14:51:03.822   868   868 E Parcel  : Reading a NULL string not supported here.
08-10 14:51:03.825  1381  2045 I chatty  : uid=1000(system) WifiStateMachin expire 11 lines
08-10 14:51:09.773  2119  2119 I DownloadManagerWrapper: onReceive() : Charging = true
08-10 14:51:09.783  3192  3192 D AbstractProcessor: onBatteryChange Percent:93 State:2
08-10 14:51:14.149  2463  2463 D QcrilMsgTunnelIfaceManager: handleMessage what = 0
08-10 14:51:14.154  3207  3207 D QC_RIL_OEM_HOOK: Received Broadcast Intent ACTION_UNSOL_RESPONSE_OEM_HOOK_RAW
08-10 14:51:14.154  3207  3207 D QC_RIL_OEM_HOOK: Oem ID in QCRILHOOK UNSOL RESP is QOEMHOOK
08-10 14:51:14.154  2280  2280 D QC_RIL_OEM_HOOK: Received Broadcast Intent ACTION_UNSOL_RESPONSE_OEM_HOOK_RAW
08-10 14:51:14.155  2280  2280 D QC_RIL_OEM_HOOK: Oem ID in QCRILHOOK UNSOL RESP is QOEMHOOK
08-10 14:51:14.155  3503  3503 D QC_RIL_OEM_HOOK: Received Broadcast Intent ACTION_UNSOL_RESPONSE_OEM_HOOK_RAW
08-10 14:51:14.155  2280  2280 D QC_RIL_OEM_HOOK: Received Broadcast Intent ACTION_UNSOL_RESPONSE_OEM_HOOK_RAW
08-10 14:51:14.155  3503  3503 D QC_RIL_OEM_HOOK: Oem ID in QCRILHOOK UNSOL RESP is QOEMHOOK
08-10 14:51:14.155  2280  2280 D QC_RIL_OEM_HOOK: Oem ID in QCRILHOOK UNSOL RESP is QOEMHOOK
08-10 14:51:14.155  2280  2280 D QC_RIL_OEM_HOOK: Received Broadcast Intent ACTION_UNSOL_RESPONSE_OEM_HOOK_RAW
08-10 14:51:14.155  2280  2280 D QC_RIL_OEM_HOOK: Oem ID in QCRILHOOK UNSOL RESP is QOEMHOOK
08-10 14:51:15.788  3192  3192 D AbstractProcessor: onBatteryChange Percent:93 State:2
08-10 14:51:15.792  2119  2119 I DownloadManagerWrapper: onReceive() : Charging = true
08-10 14:51:19.436  2175  2390 I chatty  : uid=10029(com.android.systemui) PhoneStatusBar expire 12 lines
08-10 14:51:21.806  3192  3192 D AbstractProcessor: onBatteryChange Percent:93 State:2
08-10 14:51:21.807  2119  2119 I DownloadManagerWrapper: onReceive() : Charging = true
08-10 14:51:27.791  3192  3192 D AbstractProcessor: onBatteryChange Percent:93 State:2
08-10 14:51:27.791  2119  2119 I DownloadManagerWrapper: onReceive() : Charging = true
08-10 14:51:30.729   814   975 I ThermalEngine: Monitor : quiet_therm = 30, msm_therm = 31, ufs_therm = -40, battery_therm = 291,current_now = -355000
08-10 14:51:37.365  2175  2390 I chatty  : uid=10029(com.android.systemui) PhoneStatusBar expire 11 lines
08-10 14:51:45.794  3192  3192 D AbstractProcessor: onBatteryChange Percent:93 State:2
08-10 14:51:45.796  2119  2119 I DownloadManagerWrapper: onReceive() : Charging = true
08-10 14:51:47.601   868   868 E Parcel  : Reading a NULL string not supported here.
08-10 14:51:47.602   868   868 E Parcel  : Reading a NULL string not supported here.
08-10 14:51:47.602   868   868 E Parcel  : Reading a NULL string not supported here.
08-10 14:51:47.602   868   868 E Parcel  : Reading a NULL string not supported here.
08-10 14:51:48.574  2175  2390 I chatty  : uid=10029(com.android.systemui) PhoneStatusBar expire 13 lines
08-10 14:51:48.782   874  2562 I LOWI-8.1.1.0.c: [LOWI-Scan] lowi_close_record:Scan completed in 98454152ms and Recieved 11 APs scan results
08-10 14:51:48.828  1381  2049 I chatty  : uid=1000(system) WifiScanningSer expire 10 lines
08-10 14:51:48.831   868   868 E Parcel  : Reading a NULL string not supported here.
08-10 14:51:48.831   868   868 E Parcel  : Reading a NULL string not supported here.
08-10 14:51:48.831   868   868 E Parcel  : Reading a NULL string not supported here.
08-10 14:51:48.831   868   868 E Parcel  : Reading a NULL string not supported here.
08-10 14:51:48.832  1381  2045 I chatty  : uid=1000(system) WifiStateMachin expire 11 lines
08-10 14:51:51.793  2119  2119 I DownloadManagerWrapper: onReceive() : Charging = true
08-10 14:51:51.793  3192  3192 D AbstractProcessor: onBatteryChange Percent:93 State:2
08-10 14:51:54.787  3163 21823 E Herrevad: [747] RemoteReportsRefreshChimeraService.a: want to send authenticated request, but no Google account on device
08-10 14:51:54.952  3163  3999 E Volley  : [197] BasicNetwork.performRequest: Unexpected response code 307 for https://android.googleapis.com/nova/herrevad/network_quality_info
08-10 14:51:54.954  3163 21823 W Herrevad: [747] RemoteReportsRefreshChimeraService.a: java.util.concurrent.ExecutionException: com.android.volley.ServerError
08-10 14:51:54.954  3163 21823 W Herrevad: java.util.concurrent.ExecutionException: com.android.volley.ServerError
08-10 14:51:54.954  3163 21823 W Herrevad: 	at com.android.volley.toolbox.RequestFuture.a(:com.google.android.gms:3)
08-10 14:51:54.954  3163 21823 W Herrevad: 	at com.android.volley.toolbox.RequestFuture.get(:com.google.android.gms:1)
08-10 14:51:54.954  3163 21823 W Herrevad: 	at com.google.android.gms.herrevad.services.RemoteReportsRefreshChimeraService.a(:com.google.android.gms:24)
08-10 14:51:54.954  3163 21823 W Herrevad: 	at com.google.android.gms.herrevad.services.ImmediateRemoteReportsRefreshChimeraService.onHandleIntent(:com.google.android.gms:0)
08-10 14:51:54.954  3163 21823 W Herrevad: 	at btj.handleMessage(:com.google.android.gms:0)
08-10 14:51:54.954  3163 21823 W Herrevad: 	at android.os.Handler.dispatchMessage(Handler.java:102)
08-10 14:51:54.954  3163 21823 W Herrevad: 	at android.os.Looper.loop(Looper.java:154)
08-10 14:51:54.954  3163 21823 W Herrevad: 	at android.os.HandlerThread.run(HandlerThread.java:61)
08-10 14:51:54.954  3163 21823 W Herrevad: Caused by: com.android.volley.ServerError
08-10 14:51:54.954  3163 21823 W Herrevad: 	at com.android.volley.toolbox.BasicNetwork.performRequest(:com.google.android.gms:36)
08-10 14:51:54.954  3163 21823 W Herrevad: 	at mao.performRequest(:com.google.android.gms:3)
08-10 14:51:54.954  3163 21823 W Herrevad: 	at com.android.volley.NetworkDispatcher.run(:com.google.android.gms:11)
08-10 14:51:54.983  2463  2463 D QcrilMsgTunnelIfaceManager: handleMessage what = 0
08-10 14:51:54.985  2280  2280 D QC_RIL_OEM_HOOK: Received Broadcast Intent ACTION_UNSOL_RESPONSE_OEM_HOOK_RAW
08-10 14:51:54.985  2280  2280 D QC_RIL_OEM_HOOK: Oem ID in QCRILHOOK UNSOL RESP is QOEMHOOK
08-10 14:51:54.985  2280  2280 D QC_RIL_OEM_HOOK: Received Broadcast Intent ACTION_UNSOL_RESPONSE_OEM_HOOK_RAW
08-10 14:51:54.985  2280  2280 D QC_RIL_OEM_HOOK: Oem ID in QCRILHOOK UNSOL RESP is QOEMHOOK
08-10 14:51:54.985  2280  2280 D QC_RIL_OEM_HOOK: Received Broadcast Intent ACTION_UNSOL_RESPONSE_OEM_HOOK_RAW
08-10 14:51:54.985  2280  2280 D QC_RIL_OEM_HOOK: Oem ID in QCRILHOOK UNSOL RESP is QOEMHOOK
08-10 14:51:54.985  3207  3207 D QC_RIL_OEM_HOOK: Received Broadcast Intent ACTION_UNSOL_RESPONSE_OEM_HOOK_RAW
08-10 14:51:54.985  3207  3207 D QC_RIL_OEM_HOOK: Oem ID in QCRILHOOK UNSOL RESP is QOEMHOOK
08-10 14:51:54.985  3503  3503 D QC_RIL_OEM_HOOK: Received Broadcast Intent ACTION_UNSOL_RESPONSE_OEM_HOOK_RAW
08-10 14:51:54.986  3503  3503 D QC_RIL_OEM_HOOK: Oem ID in QCRILHOOK UNSOL RESP is QOEMHOOK
08-10 14:51:57.793  2119  2119 I DownloadManagerWrapper: onReceive() : Charging = true
08-10 14:51:57.795  3192  3192 D AbstractProcessor: onBatteryChange Percent:93 State:2
08-10 14:52:03.782  3192  3192 D AbstractProcessor: onBatteryChange Percent:93 State:2
08-10 14:52:03.783  2119  2119 I DownloadManagerWrapper: onReceive() : Charging = true
08-10 14:52:04.340  2175  2390 I chatty  : uid=10029(com.android.systemui) PhoneStatusBar expire 15 lines
08-10 14:52:09.793  2175  2175 I chatty  : uid=10029(com.android.systemui) expire 10 lines
08-10 14:52:09.797  2119  2119 I DownloadManagerWrapper: onReceive() : Charging = true
08-10 14:52:09.811  3192  3192 D AbstractProcessor: onBatteryChange Percent:93 State:2
08-10 14:52:13.992  2463  2463 D QcrilMsgTunnelIfaceManager: handleMessage what = 0
08-10 14:52:13.997  2280  2280 D QC_RIL_OEM_HOOK: Received Broadcast Intent ACTION_UNSOL_RESPONSE_OEM_HOOK_RAW
08-10 14:52:13.998  3503  3503 D QC_RIL_OEM_HOOK: Received Broadcast Intent ACTION_UNSOL_RESPONSE_OEM_HOOK_RAW
08-10 14:52:13.998  2280  2280 D QC_RIL_OEM_HOOK: Oem ID in QCRILHOOK UNSOL RESP is QOEMHOOK
