08-10 14:57:46.324  2175  2390 D NetworkController.MobileSignalController(2): onSignalStrengthsChanged signalStrength=SignalStrength: 99 0 -120 -160 -120 -1 -1 21 -97 -7 134 2147483647 2147483647 4 4 gsm|lte level=4 voicelevel=4 datalevel=4
08-10 14:57:46.328  2175  2390 I NetworkController.MobileSignalController(2):  showDisableIcon:false
08-10 14:57:46.333  2175  2390 D NetworkController.MobileSignalController(2): getSlotProvisionStatus slotId: 0, status = 1
08-10 14:57:47.926  1381  2561 I chatty  : uid=1000(system) Thread-7 expire 10 lines
08-10 14:57:47.932   868   868 E Parcel  : Reading a NULL string not supported here.
08-10 14:57:47.932   868   868 E Parcel  : Reading a NULL string not supported here.
08-10 14:57:47.932   868   868 E Parcel  : Reading a NULL string not supported here.
08-10 14:57:47.932   868   868 E Parcel  : Reading a NULL string not supported here.
08-10 14:57:48.564  2175  2390 D NetworkController.MobileSignalController(2): onSignalStrengthsChanged signalStrength=SignalStrength: 99 0 -120 -160 -120 -1 -1 23 -98 -12 142 2147483647 2147483647 4 4 gsm|lte level=4 voicelevel=4 datalevel=4
08-10 14:57:48.568  2175  2390 I NetworkController.MobileSignalController(2):  showDisableIcon:false
08-10 14:57:48.572  2175  2390 D NetworkController.MobileSignalController(2): getSlotProvisionStatus slotId: 0, status = 1
08-10 14:57:49.142   874  2562 I LOWI-8.1.1.0.c: [LOWI-Scan] lowi_close_record:Scan completed in 98814512ms and Recieved 9 APs scan results
08-10 14:57:49.212   868   868 E Parcel  : Reading a NULL string not supported here.
08-10 14:57:49.212   868   868 E Parcel  : Reading a NULL string not supported here.
08-10 14:57:49.212   868   868 E Parcel  : Reading a NULL string not supported here.
08-10 14:57:49.212   868   868 E Parcel  : Reading a NULL string not supported here.
08-10 14:57:49.212  1381  2045 I chatty  : uid=1000(system) WifiStateMachin expire 11 lines
08-10 14:57:50.030  1381  2934 I chatty  : uid=1000(system) Binder:1381_A expire 7 lines
08-10 14:57:51.786  2175  2175 I BatteryController:  fireBatteryLevelChanged mLevel:95 PluggedIn:true Charging:true Fastcharge:false show:false style:0
08-10 14:57:51.794  3192  3192 D AbstractProcessor: onBatteryChange Percent:95 State:2
08-10 14:57:51.796  2119  2119 I DownloadManagerWrapper: onReceive() : Charging = true
08-10 14:57:55.284  2175  2390 D NetworkController.MobileSignalController(2): onSignalStrengthsChanged signalStrength=SignalStrength: 99 0 -120 -160 -120 -1 -1 21 -97 -9 144 2147483647 2147483647 4 4 gsm|lte level=4 voicelevel=4 datalevel=4
08-10 14:57:55.288  2175  2390 I NetworkController.MobileSignalController(2):  showDisableIcon:false
08-10 14:57:55.292  2175  2390 D NetworkController.MobileSignalController(2): getSlotProvisionStatus slotId: 0, status = 1
08-10 14:57:59.765  2175  2390 D NetworkController.MobileSignalController(2): onSignalStrengthsChanged signalStrength=SignalStrength: 99 0 -120 -160 -120 -1 -1 23 -98 -12 118 2147483647 2147483647 4 4 gsm|lte level=4 voicelevel=4 datalevel=4
08-10 14:57:59.771  2175  2390 I NetworkController.MobileSignalController(2):  showDisableIcon:false
08-10 14:57:59.774  2175  2390 D NetworkController.MobileSignalController(2): getSlotProvisionStatus slotId: 0, status = 1
08-10 14:58:03.793  3192  3192 D AbstractProcessor: onBatteryChange Percent:95 State:2
08-10 14:58:03.795  2175  2175 I BatteryController:  fireBatteryLevelChanged mLevel:95 PluggedIn:true Charging:true Fastcharge:false show:false style:0
08-10 14:58:03.795  2119  2119 I DownloadManagerWrapper: onReceive() : Charging = true
08-10 14:58:04.244  2175  2390 D NetworkController.MobileSignalController(2): onSignalStrengthsChanged signalStrength=SignalStrength: 99 0 -120 -160 -120 -1 -1 21 -97 -8 92 2147483647 2147483647 4 4 gsm|lte level=4 voicelevel=4 datalevel=4
08-10 14:58:04.249  2175  2390 I NetworkController.MobileSignalController(2):  showDisableIcon:false
08-10 14:58:04.252  2175  2390 D NetworkController.MobileSignalController(2): getSlotProvisionStatus slotId: 0, status = 1
08-10 14:58:06.485  2175  2390 D NetworkController.MobileSignalController(2): onSignalStrengthsChanged signalStrength=SignalStrength: 99 0 -120 -160 -120 -1 -1 22 -98 -10 32 2147483647 2147483647 4 4 gsm|lte level=4 voicelevel=4 datalevel=4
08-10 14:58:06.489  2175  2390 I NetworkController.MobileSignalController(2):  showDisableIcon:false
08-10 14:58:06.493  2175  2390 D NetworkController.MobileSignalController(2): getSlotProvisionStatus slotId: 0, status = 1
08-10 14:58:13.206  2175  2390 D NetworkController.MobileSignalController(2): onSignalStrengthsChanged signalStrength=SignalStrength: 99 0 -120 -160 -120 -1 -1 22 -101 -12 150 2147483647 2147483647 4 4 gsm|lte level=4 voicelevel=4 datalevel=4
08-10 14:58:13.211  2175  2390 I NetworkController.MobileSignalController(2):  showDisableIcon:false
08-10 14:58:13.215  2175  2390 D NetworkController.MobileSignalController(2): getSlotProvisionStatus slotId: 0, status = 1
08-10 14:58:15.443  2175  2390 D NetworkController.MobileSignalController(2): onSignalStrengthsChanged signalStrength=SignalStrength: 99 0 -120 -160 -120 -1 -1 18 -102 -7 132 2147483647 2147483647 4 4 gsm|lte level=4 voicelevel=4 datalevel=4
08-10 14:58:15.448  2175  2390 I NetworkController.MobileSignalController(2):  showDisableIcon:false
08-10 14:58:15.450  2175  2390 D NetworkController.MobileSignalController(2): getSlotProvisionStatus slotId: 0, status = 1
08-10 14:58:15.785  2119  2119 I DownloadManagerWrapper: onReceive() : Charging = true
08-10 14:58:15.786  2175  2175 I BatteryController:  fireBatteryLevelChanged mLevel:95 PluggedIn:true Charging:true Fastcharge:false show:false style:0
08-10 14:58:15.787  3192  3192 D AbstractProcessor: onBatteryChange Percent:95 State:2
08-10 14:58:21.790  2119  2119 I DownloadManagerWrapper: onReceive() : Charging = true
08-10 14:58:21.791  2175  2175 I BatteryController:  fireBatteryLevelChanged mLevel:95 PluggedIn:true Charging:true Fastcharge:false show:false style:0
08-10 14:58:21.794  3192  3192 D AbstractProcessor: onBatteryChange Percent:95 State:2
08-10 14:58:22.155  2175  2390 D NetworkController.MobileSignalController(2): onSignalStrengthsChanged signalStrength=SignalStrength: 99 0 -120 -160 -120 -1 -1 21 -102 -11 130 2147483647 2147483647 4 4 gsm|lte level=4 voicelevel=4 datalevel=4
08-10 14:58:22.160  2175  2390 I NetworkController.MobileSignalController(2):  showDisableIcon:false
08-10 14:58:22.163  2175  2390 D NetworkController.MobileSignalController(2): getSlotProvisionStatus slotId: 0, status = 1
08-10 14:58:24.444  1381  1435 I chatty  : uid=1000(system) ActivityManager expire 15 lines
08-10 14:58:24.601  3163 22032 E Herrevad: [753] RemoteReportsRefreshChimeraService.a: want to send authenticated request, but no Google account on device
08-10 14:58:24.605  1381  6431 I chatty  : uid=1000(system) Binder:1381_11 expire 6 lines
08-10 14:58:24.831  3163  4005 E Volley  : [201] BasicNetwork.performRequest: Unexpected response code 307 for https://android.googleapis.com/nova/herrevad/network_quality_info
08-10 14:58:24.832  3163 22032 W Herrevad: [753] RemoteReportsRefreshChimeraService.a: java.util.concurrent.ExecutionException: com.android.volley.ServerError
08-10 14:58:24.832  3163 22032 W Herrevad: java.util.concurrent.ExecutionException: com.android.volley.ServerError
08-10 14:58:24.832  3163 22032 W Herrevad: 	at com.android.volley.toolbox.RequestFuture.a(:com.google.android.gms:3)
08-10 14:58:24.832  3163 22032 W Herrevad: 	at com.android.volley.toolbox.RequestFuture.get(:com.google.android.gms:1)
08-10 14:58:24.832  3163 22032 W Herrevad: 	at com.google.android.gms.herrevad.services.RemoteReportsRefreshChimeraService.a(:com.google.android.gms:24)
08-10 14:58:24.832  3163 22032 W Herrevad: 	at com.google.android.gms.herrevad.services.ImmediateRemoteReportsRefreshChimeraService.onHandleIntent(:com.google.android.gms:0)
08-10 14:58:24.832  3163 22032 W Herrevad: 	at btj.handleMessage(:com.google.android.gms:0)
08-10 14:58:24.832  3163 22032 W Herrevad: 	at android.os.Handler.dispatchMessage(Handler.java:102)
08-10 14:58:24.832  3163 22032 W Herrevad: 	at android.os.Looper.loop(Looper.java:154)
08-10 14:58:24.832  3163 22032 W Herrevad: 	at android.os.HandlerThread.run(HandlerThread.java:61)
08-10 14:58:24.832  3163 22032 W Herrevad: Caused by: com.android.volley.ServerError
08-10 14:58:24.832  3163 22032 W Herrevad: 	at com.android.volley.toolbox.BasicNetwork.performRequest(:com.google.android.gms:36)
08-10 14:58:24.832  3163 22032 W Herrevad: 	at mao.performRequest(:com.google.android.gms:3)
08-10 14:58:24.832  3163 22032 W Herrevad: 	at com.android.volley.NetworkDispatcher.run(:com.google.android.gms:11)
08-10 14:58:24.871  2463  2463 D QcrilMsgTunnelIfaceManager: handleMessage what = 0
08-10 14:58:24.876  3207  3207 D QC_RIL_OEM_HOOK: Received Broadcast Intent ACTION_UNSOL_RESPONSE_OEM_HOOK_RAW
08-10 14:58:24.877  3207  3207 D QC_RIL_OEM_HOOK: Oem ID in QCRILHOOK UNSOL RESP is QOEMHOOK
08-10 14:58:24.877  2280  2280 D QC_RIL_OEM_HOOK: Received Broadcast Intent ACTION_UNSOL_RESPONSE_OEM_HOOK_RAW
08-10 14:58:24.877  2280  2280 D QC_RIL_OEM_HOOK: Oem ID in QCRILHOOK UNSOL RESP is QOEMHOOK
08-10 14:58:24.878  2280  2280 D QC_RIL_OEM_HOOK: Received Broadcast Intent ACTION_UNSOL_RESPONSE_OEM_HOOK_RAW
08-10 14:58:24.878  2280  2280 D QC_RIL_OEM_HOOK: Oem ID in QCRILHOOK UNSOL RESP is QOEMHOOK
08-10 14:58:24.878  2280  2280 D QC_RIL_OEM_HOOK: Received Broadcast Intent ACTION_UNSOL_RESPONSE_OEM_HOOK_RAW
08-10 14:58:24.878  2280  2280 D QC_RIL_OEM_HOOK: Oem ID in QCRILHOOK UNSOL RESP is QOEMHOOK
08-10 14:58:24.879  3503  3503 D QC_RIL_OEM_HOOK: Received Broadcast Intent ACTION_UNSOL_RESPONSE_OEM_HOOK_RAW
08-10 14:58:24.879  3503  3503 D QC_RIL_OEM_HOOK: Oem ID in QCRILHOOK UNSOL RESP is QOEMHOOK
08-10 14:58:24.891  2175  2390 D NetworkController.MobileSignalController(2): onSignalStrengthsChanged signalStrength=SignalStrength: 99 0 -120 -160 -120 -1 -1 21 -102 -11 130 2147483647 2147483647 4 4 gsm|lte level=4 voicelevel=4 datalevel=4
08-10 14:58:24.895  2175  2390 I NetworkController.MobileSignalController(2):  showDisableIcon:false
08-10 14:58:24.896  2175  2390 D NetworkController.MobileSignalController(2): getSlotProvisionStatus slotId: 0, status = 1
08-10 14:58:26.115  3192  3192 D AbstractProcessor: onBatteryChange Percent:95 State:2
08-10 14:58:26.116  2119  2119 I DownloadManagerWrapper: onReceive() : Charging = true
08-10 14:58:26.118  2175  2175 I BatteryController:  fireBatteryLevelChanged mLevel:95 PluggedIn:true Charging:true Fastcharge:false show:false style:0
08-10 14:58:26.491  2175  2390 D NetworkController.MobileSignalController(2): onSignalStrengthsChanged signalStrength=SignalStrength: 99 0 -120 -160 -120 -1 -1 21 -102 -11 130 2147483647 2147483647 3 4 gsm|lte level=4 voicelevel=3 datalevel=4
08-10 14:58:26.497  2175  2390 I NetworkController.MobileSignalController(2):  showDisableIcon:false
08-10 14:58:26.502  2175  2390 D NetworkController.MobileSignalController(2): getSlotProvisionStatus slotId: 0, status = 1
08-10 14:58:26.502  2175  2390 D NetworkController.MobileSignalController(2): onSignalStrengthsChanged signalStrength=SignalStrength: 99 0 -120 -160 -120 -1 -1 21 -102 -11 130 2147483647 2147483647 3 3 gsm|lte level=3 voicelevel=3 datalevel=3
08-10 14:58:26.508  2175  2390 I NetworkController.MobileSignalController(2):  showDisableIcon:false
08-10 14:58:26.512  2175  2390 D NetworkController.MobileSignalController(2): getSlotProvisionStatus slotId: 0, status = 1
08-10 14:58:27.802  2175  2175 I BatteryController:  fireBatteryLevelChanged mLevel:95 PluggedIn:true Charging:true Fastcharge:false show:false style:0
08-10 14:58:27.808  2119  2119 I DownloadManagerWrapper: onReceive() : Charging = true
08-10 14:58:27.810  3192  3192 D AbstractProcessor: onBatteryChange Percent:95 State:2
08-10 14:58:31.021   814   975 I ThermalEngine: Monitor : quiet_therm = 30, msm_therm = 30, ufs_therm = -40, battery_therm = 291,current_now = -415000
08-10 14:58:31.219  2175  2390 D NetworkController.MobileSignalController(2): onSignalStrengthsChanged signalStrength=SignalStrength: 99 0 -120 -160 -120 -1 -1 20 -103 -9 126 2147483647 2147483647 3 3 gsm|lte level=3 voicelevel=3 datalevel=3
08-10 14:58:31.224  2175  2390 I NetworkController.MobileSignalController(2):  showDisableIcon:false
08-10 14:58:31.228  2175  2390 D NetworkController.MobileSignalController(2): getSlotProvisionStatus slotId: 0, status = 1
08-10 14:58:32.983   868   868 E Parcel  : Reading a NULL string not supported here.
08-10 14:58:32.983   868   868 E Parcel  : Reading a NULL string not supported here.
08-10 14:58:32.983   868   868 E Parcel  : Reading a NULL string not supported here.
08-10 14:58:32.983   868   868 E Parcel  : Reading a NULL string not supported here.
08-10 14:58:33.870  2175  2175 I BatteryController:  fireBatteryLevelChanged mLevel:95 PluggedIn:true Charging:true Fastcharge:false show:false style:0
08-10 14:58:33.870  2119  2119 I DownloadManagerWrapper: onReceive() : Charging = true
08-10 14:58:33.871  3192  3192 D AbstractProcessor: onBatteryChange Percent:95 State:2
08-10 14:58:34.186   874  2562 I LOWI-8.1.1.0.c: [LOWI-Scan] lowi_close_record:Scan completed in 98859556ms and Recieved 7 APs scan results
08-10 14:58:34.240   868   868 E Parcel  : Reading a NULL string not supported here.
08-10 14:58:34.240   868   868 E Parcel  : Reading a NULL string not supported here.
08-10 14:58:34.241   868   868 E Parcel  : Reading a NULL string not supported here.
08-10 14:58:34.241   868   868 E Parcel  : Reading a NULL string not supported here.
08-10 14:58:34.248  1381  2045 I chatty  : uid=1000(system) WifiStateMachin expire 11 lines
08-10 14:58:34.912  1381  2396 I chatty  : uid=1000(system) Binder:1381_7 expire 3 lines
08-10 14:58:37.941  2175  2390 D NetworkController.MobileSignalController(2): onSignalStrengthsChanged signalStrength=SignalStrength: 99 0 -120 -160 -120 -1 -1 17 -102 -5 126 2147483647 2147483647 3 3 gsm|lte level=3 voicelevel=3 datalevel=3
08-10 14:58:37.945  2175  2390 I NetworkController.MobileSignalController(2):  showDisableIcon:false
08-10 14:58:37.948  2175  2390 D NetworkController.MobileSignalController(2): getSlotProvisionStatus slotId: 0, status = 1
08-10 14:58:39.877  3192  3192 D AbstractProcessor: onBatteryChange Percent:95 State:2
08-10 14:58:39.877  2175  2175 I BatteryController:  fireBatteryLevelChanged mLevel:95 PluggedIn:true Charging:true Fastcharge:false show:false style:0
08-10 14:58:39.881  2119  2119 I DownloadManagerWrapper: onReceive() : Charging = true
08-10 14:58:40.178  2175  2390 D NetworkController.MobileSignalController(2): onSignalStrengthsChanged signalStrength=SignalStrength: 99 0 -120 -160 -120 -1 -1 19 -102 -9 116 2147483647 2147483647 3 3 gsm|lte level=3 voicelevel=3 datalevel=3
08-10 14:58:40.183  2175  2390 I NetworkController.MobileSignalController(2):  showDisableIcon:false
08-10 14:58:40.186  2175  2390 D NetworkController.MobileSignalController(2): getSlotProvisionStatus slotId: 0, status = 1
08-10 14:58:42.100  2175  2390 D NetworkController.MobileSignalController(2): onSignalStrengthsChanged signalStrength=SignalStrength: 99 0 -120 -160 -120 -1 -1 21 -102 -10 38 2147483647 2147483647 3 3 gsm|lte level=3 voicelevel=3 datalevel=3
08-10 14:58:42.104  2175  2390 I NetworkController.MobileSignalController(2):  showDisableIcon:false
08-10 14:58:42.106  2175  2390 D NetworkController.MobileSignalController(2): getSlotProvisionStatus slotId: 0, status = 1
08-10 14:58:42.156  2463  2463 D QcrilMsgTunnelIfaceManager: handleMessage what = 0
08-10 14:58:42.160  2280  2280 D QC_RIL_OEM_HOOK: Received Broadcast Intent ACTION_UNSOL_RESPONSE_OEM_HOOK_RAW
08-10 14:58:42.160  2280  2280 D QC_RIL_OEM_HOOK: Oem ID in QCRILHOOK UNSOL RESP is QOEMHOOK
08-10 14:58:42.161  2280  2280 D QC_RIL_OEM_HOOK: Received Broadcast Intent ACTION_UNSOL_RESPONSE_OEM_HOOK_RAW
08-10 14:58:42.161  2280  2280 D QC_RIL_OEM_HOOK: Oem ID in QCRILHOOK UNSOL RESP is QOEMHOOK
08-10 14:58:42.162  2280  2280 D QC_RIL_OEM_HOOK: Received Broadcast Intent ACTION_UNSOL_RESPONSE_OEM_HOOK_RAW
08-10 14:58:42.162  2280  2280 D QC_RIL_OEM_HOOK: Oem ID in QCRILHOOK UNSOL RESP is QOEMHOOK
08-10 14:58:42.162  3207  3207 D QC_RIL_OEM_HOOK: Received Broadcast Intent ACTION_UNSOL_RESPONSE_OEM_HOOK_RAW
08-10 14:58:42.163  3207  3207 D QC_RIL_OEM_HOOK: Oem ID in QCRILHOOK UNSOL RESP is QOEMHOOK
08-10 14:58:42.163  3503  3503 D QC_RIL_OEM_HOOK: Received Broadcast Intent ACTION_UNSOL_RESPONSE_OEM_HOOK_RAW
08-10 14:58:42.163  3503  3503 D QC_RIL_OEM_HOOK: Oem ID in QCRILHOOK UNSOL RESP is QOEMHOOK
08-10 14:58:42.175  2175  2390 D NetworkController.MobileSignalController(2): onSignalStrengthsChanged signalStrength=SignalStrength: 99 0 -120 -160 -120 -1 -1 21 -102 -10 38 2147483647 2147483647 3 3 gsm|lte level=3 voicelevel=3 datalevel=3
08-10 14:58:42.182  2175  2390 I NetworkController.MobileSignalController(2):  showDisableIcon:false
08-10 14:58:42.190  2175  2390 D NetworkController.MobileSignalController(2): getSlotProvisionStatus slotId: 0, status = 1
08-10 14:58:42.636  2175  2390 D NetworkController.MobileSignalController(2): onSignalStrengthsChanged signalStrength=SignalStrength: 99 0 -120 -160 -120 -1 -1 19 -102 -8 124 2147483647 2147483647 3 3 gsm|lte level=3 voicelevel=3 datalevel=3
08-10 14:58:42.641  2175  2390 I NetworkController.MobileSignalController(2):  showDisableIcon:false
08-10 14:58:42.644  2175  2390 D NetworkController.MobileSignalController(2): getSlotProvisionStatus slotId: 0, status = 1
08-10 14:58:45.797  3192  3192 D AbstractProcessor: onBatteryChange Percent:95 State:2
08-10 14:58:45.799  2119  2119 I DownloadManagerWrapper: onReceive() : Charging = true
08-10 14:58:45.808  2175  2175 I BatteryController:  fireBatteryLevelChanged mLevel:95 PluggedIn:true Charging:true Fastcharge:false show:false style:0
08-10 14:58:45.828  2175  2390 D NetworkController.MobileSignalController(2): onSignalStrengthsChanged signalStrength=SignalStrength: 99 0 -120 -160 -120 -1 -1 21 -102 -12 134 2147483647 2147483647 3 3 gsm|lte level=3 voicelevel=3 datalevel=3
08-10 14:58:45.830  2175  2390 I NetworkController.MobileSignalController(2):  showDisableIcon:false
08-10 14:58:45.832  2175  2390 D NetworkController.MobileSignalController(2): getSlotProvisionStatus slotId: 0, status = 1
08-10 14:58:49.361  2175  2390 D NetworkController.MobileSignalController(2): onSignalStrengthsChanged signalStrength=SignalStrength: 99 0 -120 -160 -120 -1 -1 19 -101 -8 126 2147483647 2147483647 3 3 gsm|lte level=3 voicelevel=3 datalevel=3
08-10 14:58:49.365  2175  2390 I NetworkController.MobileSignalController(2):  showDisableIcon:false
08-10 14:58:49.367  2175  2390 D NetworkController.MobileSignalController(2): getSlotProvisionStatus slotId: 0, status = 1
08-10 14:58:49.664  2567  2567 I wpa_supplicant: wlan0: CTRL-EVENT-AVOID-FREQ ranges=5500-5640
08-10 14:58:51.604  2175  2390 D NetworkController.MobileSignalController(2): onSignalStrengthsChanged signalStrength=SignalStrength: 99 0 -120 -160 -120 -1 -1 20 -101 -10 34 2147483647 2147483647 3 3 gsm|lte level=3 voicelevel=3 datalevel=3
08-10 14:58:51.609  2175  2390 I NetworkController.MobileSignalController(2):  showDisableIcon:false
08-10 14:58:51.614  2175  2390 D NetworkController.MobileSignalController(2): getSlotProvisionStatus slotId: 0, status = 1
08-10 14:58:51.802  3192  3192 D AbstractProcessor: onBatteryChange Percent:95 State:2
08-10 14:58:51.804  2175  2175 I BatteryController:  fireBatteryLevelChanged mLevel:95 PluggedIn:true Charging:true Fastcharge:false show:false style:0
08-10 14:58:51.806  2119  2119 I DownloadManagerWrapper: onReceive() : Charging = true
08-10 14:58:53.845  2175  2390 D NetworkController.MobileSignalController(2): onSignalStrengthsChanged signalStrength=SignalStrength: 99 0 -120 -160 -120 -1 -1 19 -101 -9 114 2147483647 2147483647 3 3 gsm|lte level=3 voicelevel=3 datalevel=3
08-10 14:58:53.851  2175  2390 I NetworkController.MobileSignalController(2):  showDisableIcon:false
08-10 14:58:53.853  2175  2390 D NetworkController.MobileSignalController(2): getSlotProvisionStatus slotId: 0, status = 1
08-10 14:58:57.806  2175  2175 I BatteryController:  fireBatteryLevelChanged mLevel:95 PluggedIn:true Charging:true Fastcharge:false show:false style:0
08-10 14:58:57.806  2119  2119 I DownloadManagerWrapper: onReceive() : Charging = true
08-10 14:58:57.807  3192  3192 D AbstractProcessor: onBatteryChange Percent:95 State:2
08-10 14:58:58.324  2175  2390 D NetworkController.MobileSignalController(2): onSignalStrengthsChanged signalStrength=SignalStrength: 99 0 -120 -160 -120 -1 -1 22 -102 -13 46 2147483647 2147483647 3 3 gsm|lte level=3 voicelevel=3 datalevel=3
08-10 14:58:58.327  2175  2390 I NetworkController.MobileSignalController(2):  showDisableIcon:false
08-10 14:58:58.332  2175  2390 D NetworkController.MobileSignalController(2): getSlotProvisionStatus slotId: 0, status = 1
08-10 14:59:00.564  2175  2390 D NetworkController.MobileSignalController(2): onSignalStrengthsChanged signalStrength=SignalStrength: 99 0 -120 -160 -120 -1 -1 21 -103 -12 104 2147483647 2147483647 3 3 gsm|lte level=3 voicelevel=3 datalevel=3
08-10 14:59:00.568  2175  2390 I NetworkController.MobileSignalController(2):  showDisableIcon:false
08-10 14:59:00.572  2175  2390 D NetworkController.MobileSignalController(2): getSlotProvisionStatus slotId: 0, status = 1
08-10 14:59:02.804  2175  2390 D NetworkController.MobileSignalController(2): onSignalStrengthsChanged signalStrength=SignalStrength: 99 0 -120 -160 -120 -1 -1 20 -102 -10 38 2147483647 2147483647 3 3 gsm|lte level=3 voicelevel=3 datalevel=3
08-10 14:59:02.808  2175  2390 I NetworkController.MobileSignalController(2):  showDisableIcon:false
08-10 14:59:02.813  2175  2390 D NetworkController.MobileSignalController(2): getSlotProvisionStatus slotId: 0, status = 1
08-10 14:59:03.799  2175  2175 I BatteryController:  fireBatteryLevelChanged mLevel:95 PluggedIn:true Charging:true Fastcharge:false show:false style:0
08-10 14:59:03.801  2119  2119 I DownloadManagerWrapper: onReceive() : Charging = true
08-10 14:59:03.802  3192  3192 D AbstractProcessor: onBatteryChange Percent:95 State:2
08-10 14:59:09.201  2175  2390 D NetworkController.MobileSignalController(2): onSignalStrengthsChanged signalStrength=SignalStrength: 99 0 -120 -160 -120 -1 -1 19 -102 -10 112 2147483647 2147483647 3 3 gsm|lte level=3 voicelevel=3 datalevel=3
08-10 14:59:09.205  2175  2390 I NetworkController.MobileSignalController(2):  showDisableIcon:false
08-10 14:59:09.208  2175  2390 D NetworkController.MobileSignalController(2): getSlotProvisionStatus slotId: 0, status = 1
08-10 14:59:09.770  3192  3192 D AbstractProcessor: onBatteryChange Percent:95 State:2
08-10 14:59:09.772  2175  2175 I BatteryController:  fireBatteryLevelChanged mLevel:95 PluggedIn:true Charging:true Fastcharge:false show:false style:0
08-10 14:59:09.772  2119  2119 I DownloadManagerWrapper: onReceive() : Charging = true
08-10 14:59:15.801  2175  2175 I BatteryController:  fireBatteryLevelChanged mLevel:95 PluggedIn:true Charging:true Fastcharge:false show:false style:0
08-10 14:59:15.805  3192  3192 D AbstractProcessor: onBatteryChange Percent:95 State:2
08-10 14:59:15.806  2119  2119 I DownloadManagerWrapper: onReceive() : Charging = true
08-10 14:59:18.031   868   868 E Parcel  : Reading a NULL string not supported here.
08-10 14:59:18.031   868   868 E Parcel  : Reading a NULL string not supported here.
08-10 14:59:18.031   868   868 E Parcel  : Reading a NULL string not supported here.
08-10 14:59:18.031   868   868 E Parcel  : Reading a NULL string not supported here.
08-10 14:59:18.483  2175  2390 D NetworkController.MobileSignalController(2): onSignalStrengthsChanged signalStrength=SignalStrength: 99 0 -120 -160 -120 -1 -1 19 -102 -8 128 2147483647 2147483647 3 3 gsm|lte level=3 voicelevel=3 datalevel=3
08-10 14:59:18.487  2175  2390 I NetworkController.MobileSignalController(2):  showDisableIcon:false
08-10 14:59:18.490  2175  2390 D NetworkController.MobileSignalController(2): getSlotProvisionStatus slotId: 0, status = 1
08-10 14:59:19.253   874  2562 I LOWI-8.1.1.0.c: [LOWI-Scan] lowi_close_record:Scan completed in 98904623ms and Recieved 7 APs scan results
08-10 14:59:19.282   868   868 E Parcel  : Reading a NULL string not supported here.
08-10 14:59:19.282   868   868 E Parcel  : Reading a NULL string not supported here.
08-10 14:59:19.282   868   868 E Parcel  : Reading a NULL string not supported here.
08-10 14:59:19.282   868   868 E Parcel  : Reading a NULL string not supported here.
08-10 14:59:19.284  1381  2045 I chatty  : uid=1000(system) WifiStateMachin expire 11 lines
08-10 14:59:21.793  2119  2119 I DownloadManagerWrapper: onReceive() : Charging = true
08-10 14:59:21.794  3192  3192 D AbstractProcessor: onBatteryChange Percent:95 State:2
08-10 14:59:21.800  2175  2175 I BatteryController:  fireBatteryLevelChanged mLevel:95 PluggedIn:true Charging:true Fastcharge:false show:false style:0
08-10 14:59:24.644  1381  1417 I chatty  : uid=1000(system) Binder:1381_2 expire 4 lines
08-10 14:59:24.668  1381  2395 I chatty  : uid=1000(system) Binder:1381_6 expire 4 lines
08-10 14:59:24.674  3163 22074 E Herrevad: [754] RemoteReportsRefreshChimeraService.a: want to send authenticated request, but no Google account on device
08-10 14:59:24.764  2816 22073 I GoogleURLConnFactory: Using platform SSLCertificateSocketFactory
08-10 14:59:24.773  2816 22073 I GoogleURLConnFactory: Using platform SSLCertificateSocketFactory
08-10 14:59:24.884  3163  3997 E Volley  : [195] BasicNetwork.performRequest: Unexpected response code 307 for https://android.googleapis.com/nova/herrevad/network_quality_info
08-10 14:59:24.885  3163 22074 W Herrevad: [754] RemoteReportsRefreshChimeraService.a: java.util.concurrent.ExecutionException: com.android.volley.ServerError
08-10 14:59:24.885  3163 22074 W Herrevad: java.util.concurrent.ExecutionException: com.android.volley.ServerError
08-10 14:59:24.885  3163 22074 W Herrevad: 	at com.android.volley.toolbox.RequestFuture.a(:com.google.android.gms:3)
08-10 14:59:24.885  3163 22074 W Herrevad: 	at com.android.volley.toolbox.RequestFuture.get(:com.google.android.gms:1)
08-10 14:59:24.885  3163 22074 W Herrevad: 	at com.google.android.gms.herrevad.services.RemoteReportsRefreshChimeraService.a(:com.google.android.gms:24)
08-10 14:59:24.885  3163 22074 W Herrevad: 	at com.google.android.gms.herrevad.services.ImmediateRemoteReportsRefreshChimeraService.onHandleIntent(:com.google.android.gms:0)
08-10 14:59:24.885  3163 22074 W Herrevad: 	at btj.handleMessage(:com.google.android.gms:0)
08-10 14:59:24.885  3163 22074 W Herrevad: 	at android.os.Handler.dispatchMessage(Handler.java:102)
08-10 14:59:24.885  3163 22074 W Herrevad: 	at android.os.Looper.loop(Looper.java:154)
08-10 14:59:24.885  3163 22074 W Herrevad: 	at android.os.HandlerThread.run(HandlerThread.java:61)
08-10 14:59:24.885  3163 22074 W Herrevad: Caused by: com.android.volley.ServerError
08-10 14:59:24.885  3163 22074 W Herrevad: 	at com.android.volley.toolbox.BasicNetwork.performRequest(:com.google.android.gms:36)
08-10 14:59:24.885  3163 22074 W Herrevad: 	at mao.performRequest(:com.google.android.gms:3)
08-10 14:59:24.885  3163 22074 W Herrevad: 	at com.android.volley.NetworkDispatcher.run(:com.google.android.gms:11)
08-10 14:59:24.939  2463  2463 D QcrilMsgTunnelIfaceManager: handleMessage what = 0
08-10 14:59:24.946  3207  3207 D QC_RIL_OEM_HOOK: Received Broadcast Intent ACTION_UNSOL_RESPONSE_OEM_HOOK_RAW
08-10 14:59:24.946  3207  3207 D QC_RIL_OEM_HOOK: Oem ID in QCRILHOOK UNSOL RESP is QOEMHOOK
08-10 14:59:24.947  3503  3503 D QC_RIL_OEM_HOOK: Received Broadcast Intent ACTION_UNSOL_RESPONSE_OEM_HOOK_RAW
08-10 14:59:24.947  3503  3503 D QC_RIL_OEM_HOOK: Oem ID in QCRILHOOK UNSOL RESP is QOEMHOOK
08-10 14:59:24.948  2280  2280 D QC_RIL_OEM_HOOK: Received Broadcast Intent ACTION_UNSOL_RESPONSE_OEM_HOOK_RAW
08-10 14:59:24.948  2280  2280 D QC_RIL_OEM_HOOK: Oem ID in QCRILHOOK UNSOL RESP is QOEMHOOK
08-10 14:59:24.948  2280  2280 D QC_RIL_OEM_HOOK: Received Broadcast Intent ACTION_UNSOL_RESPONSE_OEM_HOOK_RAW
08-10 14:59:24.948  2280  2280 D QC_RIL_OEM_HOOK: Oem ID in QCRILHOOK UNSOL RESP is QOEMHOOK
08-10 14:59:24.949  2280  2280 D QC_RIL_OEM_HOOK: Received Broadcast Intent ACTION_UNSOL_RESPONSE_OEM_HOOK_RAW
08-10 14:59:24.949  2280  2280 D QC_RIL_OEM_HOOK: Oem ID in QCRILHOOK UNSOL RESP is QOEMHOOK
08-10 14:59:24.962  2175  2390 D NetworkController.MobileSignalController(2): onSignalStrengthsChanged signalStrength=SignalStrength: 99 0 -120 -160 -120 -1 -1 19 -102 -8 128 2147483647 2147483647 3 3 gsm|lte level=3 voicelevel=3 datalevel=3
08-10 14:59:24.965  2175  2390 I NetworkController.MobileSignalController(2):  showDisableIcon:false
08-10 14:59:24.968  2175  2390 D NetworkController.MobileSignalController(2): getSlotProvisionStatus slotId: 0, status = 1
08-10 14:59:25.204  2175  2390 D NetworkController.MobileSignalController(2): onSignalStrengthsChanged signalStrength=SignalStrength: 99 0 -120 -160 -120 -1 -1 21 -102 -12 106 2147483647 2147483647 3 3 gsm|lte level=3 voicelevel=3 datalevel=3
08-10 14:59:25.208  2175  2390 I NetworkController.MobileSignalController(2):  showDisableIcon:false
08-10 14:59:25.212  2175  2390 D NetworkController.MobileSignalController(2): getSlotProvisionStatus slotId: 0, status = 1
08-10 14:59:25.290  2567  2567 I wpa_supplicant: wlan0: CTRL-EVENT-AVOID-FREQ ranges=5180-5320,5500-5640
08-10 14:59:27.529  2175  2390 D NetworkController.MobileSignalController(2): onSignalStrengthsChanged signalStrength=SignalStrength: 99 0 -120 -160 -120 -1 -1 21 -101 -12 54 2147483647 2147483647 3 3 gsm|lte level=3 voicelevel=3 datalevel=3
08-10 14:59:27.536  2175  2390 I NetworkController.MobileSignalController(2):  showDisableIcon:false
08-10 14:59:27.540  2175  2390 D NetworkController.MobileSignalController(2): getSlotProvisionStatus slotId: 0, status = 1
08-10 14:59:27.782  2175  2175 I BatteryController:  fireBatteryLevelChanged mLevel:95 PluggedIn:true Charging:true Fastcharge:false show:false style:0
08-10 14:59:27.784  3192  3192 D AbstractProcessor: onBatteryChange Percent:95 State:2
08-10 14:59:27.783  2119  2119 I DownloadManagerWrapper: onReceive() : Charging = true
08-10 14:59:31.057   814   975 I ThermalEngine: Monitor : quiet_therm = 30, msm_therm = 31, ufs_therm = -40, battery_therm = 290,current_now = -373000
08-10 14:59:32.011  2175  2390 D NetworkController.MobileSignalController(2): onSignalStrengthsChanged signalStrength=SignalStrength: 99 0 -120 -160 -120 -1 -1 19 -102 -9 68 2147483647 2147483647 3 3 gsm|lte level=3 voicelevel=3 datalevel=3
08-10 14:59:32.015  2175  2390 I NetworkController.MobileSignalController(2):  showDisableIcon:false
08-10 14:59:32.018  2175  2390 D NetworkController.MobileSignalController(2): getSlotProvisionStatus slotId: 0, status = 1
08-10 14:59:32.112  8647  8654 I art     : Debugger is no longer active
08-10 14:59:32.112  8647  8654 I art     : Starting a blocking GC Instrumentation
08-10 14:59:32.348  2175  2175 I BatteryController:  fireBatteryLevelChanged mLevel:95 PluggedIn:false Charging:false Fastcharge:false show:false style:0
08-10 14:59:32.351  2175  2175 D KeyguardIndication: onRefreshBatteryInfo: plugged:false, charged:false, level:95, speed:-1, last speed:0, visible:true
08-10 14:59:32.371  1381  1458 I chatty  : uid=1000(system) PowerManagerSer expire 4 lines
08-10 14:59:32.372  2175  2190 D KeyguardViewMediator: onScreenTurningOn
08-10 14:59:32.373  2175  4405 D KeyguardViewMediator: notifyStartedWakingUp
08-10 14:59:32.373  9128  9128 D OPPhotos: PhotosLoadReceiver scheduleOrUpdatePlan, Action: android.intent.action.ACTION_POWER_DISCONNECTED
08-10 14:59:32.373  9128  9128 D OPPhotos: scheduleOrUpdatePlan cancel, settings not enable.
08-10 14:59:32.374   748   748 D SurfaceFlinger: Set power mode=2, type=0 flinger=0x7f90c49000
08-10 14:59:32.375   748   748 I SDM     : HWCDisplay::SetPowerMode: display = 0, mode = 2
08-10 14:59:32.375   748   748 I SDM     : DisplayBase::SetDisplayState: Set state = 1, display 0
08-10 14:59:32.377   845  2074 E fpc_fingerprint_hal: screen_state_loop screen ON 0
08-10 14:59:32.377   845  2074 D fpc_fingerprint_hal: set_enabled
08-10 14:59:32.377   845  2074 D fpc_fingerprint_hal: fpc_worker_run_task
08-10 14:59:32.377   845  2073 D fpc_fingerprint_hal: nav_loop
08-10 14:59:32.381  3192  3192 D AbstractProcessor: onBatteryChange Percent:95 State:3
08-10 14:59:32.382  2119  2119 I DownloadManagerWrapper: onReceive() : Charging = false
08-10 14:59:32.389  2175  2175 D KeyguardViewMediator: handleNotifyScreenTurningOn
08-10 14:59:32.391   821  2062 D AudioFlinger: setParameters(): io 0, keyvalue screen_state=on, calling pid 1381
08-10 14:59:32.391   821  2062 D audio_hw_primary: adev_set_parameters: enter: screen_state=on
08-10 14:59:32.392   821  2062 D audio_hw_primary: camerarecorder value on
08-10 14:59:32.392   821  2062 D audio_hw_extn: audio_extn_set_anc_parameters: anc_enabled:0
08-10 14:59:32.392   821  2062 D audio_hw_spkr_prot: audio_extn_fbsp_set_parameters: Speaker protection disabled
08-10 14:59:32.398  2175  2175 D KeyguardViewMediator: notifyDrawn
08-10 14:59:32.409   845  2073 D fpc_fingerprint_hal: nav_loop waiting for finger down
08-10 14:59:32.411  2175  2175 D KeyguardUpdateMonitor: shouldListen: isVisible= true, interactive= true, mBouncer= false, mIsKeyguardDone = false, goingToSleep= false, switchingUser= false, alreadyAuthenticated= false, isDisabled= false, camera= false, mProximity= 0
08-10 14:59:32.412  2175  2175 D KeyguardUpdateMonitor: updateFPState: shouldListen = true, running = 0, duringAcquired = false , lockout = false
08-10 14:59:32.413   868   868 E Parcel  : Reading a NULL string not supported here.
08-10 14:59:32.413   868   868 E Parcel  : Reading a NULL string not supported here.
08-10 14:59:32.413   868   868 E Parcel  : Reading a NULL string not supported here.
08-10 14:59:32.413   868   868 E Parcel  : Reading a NULL string not supported here.
08-10 14:59:32.413  2175  2175 V KeyguardUpdateMonitor: startListeningFP , enabled=false
08-10 14:59:32.416  2175  2175 I ClockCtrl: startUpdate: ScreenON, true
08-10 14:59:32.416  2175  2175 I KeyguardUpdateMonitor: onTimeChanged
08-10 14:59:32.416  2175  2229 I ClockCtrl:  schedule next: 27584
08-10 14:59:32.455  1381  2079 I chatty  : uid=1000(system) PhotonicModulat expire 2 lines
08-10 14:59:32.470  2175  2175 D PreventModeCtrl: enableProximitySensor
08-10 14:59:32.472  2175  2175 D PreventModeCtrl: Event: value=5.000305 max=5.000305
08-10 14:59:32.472  2175  2175 D PreventModeCtrl: finishWithResult: result = 2
08-10 14:59:32.474  1381  2020 I chatty  : uid=1000 system_server expire 1 line
08-10 14:59:32.476  1381  1432 I chatty  : uid=1000(system) android.bg expire 5 lines
08-10 14:59:32.478  2175  2390 D NetworkController.MobileSignalController(2): onSignalStrengthsChanged signalStrength=SignalStrength: 99 0 -120 -160 -120 -1 -1 19 -102 -9 68 2147483647 2147483647 3 3 gsm|lte level=3 voicelevel=3 datalevel=3
08-10 14:59:32.478  1381  1436 I chatty  : uid=1000(system) android.ui expire 1 line
08-10 14:59:32.482  2175  2175 I Clock   : onTimeChanged
08-10 14:59:32.483  2175  2175 I DateView: onTimeChanged
08-10 14:59:32.483  2175  2175 D PreventModeCtrl: Event: value=5.000305 max=5.000305
08-10 14:59:32.483  2175  2175 D PreventModeCtrl: finishWithResult: result = 2
08-10 14:59:32.484  2175  2390 I NetworkController.MobileSignalController(2):  showDisableIcon:false
08-10 14:59:32.486  2175  2390 D NetworkController.MobileSignalController(2): getSlotProvisionStatus slotId: 0, status = 1
08-10 14:59:32.486  2175  4405 D KeyguardViewMediator: onScreenTurnedOn
08-10 14:59:32.486  2175  2175 D KeyguardViewMediator: handleNotifyScreenTurnedOn
08-10 14:59:32.499  2816  2822 I art     : Do partial code cache collection, code=498KB, data=438KB
08-10 14:59:32.500  2816  2822 I art     : After code cache collection, code=494KB, data=436KB
08-10 14:59:32.500  2816  2822 I art     : Increasing code cache capacity to 2MB
08-10 14:59:32.515  2175  2175 D CarrierText: onScreenTurnedOn: updateCarrierText
08-10 14:59:32.515  2175  2175 D CarrierText: onScreenTurnedOn: updateCarrierText
08-10 14:59:32.515  2175  2175 D CarrierText: onScreenTurnedOn: updateCarrierText
08-10 14:59:32.515  2175  2175 D CarrierText: onScreenTurnedOn: updateCarrierText
08-10 14:59:32.516  2175  2175 D KeyguardUpdateMonitor: listen pocket-sensor: false, current=false, FP enabled=false
08-10 14:59:32.516  2175  2175 I ClockCtrl: startUpdate: ScreenON, true
08-10 14:59:32.516  2175  2175 I KeyguardUpdateMonitor: onTimeChanged
08-10 14:59:32.517  2175  2229 I ClockCtrl:  schedule next: 27483
08-10 14:59:32.533  2175  2175 I Clock   : onTimeChanged
08-10 14:59:32.534  2175  2175 I DateView: onTimeChanged
08-10 14:59:32.549  2610 22116 I chatty  : uid=1000(system) pool-2-thread-3 expire 19 lines
08-10 14:59:32.550  3192  3192 D AbstractProcessor: onScreenOn
08-10 14:59:32.551  2610 22117 I chatty  : uid=1000(system) pool-3-thread-1 expire 2 lines
08-10 14:59:32.562  1381  8158 I chatty  : uid=1000(system) Binder:1381_12 expire 6 lines
08-10 14:59:32.566  2610 22119 I chatty  : uid=1000(system) com.oneplus.security expire 4 lines
08-10 14:59:32.570  1381  2104 I chatty  : uid=1000(system) Binder:1381_4 expire 3 lines
08-10 14:59:32.571  2816  4271 I NearbyDirect: MagicPairScanner: BluetoothLeScanner is null, Bluetooth might be off. Enabled=false
08-10 14:59:32.573  4309  4309 D OSTracker: OS Event: screen_on
08-10 14:59:32.575  2876  2876 E BrcmNfcJni: nfcManager_doSetScreenOrPowerState: Enter
08-10 14:59:32.575  2876  9321 D NxpExtns: const nxp::CNfcParam *nxp::CNfcConfig::find(const char *) const found MIFARE_READER_ENABLE=(0x1)
08-10 14:59:32.576  2876  9324 D NxpTml  : PN54X - Write requested.....
08-10 14:59:32.576  2876  9324 D NxpTml  : PN54X - Invoking I2C Write.....
08-10 14:59:32.578  2876  9324 E NxpTml  : _i2c_write() errno : 5
08-10 14:59:32.578  2876  9324 E NxpTml  : PN54X - Error in I2C Write.....
08-10 14:59:32.578  2876  9324 D NxpTml  : PN54X - Posting Fresh Write message.....
08-10 14:59:32.578  2876  9324 D NxpTml  : PN54X - Tml Writer Thread Running................
08-10 14:59:32.579  2876  9326 E NxpHal  : write error status = 0x1ff
08-10 14:59:32.579  2267  2279 D QtiTetherService/IpaWrapper: getStats(false)
08-10 14:59:32.579  2876  9321 E NxpHal  : write_unlocked failed - PN54X Maybe in Standby Mode - Retry
08-10 14:59:32.582  1381  2042 I chatty  : uid=1000(system) NetworkPolicy expire 7 lines
08-10 14:59:32.584  2876  9324 D NxpTml  : PN54X - Write requested.....
08-10 14:59:32.584  2876  9324 D NxpTml  : PN54X - Invoking I2C Write.....
08-10 14:59:32.585  2610  2610 I chatty  : uid=1000(system) com.oneplus.security expire 2 lines
08-10 14:59:32.585  2610 22116 I chatty  : uid=1000(system) pool-2-thread-3 expire 7 lines
08-10 14:59:32.586  2876  9324 D NxpNciX : len =   4 > 21060100
08-10 14:59:32.586  2876  9324 D NxpTml  : PN54X - I2C Write successful.....
08-10 14:59:32.586  2876  9324 D NxpTml  : PN54X - Posting Fresh Write message.....
08-10 14:59:32.586  2876  9324 D NxpTml  : PN54X - Tml Writer Thread Running................
08-10 14:59:32.586  2876  9326 D NxpHal  : write successful status = 0x0
08-10 14:59:32.588  2876  9323 D NxpTml  : PN54X - I2C Read successful.....
08-10 14:59:32.588  2876  9323 D NxpNciR : len =   4 > 41060100
08-10 14:59:32.588  2876  9323 D NxpTml  : PN54X - Posting read message.....
08-10 14:59:32.588  2876  9326 D NxpHal  : read successful status = 0x0
08-10 14:59:32.589  2876  9323 D NxpTml  : PN54X - Read requested.....
08-10 14:59:32.589  2876  9323 D NxpTml  : PN54X - Invoking I2C Read.....
08-10 14:59:32.589  2876  9321 D NxpExtns: const nxp::CNfcParam *nxp::CNfcConfig::find(const char *) const found MIFARE_READER_ENABLE=(0x1)
08-10 14:59:32.589  2876  9324 D NxpTml  : PN54X - Write requested.....
08-10 14:59:32.589  2876  9324 D NxpTml  : PN54X - Invoking I2C Write.....
08-10 14:59:32.591  2876  9324 D NxpNciX : len =   4 > 2F150102
08-10 14:59:32.591  2876  9324 D NxpTml  : PN54X - I2C Write successful.....
08-10 14:59:32.591  2876  9324 D NxpTml  : PN54X - Posting Fresh Write message.....
08-10 14:59:32.591  2876  9324 D NxpTml  : PN54X - Tml Writer Thread Running................
08-10 14:59:32.591  2876  9326 D NxpHal  : write successful status = 0x0
08-10 14:59:32.593  1381  2396 I chatty  : uid=1000(system) Binder:1381_7 expire 6 lines
08-10 14:59:32.593  2876  9323 D NxpTml  : PN54X - I2C Read successful.....
08-10 14:59:32.593  2876  9323 D NxpNciR : len =   4 > 4F150100
08-10 14:59:32.593  2876  9323 D NxpTml  : PN54X - Posting read message.....
08-10 14:59:32.594  2876  9326 D NxpHal  : read successful status = 0x0
08-10 14:59:32.594  2876  9323 D NxpTml  : PN54X - Read requested.....
08-10 14:59:32.594  2876  9323 D NxpTml  : PN54X - Invoking I2C Read.....
08-10 14:59:32.594  2876  9321 D NxpExtns: const nxp::CNfcParam *nxp::CNfcConfig::find(const char *) const found MIFARE_READER_ENABLE=(0x1)
08-10 14:59:32.594  2876  9324 D NxpTml  : PN54X - Write requested.....
08-10 14:59:32.594  2876  9324 D NxpTml  : PN54X - Invoking I2C Write.....
08-10 14:59:32.596  2610 22122 I chatty  : uid=1000(system) com.oneplus.security expire 3 lines
08-10 14:59:32.596  2876  9324 D NxpNciX : len =  10 > 20020702320120380101
08-10 14:59:32.596  2876  9324 D NxpTml  : PN54X - I2C Write successful.....
08-10 14:59:32.596  2876  9324 D NxpTml  : PN54X - Posting Fresh Write message.....
08-10 14:59:32.596  2876  9324 D NxpTml  : PN54X - Tml Writer Thread Running................
08-10 14:59:32.596  2876  9326 D NxpHal  : write successful status = 0x0
08-10 14:59:32.598  2876  9323 D NxpTml  : PN54X - I2C Read successful.....
08-10 14:59:32.599  2876  9323 D NxpNciR : len =   5 > 4002020000
08-10 14:59:32.599  2876  9323 D NxpTml  : PN54X - Posting read message.....
08-10 14:59:32.600  2876  9326 D NxpHal  : read successful status = 0x0
08-10 14:59:32.600  2876  9326 D NxpHal  : phNxpNciHal_print_res_status: response status =STATUS_OK
08-10 14:59:32.600  2876  9323 D NxpTml  : PN54X - Read requested.....
08-10 14:59:32.600  2876  9323 D NxpTml  : PN54X - Invoking I2C Read.....
08-10 14:59:32.600  2876  9321 D NxpExtns: const nxp::CNfcParam *nxp::CNfcConfig::find(const char *) const found MIFARE_READER_ENABLE=(0x1)
08-10 14:59:32.600  2876  9321 D NxpHal  : > Polling Loop Started
08-10 14:59:32.600  2610  2610 I chatty  : uid=1000(system) com.oneplus.security expire 5 lines
08-10 14:59:32.601  2876  9324 D NxpTml  : PN54X - Write requested.....
08-10 14:59:32.601  2876  9324 D NxpTml  : PN54X - Invoking I2C Write.....
08-10 14:59:32.602  2876  9324 D NxpNciX : len =  10 > 21030703800181018201
08-10 14:59:32.602  2876  9324 D NxpTml  : PN54X - I2C Write successful.....
08-10 14:59:32.602  2876  9324 D NxpTml  : PN54X - Posting Fresh Write message.....
08-10 14:59:32.602  2876  9324 D NxpTml  : PN54X - Tml Writer Thread Running................
08-10 14:59:32.602  2876  9326 D NxpHal  : write successful status = 0x0
08-10 14:59:32.605  2876  9323 D NxpTml  : PN54X - I2C Read successful.....
08-10 14:59:32.605  2876  9323 D NxpNciR : len =   4 > 41030100
08-10 14:59:32.605  2876  9323 D NxpTml  : PN54X - Posting read message.....
08-10 14:59:32.605  2876  9326 D NxpHal  : read successful status = 0x0
08-10 14:59:32.606  2876  9323 D NxpTml  : PN54X - Read requested.....
08-10 14:59:32.606  2876  9323 D NxpTml  : PN54X - Invoking I2C Read.....
08-10 14:59:32.607  2876  2876 E NfcService: applyRouting -20
08-10 14:59:32.607  2876  2876 D NfcService: applyRouting - enter force = false mScreenState = 2
08-10 14:59:32.607  2876  9321 D NxpExtns: const nxp::CNfcParam *nxp::CNfcConfig::find(const char *) const found MIFARE_READER_ENABLE=(0x1)
08-10 14:59:32.607  2876  9324 D NxpTml  : PN54X - Write requested.....
08-10 14:59:32.607  2876  9324 D NxpTml  : PN54X - Invoking I2C Write.....
08-10 14:59:32.609  2876  9324 D NxpNciX : len =   4 > 21060100
08-10 14:59:32.609  2876  9324 D NxpTml  : PN54X - I2C Write successful.....
08-10 14:59:32.609  2876  9324 D NxpTml  : PN54X - Posting Fresh Write message.....
08-10 14:59:32.609  2876  9324 D NxpTml  : PN54X - Tml Writer Thread Running................
08-10 14:59:32.609  2876  9326 D NxpHal  : write successful status = 0x0
08-10 14:59:32.611  2876  9323 D NxpTml  : PN54X - I2C Read successful.....
08-10 14:59:32.611  2876  9323 D NxpNciR : len =   4 > 41060100
08-10 14:59:32.611  2876  9323 D NxpTml  : PN54X - Posting read message.....
08-10 14:59:32.611  2876  9326 D NxpHal  : read successful status = 0x0
08-10 14:59:32.611  2876  9323 D NxpTml  : PN54X - Read requested.....
08-10 14:59:32.611  2876  9323 D NxpTml  : PN54X - Invoking I2C Read.....
08-10 14:59:32.611  2876  9321 E BrcmNfcNfa: UICC/ESE[0x402] is not activated
08-10 14:59:32.611  2876  9321 D NxpExtns: const nxp::CNfcParam *nxp::CNfcConfig::find(const char *) const found MIFARE_READER_ENABLE=(0x1)
08-10 14:59:32.612  2876  9324 D NxpTml  : PN54X - Write requested.....
08-10 14:59:32.612  2876  9324 D NxpTml  : PN54X - Invoking I2C Write.....
08-10 14:59:32.613  2876  9324 D NxpNciX : len =  10 > 20020702320120380101
08-10 14:59:32.613  2876  9324 D NxpTml  : PN54X - I2C Write successful.....
08-10 14:59:32.613  2876  9324 D NxpTml  : PN54X - Posting Fresh Write message.....
08-10 14:59:32.613  2876  9324 D NxpTml  : PN54X - Tml Writer Thread Running................
08-10 14:59:32.613  2876  9326 D NxpHal  : write successful status = 0x0
08-10 14:59:32.615  2876  9323 D NxpTml  : PN54X - I2C Read successful.....
08-10 14:59:32.615  2876  9323 D NxpNciR : len =   5 > 4002020000
08-10 14:59:32.615  2876  9323 D NxpTml  : PN54X - Posting read message.....
08-10 14:59:32.615  2876  9326 D NxpHal  : read successful status = 0x0
08-10 14:59:32.615  2876  9326 D NxpHal  : phNxpNciHal_print_res_status: response status =STATUS_OK
08-10 14:59:32.615  2876  9323 D NxpTml  : PN54X - Read requested.....
08-10 14:59:32.615  2876  9323 D NxpTml  : PN54X - Invoking I2C Read.....
08-10 14:59:32.616  4309  4309 D AbstractTracker: Event success
08-10 14:59:32.616  2876  9321 D NxpExtns: const nxp::CNfcParam *nxp::CNfcConfig::find(const char *) const found MIFARE_READER_ENABLE=(0x1)
08-10 14:59:32.616  2876  9321 D NxpHal  : > Polling Loop Started
08-10 14:59:32.616  2876  9324 D NxpTml  : PN54X - Write requested.....
08-10 14:59:32.616  2876  9324 D NxpTml  : PN54X - Invoking I2C Write.....
08-10 14:59:32.618  2876  9324 D NxpNciX : len =  10 > 21030703800181018201
08-10 14:59:32.618  2876  9324 D NxpTml  : PN54X - I2C Write successful.....
08-10 14:59:32.618  2876  9324 D NxpTml  : PN54X - Posting Fresh Write message.....
08-10 14:59:32.618  2876  9324 D NxpTml  : PN54X - Tml Writer Thread Running................
08-10 14:59:32.618  2876  9326 D NxpHal  : write successful status = 0x0
08-10 14:59:32.621  2876  9323 D NxpTml  : PN54X - I2C Read successful.....
08-10 14:59:32.621  2876  9323 D NxpNciR : len =   4 > 41030100
08-10 14:59:32.621  2876  9323 D NxpTml  : PN54X - Posting read message.....
08-10 14:59:32.621  2876  9326 D NxpHal  : read successful status = 0x0
08-10 14:59:32.621  2876  9323 D NxpTml  : PN54X - Read requested.....
08-10 14:59:32.621  2876  9323 D NxpTml  : PN54X - Invoking I2C Read.....
08-10 14:59:33.137  2175  2175 D DozeModeCtrl: shouldBlockedSort: false, false
08-10 14:59:33.137  2175  2175 D DozeModeCtrl: shouldBlockedSort: false, false
08-10 14:59:33.150  2175  2175 D PhoneStatusBar: updateMediaMetaData: hasArtwork = true, 1, true, true, 0, false, false, false, 0, false
08-10 14:59:33.150  2175  2175 D StatusBarWindowManager: applyFocusableFlag: true, true, 81860040
08-10 14:59:33.157  2175  2175 D DozeModeCtrl: shouldBlockedSort: false, false
08-10 14:59:33.157  2175  2175 D DozeModeCtrl: shouldBlockedSort: false, false
08-10 14:59:33.160  2175  2175 D PhoneStatusBar: updateMediaMetaData: hasArtwork = true, 1, true, true, 0, false, false, false, 0, false
08-10 14:59:33.160  2175  2175 D StatusBarWindowManager: applyFocusableFlag: true, true, 81860040
08-10 14:59:33.720   874  2562 I LOWI-8.1.1.0.c: [LOWI-Scan] lowi_close_record:Scan completed in 98919090ms and Recieved 11 APs scan results
08-10 14:59:33.778   868   868 E Parcel  : Reading a NULL string not supported here.
08-10 14:59:33.778   868   868 E Parcel  : Reading a NULL string not supported here.
08-10 14:59:33.778   868   868 E Parcel  : Reading a NULL string not supported here.
08-10 14:59:33.778   868   868 E Parcel  : Reading a NULL string not supported here.
08-10 14:59:33.779  1381  2045 I chatty  : uid=1000(system) WifiStateMachin expire 11 lines
08-10 14:59:35.583  2816  4271 I NearbyDirect: MagicPairScanner: BluetoothLeScanner is null, Bluetooth might be off. Enabled=false
08-10 14:59:36.452  2175  2390 D NetworkController.MobileSignalController(2): onSignalStrengthsChanged signalStrength=SignalStrength: 99 0 -120 -160 -120 -1 -1 20 -101 -11 136 2147483647 2147483647 3 3 gsm|lte level=3 voicelevel=3 datalevel=3
08-10 14:59:36.457  2175  2390 I NetworkController.MobileSignalController(2):  showDisableIcon:false
08-10 14:59:36.459  2175  2390 D NetworkController.MobileSignalController(2): getSlotProvisionStatus slotId: 0, status = 1
08-10 14:59:37.521  2175  2175 D PreventModeCtrl: disableProximitySensor, 0
08-10 14:59:38.822  2610  3104 I chatty  : uid=1000(system) Timer-0 expire 1 line
08-10 14:59:39.651  2175  2390 D NetworkController.MobileSignalController(2): onSignalStrengthsChanged signalStrength=SignalStrength: 99 0 -120 -160 -120 -1 -1 20 -102 -10 56 2147483647 2147483647 3 3 gsm|lte level=3 voicelevel=3 datalevel=3
08-10 14:59:39.653  2175  2390 I NetworkController.MobileSignalController(2):  showDisableIcon:false
