D/KeyguardUpdateMonitor( 1065): received broadcast android.intent.action.TIME_TICK
D/KeyguardUpdateMonitor( 1065): handleTimeUpdate
D/KeyguardUpdateMonitor( 1065): received broadcast android.intent.action.BATTERY_CHANGED
D/KeyguardUpdateMonitor( 1065): received broadcast android.intent.action.BATTERY_CHANGED
D/KeyguardUpdateMonitor( 1065): handleBatteryUpdate
D/KeyguardUpdateMonitor( 1065): received broadcast android.intent.action.BATTERY_CHANGED
D/KeyguardUpdateMonitor( 1065): handleBatteryUpdate
D/KeyguardUpdateMonitor( 1065): handleBatteryUpdate
I/ServiceKeeper(  927): In getpackagename pid = 927 uid = 1000 package name = android
I/ServiceKeeper(  927): In getpackagename pid = 927 uid = 1000 package name = android
W/ctxmgr  ( 1243): [NetworkStateProducer]No state change for network connection context
I/ServiceKeeper(  927): In getpackagename pid = 927 uid = 1000 package name = android
D/AT_Distributor(  292): Send Msg [UART > ATD] 1 bytes <>
D/KeyguardUpdateMonitor( 1065): received broadcast android.intent.action.TIME_TICK
D/KeyguardUpdateMonitor( 1065): handleTimeUpdate
I/ServiceKeeper(  927): In getpackagename pid = 927 uid = 1000 package name = android
D/KeyguardUpdateMonitor( 1065): received broadcast android.intent.action.BATTERY_CHANGED
D/KeyguardUpdateMonitor( 1065): received broadcast android.intent.action.BATTERY_CHANGED
D/KeyguardUpdateMonitor( 1065): handleBatteryUpdate
D/KeyguardUpdateMonitor( 1065): handleBatteryUpdate
I/ServiceKeeper(  927): In getpackagename pid = 927 uid = 1000 package name = android
I/PlayCommon( 8283): [1074] com.google.android.play.a.g.e(222): Preparing logs for uploading
I/PlayCommon( 8283): [1074] com.google.android.play.a.g.e(226): No file ready to send
I/ServiceKeeper(  927): In getpackagename pid = 927 uid = 1000 package name = android
I/ServiceKeeper(  927): In getpackagename pid = 927 uid = 1000 package name = android
I/ServiceKeeper(  927): In getpackagename pid = 927 uid = 1000 package name = android
E/ctxmgr  ( 1243): [AccountAclCallback]Failed Acl fetch: network status=1
I/ServiceKeeper(  927): In getpackagename pid = 927 uid = 1000 package name = android
E/ctxmgr  ( 1243): [BaseServerTask]Failed network request due to no network connectivity: expired
I/ServiceKeeper(  927): In getpackagename pid = 927 uid = 1000 package name = android
I/ServiceKeeper(  927): In getpackagename pid = 927 uid = 1000 package name = android
I/ServiceKeeper(  927): In getpackagename pid = 927 uid = 1000 package name = android
E/ctxmgr  ( 1243): [BaseServerTask]Failed network request due to no network connectivity: expired
E/ctxmgr  ( 1243): [DailyCheckinOperation]Failed daily get config: network status=1
I/ServiceKeeper(  927): In getpackagename pid = 927 uid = 1000 package name = android
D/AT_Distributor(  292): Send Msg [UART > ATD] 1 bytes <>
D/KeyguardUpdateMonitor( 1065): received broadcast android.intent.action.TIME_TICK
D/KeyguardUpdateMonitor( 1065): handleTimeUpdate
I/ServiceKeeper(  927): In getpackagename pid = 927 uid = 1000 package name = android
D/KeyguardUpdateMonitor( 1065): received broadcast android.intent.action.BATTERY_CHANGED
D/KeyguardUpdateMonitor( 1065): handleBatteryUpdate
I/ServiceKeeper(  927): In getpackagename pid = 927 uid = 1000 package name = android
I/ServiceKeeper(  927): In getpackagename pid = 927 uid = 1000 package name = android
I/ServiceKeeper(  927): In getpackagename pid = 927 uid = 1000 package name = android
I/ServiceKeeper(  927): In getpackagename pid = 927 uid = 1000 package name = android
I/ServiceKeeper(  927): In getpackagename pid = 927 uid = 1000 package name = android
I/ServiceKeeper(  927): In getpackagename pid = 927 uid = 1000 package name = android
I/ServiceKeeper(  927): In getpackagename pid = 927 uid = 1000 package name = android
I/ServiceKeeper(  927): In getpackagename pid = 927 uid = 1000 package name = android
I/ServiceKeeper(  927): In getpackagename pid = 927 uid = 1000 package name = android
D/AT_Distributor(  292): Send Msg [UART > ATD] 1 bytes <>
W/ctxmgr  ( 1243): [WorkManager]Long workInfo: pkg=com.google.android.gms, lbl=ListenerInvokerRunner, start=2017-08-09 01:22:57.907+0200, stop=2017-08-09 01:32:58.393+0200, durtn=600486ms
D/KeyguardUpdateMonitor( 1065): received broadcast android.intent.action.BATTERY_CHANGED
D/KeyguardUpdateMonitor( 1065): handleBatteryUpdate
I/ServiceKeeper(  927): In getpackagename pid = 927 uid = 1000 package name = android
D/KeyguardUpdateMonitor( 1065): received broadcast android.intent.action.TIME_TICK
D/KeyguardUpdateMonitor( 1065): received broadcast android.intent.action.BATTERY_CHANGED
D/KeyguardUpdateMonitor( 1065): handleTimeUpdate
D/KeyguardUpdateMonitor( 1065): handleBatteryUpdate
I/ServiceKeeper(  927): In getpackagename pid = 927 uid = 1000 package name = android
D/AT_Distributor(  292): Send Msg [UART > ATD] 1 bytes <>
I/ServiceKeeper(  927): In getpackagename pid = 927 uid = 1000 package name = android
D/KeyguardUpdateMonitor( 1065): received broadcast android.intent.action.TIME_TICK
D/KeyguardUpdateMonitor( 1065): handleTimeUpdate
D/KeyguardUpdateMonitor( 1065): received broadcast android.intent.action.BATTERY_CHANGED
D/KeyguardUpdateMonitor( 1065): received broadcast android.intent.action.BATTERY_CHANGED
D/KeyguardUpdateMonitor( 1065): handleBatteryUpdate
D/KeyguardUpdateMonitor( 1065): handleBatteryUpdate
I/ServiceKeeper(  927): In getpackagename pid = 927 uid = 1000 package name = android
I/ServiceKeeper(  927): In getpackagename pid = 927 uid = 1000 package name = android
I/ServiceKeeper(  927): In getpackagename pid = 927 uid = 1000 package name = android
I/ServiceKeeper(  927): In getpackagename pid = 927 uid = 1000 package name = android
I/EventLogChimeraService(16904): Aggregate from 1502233412897 (log), 1502233412897 (data)
D/Babel   (  544): RefCountedService(com.google.android.apps.hangouts.requestwriter.RequestWriter) onDestroy (count=0, startId=1 stopped=true)
I/ServiceKeeper(  927): In getpackagename pid = 927 uid = 1000 package name = android
D/AT_Distributor(  292): Send Msg [UART > ATD] 1 bytes <>
D/KeyguardUpdateMonitor( 1065): received broadcast android.intent.action.BATTERY_CHANGED
D/KeyguardUpdateMonitor( 1065): handleBatteryUpdate
D/KeyguardUpdateMonitor( 1065): received broadcast android.intent.action.TIME_TICK
D/KeyguardUpdateMonitor( 1065): handleTimeUpdate
D/KeyguardUpdateMonitor( 1065): received broadcast android.intent.action.BATTERY_CHANGED
D/KeyguardUpdateMonitor( 1065): handleBatteryUpdate
I/ServiceKeeper(  927): In getpackagename pid = 927 uid = 1000 package name = android
I/ServiceKeeper(  927): In getpackagename pid = 927 uid = 1000 package name = android
I/ServiceKeeper(  927): In getpackagename pid = 927 uid = 1000 package name = android
W/ctxmgr  ( 1243): [NetworkStateProducer]No state change for network connection context
I/ServiceKeeper(  927): In getpackagename pid = 927 uid = 1000 package name = android
D/AT_Distributor(  292): Send Msg [UART > ATD] 1 bytes <>
I/ServiceKeeper(  927): In getpackagename pid = 927 uid = 1000 package name = android
D/KeyguardUpdateMonitor( 1065): received broadcast android.intent.action.TIME_TICK
D/KeyguardUpdateMonitor( 1065): handleTimeUpdate
D/KeyguardUpdateMonitor( 1065): received broadcast android.intent.action.BATTERY_CHANGED
D/KeyguardUpdateMonitor( 1065): received broadcast android.intent.action.BATTERY_CHANGED
D/KeyguardUpdateMonitor( 1065): handleBatteryUpdate
D/KeyguardUpdateMonitor( 1065): handleBatteryUpdate
I/ServiceKeeper(  927): In getpackagename pid = 927 uid = 1000 package name = android
I/ServiceKeeper(  927): In getpackagename pid = 927 uid = 1000 package name = android
I/ServiceKeeper(  927): In getpackagename pid = 927 uid = 1000 package name = android
I/ServiceKeeper(  927): In getpackagename pid = 927 uid = 1000 package name = android
E/ctxmgr  ( 1243): [BaseServerTask]Failed network request due to no network connectivity: expired
E/ctxmgr  ( 1243): [AccountAclCallback]Failed Acl fetch: network status=1
I/ServiceKeeper(  927): In getpackagename pid = 927 uid = 1000 package name = android
I/ServiceKeeper(  927): In getpackagename pid = 927 uid = 1000 package name = android
I/ServiceKeeper(  927): In getpackagename pid = 927 uid = 1000 package name = android
E/ctxmgr  ( 1243): [BaseServerTask]Failed network request due to no network connectivity: expired
I/ServiceKeeper(  927): In getpackagename pid = 927 uid = 1000 package name = android
E/ctxmgr  ( 1243): [DailyCheckinOperation]Failed daily get config: network status=1
I/ServiceKeeper(  927): In getpackagename pid = 927 uid = 1000 package name = android
D/AT_Distributor(  292): Send Msg [UART > ATD] 1 bytes <>
D/KeyguardUpdateMonitor( 1065): received broadcast android.intent.action.TIME_TICK
D/KeyguardUpdateMonitor( 1065): handleTimeUpdate
I/ServiceKeeper(  927): In getpackagename pid = 927 uid = 1000 package name = android
I/ServiceKeeper(  927): In getpackagename pid = 927 uid = 1000 package name = android
D/KeyguardUpdateMonitor( 1065): received broadcast android.intent.action.BATTERY_CHANGED
D/KeyguardUpdateMonitor( 1065): received broadcast android.intent.action.BATTERY_CHANGED
D/KeyguardUpdateMonitor( 1065): handleBatteryUpdate
D/KeyguardUpdateMonitor( 1065): handleBatteryUpdate
I/ServiceKeeper(  927): In getpackagename pid = 927 uid = 1000 package name = android
I/ServiceKeeper(  927): In getpackagename pid = 927 uid = 1000 package name = android
D/AT_Distributor(  292): Send Msg [UART > ATD] 1 bytes <>
D/KeyguardUpdateMonitor( 1065): received broadcast android.intent.action.BATTERY_CHANGED
D/KeyguardUpdateMonitor( 1065): handleBatteryUpdate
I/ServiceKeeper(  927): In getpackagename pid = 927 uid = 1000 package name = android
I/ServiceKeeper(  927): In getpackagename pid = 927 uid = 1000 package name = android
I/ServiceKeeper(  927): In getpackagename pid = 927 uid = 1000 package name = android
D/KeyguardUpdateMonitor( 1065): received broadcast android.intent.action.TIME_TICK
D/KeyguardUpdateMonitor( 1065): handleTimeUpdate
D/Babel   (  544): onCreate: Shutdown runnable posted in onCreate with a delay of 5000 ms.
I/ServiceKeeper(  927): In getpackagename pid = 927 uid = 1000 package name = android
I/ServiceKeeper(  927): In getpackagename pid = 927 uid = 1000 package name = android
D/Babel   (  544): Idle: Shutdown runnable posted in release with a delay of 5000 ms.
I/ServiceKeeper(  927): In getpackagename pid = 927 uid = 1000 package name = android
I/ServiceKeeper(  927): In getpackagename pid = 927 uid = 1000 package name = android
I/ServiceKeeper(  927): In getpackagename pid = 927 uid = 1000 package name = android
D/AT_Distributor(  292): Send Msg [UART > ATD] 1 bytes <>
D/KeyguardUpdateMonitor( 1065): received broadcast android.intent.action.TIME_TICK
D/KeyguardUpdateMonitor( 1065): handleTimeUpdate
I/ServiceKeeper(  927): In getpackagename pid = 927 uid = 1000 package name = android
D/KeyguardUpdateMonitor( 1065): received broadcast android.intent.action.BATTERY_CHANGED
D/KeyguardUpdateMonitor( 1065): handleBatteryUpdate
D/KeyguardUpdateMonitor( 1065): received broadcast android.intent.action.BATTERY_CHANGED
D/KeyguardUpdateMonitor( 1065): handleBatteryUpdate
I/ServiceKeeper(  927): In getpackagename pid = 927 uid = 1000 package name = android
I/ServiceKeeper(  927): In getpackagename pid = 927 uid = 1000 package name = android
I/ServiceKeeper(  927): In getpackagename pid = 927 uid = 1000 package name = android
I/ServiceKeeper(  927): In getpackagename pid = 927 uid = 1000 package name = android
I/EventLogChimeraService(16904): Aggregate from 1502235213726 (log), 1502235213726 (data)
I/ServiceKeeper(  927): In getpackagename pid = 927 uid = 1000 package name = android
D/AT_Distributor(  292): Send Msg [UART > ATD] 1 bytes <>
D/KeyguardUpdateMonitor( 1065): received broadcast android.intent.action.TIME_TICK
D/KeyguardUpdateMonitor( 1065): handleTimeUpdate
I/ServiceKeeper(  927): In getpackagename pid = 927 uid = 1000 package name = android
D/KeyguardUpdateMonitor( 1065): received broadcast android.intent.action.BATTERY_CHANGED
D/KeyguardUpdateMonitor( 1065): handleBatteryUpdate
I/ServiceKeeper(  927): In getpackagename pid = 927 uid = 1000 package name = android
D/KeyguardUpdateMonitor( 1065): received broadcast android.intent.action.BATTERY_CHANGED
D/KeyguardUpdateMonitor( 1065): handleBatteryUpdate
I/ServiceKeeper(  927): In getpackagename pid = 927 uid = 1000 package name = android
D/dalvikvm( 1243): GC_CONCURRENT freed 1368K, 30% free 10970K/15604K, paused 10ms+10ms, total 875ms
W/ctxmgr  ( 1243): [NetworkStateProducer]No state change for network connection context
I/ServiceKeeper(  927): In getpackagename pid = 927 uid = 1000 package name = android
D/AT_Distributor(  292): Send Msg [UART > ATD] 1 bytes <>
D/KeyguardUpdateMonitor( 1065): received broadcast android.intent.action.TIME_TICK
D/KeyguardUpdateMonitor( 1065): handleTimeUpdate
D/KeyguardUpdateMonitor( 1065): received broadcast android.intent.action.BATTERY_CHANGED
D/KeyguardUpdateMonitor( 1065): handleBatteryUpdate
I/ServiceKeeper(  927): In getpackagename pid = 927 uid = 1000 package name = android
D/KeyguardUpdateMonitor( 1065): received broadcast android.intent.action.BATTERY_CHANGED
D/KeyguardUpdateMonitor( 1065): handleBatteryUpdate
I/ServiceKeeper(  927): In getpackagename pid = 927 uid = 1000 package name = android
I/ServiceKeeper(  927): In getpackagename pid = 927 uid = 1000 package name = android
I/ServiceKeeper(  927): In getpackagename pid = 927 uid = 1000 package name = android
E/ctxmgr  ( 1243): [BaseServerTask]Failed network request due to no network connectivity: expired
I/ServiceKeeper(  927): In getpackagename pid = 927 uid = 1000 package name = android
E/ctxmgr  ( 1243): [AccountAclCallback]Failed Acl fetch: network status=1
I/ServiceKeeper(  927): In getpackagename pid = 927 uid = 1000 package name = android
I/ServiceKeeper(  927): In getpackagename pid = 927 uid = 1000 package name = android
I/ServiceKeeper(  927): In getpackagename pid = 927 uid = 1000 package name = android
E/ctxmgr  ( 1243): [BaseServerTask]Failed network request due to no network connectivity: expired
E/ctxmgr  ( 1243): [DailyCheckinOperation]Failed daily get config: network status=1
I/ServiceKeeper(  927): In getpackagename pid = 927 uid = 1000 package name = android
I/ServiceKeeper(  927): In getpackagename pid = 927 uid = 1000 package name = android
D/AT_Distributor(  292): Send Msg [UART > ATD] 1 bytes <>
I/ServiceKeeper(  927): In getpackagename pid = 927 uid = 1000 package name = android
D/KeyguardUpdateMonitor( 1065): received broadcast android.intent.action.TIME_TICK
D/KeyguardUpdateMonitor( 1065): handleTimeUpdate
D/KeyguardUpdateMonitor( 1065): handleBatteryUpdate
D/KeyguardUpdateMonitor( 1065): received broadcast android.intent.action.BATTERY_CHANGED
I/ServiceKeeper(  927): In getpackagename pid = 927 uid = 1000 package name = android
I/ServiceKeeper(  927): In getpackagename pid = 927 uid = 1000 package name = android
I/ServiceKeeper(  927): In getpackagename pid = 927 uid = 1000 package name = android
I/ServiceKeeper(  927): In getpackagename pid = 927 uid = 1000 package name = android
I/ServiceKeeper(  927): In getpackagename pid = 927 uid = 1000 package name = android
I/ServiceKeeper(  927): In getpackagename pid = 927 uid = 1000 package name = android
I/ServiceKeeper(  927): In getpackagename pid = 927 uid = 1000 package name = android
I/ServiceKeeper(  927): In getpackagename pid = 927 uid = 1000 package name = android
D/AT_Distributor(  292): Send Msg [UART > ATD] 1 bytes <>
D/KeyguardUpdateMonitor( 1065): received broadcast android.intent.action.TIME_TICK
D/KeyguardUpdateMonitor( 1065): handleTimeUpdate
I/ServiceKeeper(  927): In getpackagename pid = 927 uid = 1000 package name = android
I/ServiceKeeper(  927): In getpackagename pid = 927 uid = 1000 package name = android
D/KeyguardUpdateMonitor( 1065): received broadcast android.intent.action.BATTERY_CHANGED
D/KeyguardUpdateMonitor( 1065): handleBatteryUpdate
D/KeyguardUpdateMonitor( 1065): received broadcast android.intent.action.BATTERY_CHANGED
D/KeyguardUpdateMonitor( 1065): handleBatteryUpdate
I/ServiceKeeper(  927): In getpackagename pid = 927 uid = 1000 package name = android
W/ctxmgr  ( 1243): [WorkManager]Long workInfo: pkg=com.google.android.gms, lbl=ListenerInvokerRunner, start=2017-08-09 02:22:58.087+0200, stop=2017-08-09 02:32:59.559+0200, durtn=601472ms
D/AT_Distributor(  292): Send Msg [UART > ATD] 1 bytes <>
D/KeyguardUpdateMonitor( 1065): received broadcast android.intent.action.BATTERY_CHANGED
D/KeyguardUpdateMonitor( 1065): handleBatteryUpdate
D/Babel   (  544): RefCountedService(com.google.android.apps.hangouts.requestwriter.RequestWriter) onDestroy (count=0, startId=1 stopped=true)
D/KeyguardUpdateMonitor( 1065): received broadcast android.intent.action.TIME_TICK
D/KeyguardUpdateMonitor( 1065): handleTimeUpdate
I/ServiceKeeper(  927): In getpackagename pid = 927 uid = 1000 package name = android
I/ServiceKeeper(  927): In getpackagename pid = 927 uid = 1000 package name = android
D/AT_Distributor(  292): Send Msg [UART > ATD] 1 bytes <>
D/KeyguardUpdateMonitor( 1065): received broadcast android.intent.action.TIME_TICK
D/KeyguardUpdateMonitor( 1065): handleTimeUpdate
D/KeyguardUpdateMonitor( 1065): received broadcast android.intent.action.BATTERY_CHANGED
D/KeyguardUpdateMonitor( 1065): handleBatteryUpdate
D/KeyguardUpdateMonitor( 1065): received broadcast android.intent.action.BATTERY_CHANGED
D/KeyguardUpdateMonitor( 1065): handleBatteryUpdate
I/ServiceKeeper(  927): In getpackagename pid = 927 uid = 1000 package name = android
I/ServiceKeeper(  927): In getpackagename pid = 927 uid = 1000 package name = android
I/ServiceKeeper(  927): In getpackagename pid = 927 uid = 1000 package name = android
I/ServiceKeeper(  927): In getpackagename pid = 927 uid = 1000 package name = android
I/ServiceKeeper(  927): In getpackagename pid = 927 uid = 1000 package name = android
I/ServiceKeeper(  927): In getpackagename pid = 927 uid = 1000 package name = android
I/ServiceKeeper(  927): In getpackagename pid = 927 uid = 1000 package name = android
I/ServiceKeeper(  927): In getpackagename pid = 927 uid = 1000 package name = android
I/ServiceKeeper(  927): In getpackagename pid = 927 uid = 1000 package name = android
I/ServiceKeeper(  927): In getpackagename pid = 927 uid = 1000 package name = android
I/ServiceKeeper(  927): In getpackagename pid = 927 uid = 1000 package name = android
I/ServiceKeeper(  927): In getpackagename pid = 927 uid = 1000 package name = android
D/dalvikvm(  927): GC_EXPLICIT freed 2956K, 18% free 23881K/29016K, paused 8ms+22ms, total 267ms
I/ServiceKeeper(  927): In getpackagename pid = 927 uid = 1000 package name = android
I/ServiceKeeper(  927): In getpackagename pid = 927 uid = 1000 package name = android
I/EventLogChimeraService(16904): Aggregate from 1502237256498 (log), 1502237256498 (data)
D/dalvikvm(16904): GC_EXPLICIT freed 874K, 39% free 9639K/15604K, paused 8ms+8ms, total 78ms
I/ServiceKeeper(  927): In getpackagename pid = 927 uid = 1000 package name = android
I/ServiceKeeper(  927): In getpackagename pid = 927 uid = 1000 package name = android
I/ServiceKeeper(  927): In getpackagename pid = 927 uid = 1000 package name = android
I/ServiceKeeper(  927): In getpackagename pid = 927 uid = 1000 package name = android
W/ctxmgr  ( 1243): [NetworkStateProducer]No state change for network connection context
I/ServiceKeeper(  927): In getpackagename pid = 927 uid = 1000 package name = android
I/ServiceKeeper(  927): In getpackagename pid = 927 uid = 1000 package name = android
I/ServiceKeeper(  927): In getpackagename pid = 927 uid = 1000 package name = android
D/AT_Distributor(  292): Send Msg [UART > ATD] 1 bytes <>
D/KeyguardUpdateMonitor( 1065): received broadcast android.intent.action.TIME_TICK
D/KeyguardUpdateMonitor( 1065): handleTimeUpdate
I/ServiceKeeper(  927): In getpackagename pid = 927 uid = 1000 package name = android
I/ServiceKeeper(  927): In getpackagename pid = 927 uid = 1000 package name = android
D/KeyguardUpdateMonitor( 1065): received broadcast android.intent.action.BATTERY_CHANGED
D/KeyguardUpdateMonitor( 1065): received broadcast android.intent.action.BATTERY_CHANGED
D/KeyguardUpdateMonitor( 1065): handleBatteryUpdate
D/KeyguardUpdateMonitor( 1065): handleBatteryUpdate
I/ServiceKeeper(  927): In getpackagename pid = 927 uid = 1000 package name = android
I/ServiceKeeper(  927): In getpackagename pid = 927 uid = 1000 package name = android
I/ServiceKeeper(  927): In getpackagename pid = 927 uid = 1000 package name = android
E/ctxmgr  ( 1243): [BaseServerTask]Failed network request due to no network connectivity: expired
I/ServiceKeeper(  927): In getpackagename pid = 927 uid = 1000 package name = android
E/ctxmgr  ( 1243): [AccountAclCallback]Failed Acl fetch: network status=1
I/ServiceKeeper(  927): In getpackagename pid = 927 uid = 1000 package name = android
I/ServiceKeeper(  927): In getpackagename pid = 927 uid = 1000 package name = android
E/ctxmgr  ( 1243): [BaseServerTask]Failed network request due to no network connectivity: expired
I/ServiceKeeper(  927): In getpackagename pid = 927 uid = 1000 package name = android
I/ServiceKeeper(  927): In getpackagename pid = 927 uid = 1000 package name = android
E/ctxmgr  ( 1243): [DailyCheckinOperation]Failed daily get config: network status=1
I/ServiceKeeper(  927): In getpackagename pid = 927 uid = 1000 package name = android
D/AT_Distributor(  292): Send Msg [UART > ATD] 1 bytes <>
D/KeyguardUpdateMonitor( 1065): received broadcast android.intent.action.TIME_TICK
D/KeyguardUpdateMonitor( 1065): handleTimeUpdate
I/ServiceKeeper(  927): In getpackagename pid = 927 uid = 1000 package name = android
D/KeyguardUpdateMonitor( 1065): received broadcast android.intent.action.BATTERY_CHANGED
D/KeyguardUpdateMonitor( 1065): received broadcast android.intent.action.BATTERY_CHANGED
D/KeyguardUpdateMonitor( 1065): handleBatteryUpdate
D/KeyguardUpdateMonitor( 1065): handleBatteryUpdate
I/ServiceKeeper(  927): In getpackagename pid = 927 uid = 1000 package name = android
D/AT_Distributor(  292): Send Msg [UART > ATD] 1 bytes <>
D/KeyguardUpdateMonitor( 1065): received broadcast android.intent.action.TIME_TICK
D/KeyguardUpdateMonitor( 1065): handleTimeUpdate
I/ServiceKeeper(  927): In getpackagename pid = 927 uid = 1000 package name = android
I/ServiceKeeper(  927): In getpackagename pid = 927 uid = 1000 package name = android
D/KeyguardUpdateMonitor( 1065): received broadcast android.intent.action.BATTERY_CHANGED
D/KeyguardUpdateMonitor( 1065): received broadcast android.intent.action.BATTERY_CHANGED
D/KeyguardUpdateMonitor( 1065): handleBatteryUpdate
D/KeyguardUpdateMonitor( 1065): handleBatteryUpdate
I/ServiceKeeper(  927): In getpackagename pid = 927 uid = 1000 package name = android
I/ServiceKeeper(  927): In getpackagename pid = 927 uid = 1000 package name = android
D/AT_Distributor(  292): Send Msg [UART > ATD] 1 bytes <>
D/KeyguardUpdateMonitor( 1065): received broadcast android.intent.action.TIME_TICK
D/KeyguardUpdateMonitor( 1065): handleTimeUpdate
D/KeyguardUpdateMonitor( 1065): received broadcast android.intent.action.BATTERY_CHANGED
D/KeyguardUpdateMonitor( 1065): handleBatteryUpdate
I/ServiceKeeper(  927): In getpackagename pid = 927 uid = 1000 package name = android
I/ServiceKeeper(  927): In getpackagename pid = 927 uid = 1000 package name = android
I/ServiceKeeper(  927): In getpackagename pid = 927 uid = 1000 package name = android
I/ServiceKeeper(  927): In getpackagename pid = 927 uid = 1000 package name = android
I/ServiceKeeper(  927): In getpackagename pid = 927 uid = 1000 package name = android
I/ServiceKeeper(  927): In getpackagename pid = 927 uid = 1000 package name = android
D/AT_Distributor(  292): Send Msg [UART > ATD] 1 bytes <>
D/KeyguardUpdateMonitor( 1065): received broadcast android.intent.action.TIME_TICK
D/KeyguardUpdateMonitor( 1065): handleTimeUpdate
D/KeyguardUpdateMonitor( 1065): received broadcast android.intent.action.BATTERY_CHANGED
D/KeyguardUpdateMonitor( 1065): handleBatteryUpdate
I/ServiceKeeper(  927): In getpackagename pid = 927 uid = 1000 package name = android
D/KeyguardUpdateMonitor( 1065): received broadcast android.intent.action.BATTERY_CHANGED
D/KeyguardUpdateMonitor( 1065): handleBatteryUpdate
I/ServiceKeeper(  927): In getpackagename pid = 927 uid = 1000 package name = android
D/AT_Distributor(  292): Send Msg [UART > ATD] 1 bytes <>
I/Finsky  ( 8283): [1] com.google.android.finsky.scheduler.AlarmEngineService.onStartCommand(6): AlarmManagerEngine onStart
I/Finsky  ( 8283): [1] com.google.android.finsky.scheduler.AlarmEngineService.onStartCommand(8): onAlarmManagerWakeup
I/ServiceKeeper(  927): In getpackagename pid = 927 uid = 1000 package name = android
D/KeyguardUpdateMonitor( 1065): received broadcast android.intent.action.TIME_TICK
D/KeyguardUpdateMonitor( 1065): handleTimeUpdate
D/KeyguardUpdateMonitor( 1065): received broadcast android.intent.action.BATTERY_CHANGED
D/KeyguardUpdateMonitor( 1065): handleBatteryUpdate
I/ServiceKeeper(  927): In getpackagename pid = 927 uid = 1000 package name = android
I/Finsky  ( 8283): [1] com.google.android.finsky.scheduler.j.a(22): Scheduling fallback in 43199907 (absolute: 432094892)
D/KeyguardUpdateMonitor( 1065): received broadcast android.intent.action.BATTERY_CHANGED
D/KeyguardUpdateMonitor( 1065): handleBatteryUpdate
I/Finsky  ( 8283): [1] com.google.android.finsky.scheduler.j.a(22): Scheduling fallback in 64799988 (absolute: 453694987)
I/Finsky  ( 8283): [1] com.google.android.finsky.scheduler.m.a(197): Will halt after 600000
I/ServiceKeeper(  927): In getpackagename pid = 927 uid = 1000 package name = android
I/Finsky  ( 8283): [1] com.google.android.finsky.scheduler.o.handleMessage(22): DeviceState: DeviceState{currentTime=1502241762517, isCharging=false, isIdle=true, netAny=false, netNotRoaming=false, netUnmetered=false}
I/ServiceKeeper(  927): In getpackagename pid = 927 uid = 1000 package name = android
I/ServiceKeeper(  927): In getpackagename pid = 927 uid = 1000 package name = android
D/Babel   (  544): onCreate: Shutdown runnable posted in onCreate with a delay of 5000 ms.
I/ServiceKeeper(  927): In getpackagename pid = 927 uid = 1000 package name = android
I/ServiceKeeper(  927): In getpackagename pid = 927 uid = 1000 package name = android
I/ServiceKeeper(  927): In getpackagename pid = 927 uid = 1000 package name = android
D/Babel   (  544): Idle: Shutdown runnable posted in release with a delay of 5000 ms.
I/Finsky  ( 8283): [1] com.google.android.finsky.scheduler.m.a(95): RunningQueue size: 0
I/ServiceKeeper(  927): In getpackagename pid = 927 uid = 1000 package name = android
I/Finsky  ( 8283): [1] com.google.android.finsky.scheduler.m.a(96): PendingQueue size: 0
D/knox    ( 3840): received intent . getAction  :com.sec.knox.seandroid.alarm.LOG_UPLOAD_ALARM_INTENT
D/knox    ( 3840): hashed intent . action takeoutLOG_UPLOAD_ALARM
I/Finsky  ( 8283): [1] com.google.android.finsky.scheduler.o.handleMessage(173): Executor finished
I/knox    ( 3840): InnerIntentReceiver.onReceive() : com.sec.knox.seandroid.alarm.LOG_UPLOAD_ALARM_INTENT
D/knox    ( 3840): before startService
D/Babel   (  544): Idle: Shutdown runnable posted in release with a delay of 5000 ms.
I/ServiceKeeper(  927): In getpackagename pid = 927 uid = 1000 package name = android
I/ServiceKeeper(  927): In getpackagename pid = 927 uid = 1000 package name = android
D/knox    ( 3840): after startService
D/knox    ( 3840): before entering switch block
D/knox    ( 3840): entered LOG_UPLOAD_ALARM
D/knox    ( 3840): ServiceHandler : LOG_UPLOAD_ALARM
D/knox    ( 3840): startFileChecker
I/ServiceKeeper(  927): In getpackagename pid = 927 uid = 1000 package name = android
I/knox    ( 3840): start checking file  for uploading
I/ServiceKeeper(  927): In getpackagename pid = 927 uid = 1000 package name = android
I/ServiceKeeper(  927): In getpackagename pid = 927 uid = 1000 package name = android
I/EventLogChimeraService(16904): Aggregate from 1502239057178 (log), 1502239057178 (data)
W/ctxmgr  ( 1243): [AclManager]null policy map (3) -1, clientInfo=(accnt=account#-312649032#, com.google.android.gms(10033):AccountManager, vrsn=11302034, 0, 3pPkg = null ,  3pMdlId = null ,  pid = 1243)
W/ctxmgr  ( 1243): [AccountManager]Can't read store: account#-312649032#, 7503
D/dalvikvm( 1243): GC_CONCURRENT freed 1359K, 30% free 10931K/15604K, paused 4ms+5ms, total 62ms
W/ctxmgr  ( 1243): [AclManager]null policy map (3) -1, clientInfo=(accnt=account#-517948760#, com.google.android.gms(10033):AccountManager, vrsn=11302034, 0, 3pPkg = null ,  3pMdlId = null ,  pid = 1243)
W/ctxmgr  ( 1243): [AccountManager]Can't read store: account#-517948760#, 7503
D/dalvikvm(  927): GC_EXPLICIT freed 1405K, 19% free 23713K/29016K, paused 7ms+13ms, total 182ms
I/ServiceKeeper(  927): In getpackagename pid = 927 uid = 1000 package name = android
W/ctxmgr  ( 1243): [NetworkStateProducer]No state change for network connection context
I/ServiceKeeper(  927): In getpackagename pid = 927 uid = 1000 package name = android
D/AT_Distributor(  292): Send Msg [UART > ATD] 1 bytes <>
I/ServiceKeeper(  927): In getpackagename pid = 927 uid = 1000 package name = android
I/ServiceKeeper(  927): In getpackagename pid = 927 uid = 1000 package name = android
I/ServiceKeeper(  927): In getpackagename pid = 927 uid = 1000 package name = android
D/KeyguardUpdateMonitor( 1065): received broadcast android.intent.action.BATTERY_CHANGED
D/KeyguardUpdateMonitor( 1065): handleBatteryUpdate
D/KeyguardUpdateMonitor( 1065): received broadcast android.intent.action.BATTERY_CHANGED
D/KeyguardUpdateMonitor( 1065): handleBatteryUpdate
I/ServiceKeeper(  927): In getpackagename pid = 927 uid = 1000 package name = android
D/AT_Distributor(  292): Send Msg [UART > ATD] 1 bytes <>
D/KeyguardUpdateMonitor( 1065): received broadcast android.intent.action.TIME_TICK
D/KeyguardUpdateMonitor( 1065): handleTimeUpdate
D/KeyguardUpdateMonitor( 1065): received broadcast android.intent.action.BATTERY_CHANGED
D/KeyguardUpdateMonitor( 1065): received broadcast android.intent.action.BATTERY_CHANGED
D/KeyguardUpdateMonitor( 1065): handleBatteryUpdate
I/ServiceKeeper(  927): In getpackagename pid = 927 uid = 1000 package name = android
I/ServiceKeeper(  927): In getpackagename pid = 927 uid = 1000 package name = android
E/ctxmgr  ( 1243): [BaseServerTask]Failed network request due to no network connectivity: expired
E/ctxmgr  ( 1243): [BaseServerTask]Failed network request due to no network connectivity: expired
D/KeyguardUpdateMonitor( 1065): handleBatteryUpdate
I/ServiceKeeper(  927): In getpackagename pid = 927 uid = 1000 package name = android
E/ctxmgr  ( 1243): [AccountAclCallback]Failed Acl fetch: network status=1
E/ctxmgr  ( 1243): [DailyCheckinOperation]Failed daily get config: network status=1
I/ServiceKeeper(  927): In getpackagename pid = 927 uid = 1000 package name = android
D/AT_Distributor(  292): Send Msg [UART > ATD] 1 bytes <>
I/ServiceKeeper(  927): In getpackagename pid = 927 uid = 1000 package name = android
D/KeyguardUpdateMonitor( 1065): received broadcast android.intent.action.BATTERY_CHANGED
D/KeyguardUpdateMonitor( 1065): handleBatteryUpdate
D/KeyguardUpdateMonitor( 1065): received broadcast android.intent.action.TIME_TICK
D/KeyguardUpdateMonitor( 1065): received broadcast android.intent.action.BATTERY_CHANGED
D/KeyguardUpdateMonitor( 1065): handleTimeUpdate
D/KeyguardUpdateMonitor( 1065): handleBatteryUpdate
I/ServiceKeeper(  927): In getpackagename pid = 927 uid = 1000 package name = android
D/AT_Distributor(  292): Send Msg [UART > ATD] 1 bytes <>
I/ServiceKeeper(  927): In getpackagename pid = 927 uid = 1000 package name = android
D/KeyguardUpdateMonitor( 1065): received broadcast android.intent.action.TIME_TICK
D/KeyguardUpdateMonitor( 1065): handleTimeUpdate
D/KeyguardUpdateMonitor( 1065): received broadcast android.intent.action.BATTERY_CHANGED
D/KeyguardUpdateMonitor( 1065): handleBatteryUpdate
D/KeyguardUpdateMonitor( 1065): received broadcast android.intent.action.BATTERY_CHANGED
D/KeyguardUpdateMonitor( 1065): handleBatteryUpdate
I/ServiceKeeper(  927): In getpackagename pid = 927 uid = 1000 package name = android
D/AT_Distributor(  292): Send Msg [UART > ATD] 1 bytes <>
I/ServiceKeeper(  927): In getpackagename pid = 927 uid = 1000 package name = android
D/KeyguardUpdateMonitor( 1065): received broadcast android.intent.action.BATTERY_CHANGED
D/KeyguardUpdateMonitor( 1065): handleBatteryUpdate
D/KeyguardUpdateMonitor( 1065): received broadcast android.intent.action.TIME_TICK
D/KeyguardUpdateMonitor( 1065): received broadcast android.intent.action.BATTERY_CHANGED
D/KeyguardUpdateMonitor( 1065): handleTimeUpdate
D/KeyguardUpdateMonitor( 1065): handleBatteryUpdate
I/ServiceKeeper(  927): In getpackagename pid = 927 uid = 1000 package name = android
D/AT_Distributor(  292): Send Msg [UART > ATD] 1 bytes <>
D/Babel   (  544): RefCountedService(com.google.android.apps.hangouts.requestwriter.RequestWriter) onDestroy (count=0, startId=1 stopped=true)
I/ServiceKeeper(  927): In getpackagename pid = 927 uid = 1000 package name = android
D/KeyguardUpdateMonitor( 1065): received broadcast android.intent.action.TIME_TICK
D/KeyguardUpdateMonitor( 1065): handleTimeUpdate
D/KeyguardUpdateMonitor( 1065): received broadcast android.intent.action.BATTERY_CHANGED
D/KeyguardUpdateMonitor( 1065): handleBatteryUpdate
I/ServiceKeeper(  927): In getpackagename pid = 927 uid = 1000 package name = android
D/AT_Distributor(  292): Send Msg [UART > ATD] 1 bytes <>
D/KeyguardUpdateMonitor( 1065): received broadcast android.intent.action.TIME_TICK
D/KeyguardUpdateMonitor( 1065): handleTimeUpdate
D/KeyguardUpdateMonitor( 1065): received broadcast android.intent.action.BATTERY_CHANGED
D/KeyguardUpdateMonitor( 1065): received broadcast android.intent.action.BATTERY_CHANGED
D/KeyguardUpdateMonitor( 1065): handleBatteryUpdate
I/ServiceKeeper(  927): In getpackagename pid = 927 uid = 1000 package name = android
D/KeyguardUpdateMonitor( 1065): handleBatteryUpdate
I/ServiceKeeper(  927): In getpackagename pid = 927 uid = 1000 package name = android
I/ServiceKeeper(  927): In getpackagename pid = 927 uid = 1000 package name = android
I/ServiceKeeper(  927): In getpackagename pid = 927 uid = 1000 package name = android
I/ServiceKeeper(  927): In getpackagename pid = 927 uid = 1000 package name = android
I/ServiceKeeper(  927): In getpackagename pid = 927 uid = 1000 package name = android
I/ServiceKeeper(  927): In getpackagename pid = 927 uid = 1000 package name = android
I/ServiceKeeper(  927): In getpackagename pid = 927 uid = 1000 package name = android
I/ServiceKeeper(  927): In getpackagename pid = 927 uid = 1000 package name = android
I/ServiceKeeper(  927): In getpackagename pid = 927 uid = 1000 package name = android
I/ServiceKeeper(  927): In getpackagename pid = 927 uid = 1000 package name = android
I/ServiceKeeper(  927): In getpackagename pid = 927 uid = 1000 package name = android
I/ServiceKeeper(  927): In getpackagename pid = 927 uid = 1000 package name = android
I/EventLogChimeraService(16904): Aggregate from 1502241762718 (log), 1502241762718 (data)
I/ServiceKeeper(  927): In getpackagename pid = 927 uid = 1000 package name = android
D/AT_Distributor(  292): Send Msg [UART > ATD] 1 bytes <>
I/ServiceKeeper(  927): In getpackagename pid = 927 uid = 1000 package name = android
D/KeyguardUpdateMonitor( 1065): received broadcast android.intent.action.TIME_TICK
D/KeyguardUpdateMonitor( 1065): handleTimeUpdate
D/KeyguardUpdateMonitor( 1065): received broadcast android.intent.action.BATTERY_CHANGED
D/KeyguardUpdateMonitor( 1065): received broadcast android.intent.action.BATTERY_CHANGED
D/KeyguardUpdateMonitor( 1065): handleBatteryUpdate
D/KeyguardUpdateMonitor( 1065): handleBatteryUpdate
I/ServiceKeeper(  927): In getpackagename pid = 927 uid = 1000 package name = android
I/ServiceKeeper(  927): In getpackagename pid = 927 uid = 1000 package name = android
W/ctxmgr  ( 1243): [NetworkStateProducer]No state change for network connection context
I/ServiceKeeper(  927): In getpackagename pid = 927 uid = 1000 package name = android
D/AT_Distributor(  292): Send Msg [UART > ATD] 1 bytes <>
I/ServiceKeeper(  927): In getpackagename pid = 927 uid = 1000 package name = android
D/KeyguardUpdateMonitor( 1065): received broadcast android.intent.action.TIME_TICK
D/KeyguardUpdateMonitor( 1065): handleTimeUpdate
D/KeyguardUpdateMonitor( 1065): received broadcast android.intent.action.BATTERY_CHANGED
D/KeyguardUpdateMonitor( 1065): handleBatteryUpdate
I/ServiceKeeper(  927): In getpackagename pid = 927 uid = 1000 package name = android
I/ServiceKeeper(  927): In getpackagename pid = 927 uid = 1000 package name = android
E/ctxmgr  ( 1243): [BaseServerTask]Failed network request due to no network connectivity: expired
I/ServiceKeeper(  927): In getpackagename pid = 927 uid = 1000 package name = android
I/ServiceKeeper(  927): In getpackagename pid = 927 uid = 1000 package name = android
E/ctxmgr  ( 1243): [AccountAclCallback]Failed Acl fetch: network status=1
I/ServiceKeeper(  927): In getpackagename pid = 927 uid = 1000 package name = android
I/ServiceKeeper(  927): In getpackagename pid = 927 uid = 1000 package name = android
I/ServiceKeeper(  927): In getpackagename pid = 927 uid = 1000 package name = android
I/ServiceKeeper(  927): In getpackagename pid = 927 uid = 1000 package name = android
E/ctxmgr  ( 1243): [BaseServerTask]Failed network request due to no network connectivity: expired
E/ctxmgr  ( 1243): [DailyCheckinOperation]Failed daily get config: network status=1
I/ServiceKeeper(  927): In getpackagename pid = 927 uid = 1000 package name = android
D/AT_Distributor(  292): Send Msg [UART > ATD] 1 bytes <>
D/KeyguardUpdateMonitor( 1065): received broadcast android.intent.action.TIME_TICK
D/KeyguardUpdateMonitor( 1065): handleTimeUpdate
I/ServiceKeeper(  927): In getpackagename pid = 927 uid = 1000 package name = android
D/KeyguardUpdateMonitor( 1065): received broadcast android.intent.action.BATTERY_CHANGED
D/KeyguardUpdateMonitor( 1065): handleBatteryUpdate
D/KeyguardUpdateMonitor( 1065): received broadcast android.intent.action.BATTERY_CHANGED
D/KeyguardUpdateMonitor( 1065): handleBatteryUpdate
I/ServiceKeeper(  927): In getpackagename pid = 927 uid = 1000 package name = android
I/ServiceKeeper(  927): In getpackagename pid = 927 uid = 1000 package name = android
I/ServiceKeeper(  927): In getpackagename pid = 927 uid = 1000 package name = android
I/ServiceKeeper(  927): In getpackagename pid = 927 uid = 1000 package name = android
I/ServiceKeeper(  927): In getpackagename pid = 927 uid = 1000 package name = android
I/ServiceKeeper(  927): In getpackagename pid = 927 uid = 1000 package name = android
I/ServiceKeeper(  927): In getpackagename pid = 927 uid = 1000 package name = android
I/ServiceKeeper(  927): In getpackagename pid = 927 uid = 1000 package name = android
I/ServiceKeeper(  927): In getpackagename pid = 927 uid = 1000 package name = android
I/ServiceKeeper(  927): In getpackagename pid = 927 uid = 1000 package name = android
I/ServiceKeeper(  927): In getpackagename pid = 927 uid = 1000 package name = android
D/Babel   (  544): onCreate: Shutdown runnable posted in onCreate with a delay of 5000 ms.
I/ServiceKeeper(  927): In getpackagename pid = 927 uid = 1000 package name = android
D/AT_Distributor(  292): Send Msg [UART > ATD] 1 bytes <>
I/ServiceKeeper(  927): In getpackagename pid = 927 uid = 1000 package name = android
D/KeyguardUpdateMonitor( 1065): received broadcast android.intent.action.TIME_TICK
D/KeyguardUpdateMonitor( 1065): handleTimeUpdate
I/ServiceKeeper(  927): In getpackagename pid = 927 uid = 1000 package name = android
W/ctxmgr  ( 1243): [WorkManager]Long workInfo: pkg=com.google.android.gms, lbl=ListenerInvokerRunner, start=2017-08-09 04:22:58.583+0200, stop=2017-08-09 04:32:59.394+0200, durtn=600811ms
I/ServiceKeeper(  927): In getpackagename pid = 927 uid = 1000 package name = android
D/Babel   (  544): Idle: Shutdown runnable posted in release with a delay of 5000 ms.
D/KeyguardUpdateMonitor( 1065): received broadcast android.intent.action.BATTERY_CHANGED
D/KeyguardUpdateMonitor( 1065): handleBatteryUpdate
D/AT_Distributor(  292): Send Msg [UART > ATD] 1 bytes <>
D/KeyguardUpdateMonitor( 1065): received broadcast android.intent.action.TIME_TICK
D/KeyguardUpdateMonitor( 1065): handleTimeUpdate
I/ServiceKeeper(  927): In getpackagename pid = 927 uid = 1000 package name = android
D/KeyguardUpdateMonitor( 1065): received broadcast android.intent.action.BATTERY_CHANGED
D/KeyguardUpdateMonitor( 1065): handleBatteryUpdate
D/KeyguardUpdateMonitor( 1065): received broadcast android.intent.action.BATTERY_CHANGED
D/KeyguardUpdateMonitor( 1065): handleBatteryUpdate
I/ServiceKeeper(  927): In getpackagename pid = 927 uid = 1000 package name = android
D/AT_Distributor(  292): Send Msg [UART > ATD] 1 bytes <>
D/KeyguardUpdateMonitor( 1065): received broadcast android.intent.action.TIME_TICK
D/KeyguardUpdateMonitor( 1065): handleTimeUpdate
I/ServiceKeeper(  927): In getpackagename pid = 927 uid = 1000 package name = android
D/KeyguardUpdateMonitor( 1065): received broadcast android.intent.action.BATTERY_CHANGED
D/KeyguardUpdateMonitor( 1065): handleBatteryUpdate
D/KeyguardUpdateMonitor( 1065): received broadcast android.intent.action.BATTERY_CHANGED
D/KeyguardUpdateMonitor( 1065): handleBatteryUpdate
I/ServiceKeeper(  927): In getpackagename pid = 927 uid = 1000 package name = android
I/ServiceKeeper(  927): In getpackagename pid = 927 uid = 1000 package name = android
I/ServiceKeeper(  927): In getpackagename pid = 927 uid = 1000 package name = android
I/ServiceKeeper(  927): In getpackagename pid = 927 uid = 1000 package name = android
I/ServiceKeeper(  927): In getpackagename pid = 927 uid = 1000 package name = android
I/ServiceKeeper(  927): In getpackagename pid = 927 uid = 1000 package name = android
I/ServiceKeeper(  927): In getpackagename pid = 927 uid = 1000 package name = android
I/ServiceKeeper(  927): In getpackagename pid = 927 uid = 1000 package name = android
I/ServiceKeeper(  927): In getpackagename pid = 927 uid = 1000 package name = android
I/ServiceKeeper(  927): In getpackagename pid = 927 uid = 1000 package name = android
I/ServiceKeeper(  927): In getpackagename pid = 927 uid = 1000 package name = android
I/ServiceKeeper(  927): In getpackagename pid = 927 uid = 1000 package name = android
I/EventLogChimeraService(16904): Aggregate from 1502244213637 (log), 1502244213637 (data)
I/ServiceKeeper(  927): In getpackagename pid = 927 uid = 1000 package name = android
I/ServiceKeeper(  927): In getpackagename pid = 927 uid = 1000 package name = android
I/ServiceKeeper(  927): In getpackagename pid = 927 uid = 1000 package name = android
D/dalvikvm( 1243): GC_CONCURRENT freed 1328K, 30% free 10981K/15604K, paused 5ms+9ms, total 80ms
W/ctxmgr  ( 1243): [NetworkStateProducer]No state change for network connection context
D/dalvikvm(  927): GC_EXPLICIT freed 1807K, 18% free 23799K/29016K, paused 6ms+13ms, total 181ms
I/ServiceKeeper(  927): In getpackagename pid = 927 uid = 1000 package name = android
I/ServiceKeeper(  927): In getpackagename pid = 927 uid = 1000 package name = android
D/AT_Distributor(  292): Send Msg [UART > ATD] 1 bytes <>
I/ServiceKeeper(  927): In getpackagename pid = 927 uid = 1000 package name = android
I/ServiceKeeper(  927): In getpackagename pid = 927 uid = 1000 package name = android
D/KeyguardUpdateMonitor( 1065): received broadcast android.intent.action.TIME_TICK
D/KeyguardUpdateMonitor( 1065): handleTimeUpdate
D/KeyguardUpdateMonitor( 1065): received broadcast android.intent.action.BATTERY_CHANGED
D/KeyguardUpdateMonitor( 1065): handleBatteryUpdate
I/ServiceKeeper(  927): In getpackagename pid = 927 uid = 1000 package name = android
E/ctxmgr  ( 1243): [BaseServerTask]Failed network request due to no network connectivity: expired
E/ctxmgr  ( 1243): [BaseServerTask]Failed network request due to no network connectivity: expired
E/ctxmgr  ( 1243): [AccountAclCallback]Failed Acl fetch: network status=1
E/ctxmgr  ( 1243): [DailyCheckinOperation]Failed daily get config: network status=1
I/ServiceKeeper(  927): In getpackagename pid = 927 uid = 1000 package name = android
I/ServiceKeeper(  927): In getpackagename pid = 927 uid = 1000 package name = android
I/ServiceKeeper(  927): In getpackagename pid = 927 uid = 1000 package name = android
D/AT_Distributor(  292): Send Msg [UART > ATD] 1 bytes <>
D/KeyguardUpdateMonitor( 1065): received broadcast android.intent.action.TIME_TICK
D/KeyguardUpdateMonitor( 1065): handleTimeUpdate
I/ServiceKeeper(  927): In getpackagename pid = 927 uid = 1000 package name = android
I/ServiceKeeper(  927): In getpackagename pid = 927 uid = 1000 package name = android
D/KeyguardUpdateMonitor( 1065): received broadcast android.intent.action.BATTERY_CHANGED
D/KeyguardUpdateMonitor( 1065): received broadcast android.intent.action.BATTERY_CHANGED
D/KeyguardUpdateMonitor( 1065): handleBatteryUpdate
D/KeyguardUpdateMonitor( 1065): handleBatteryUpdate
I/ServiceKeeper(  927): In getpackagename pid = 927 uid = 1000 package name = android
I/ServiceKeeper(  927): In getpackagename pid = 927 uid = 1000 package name = android
D/AT_Distributor(  292): Send Msg [UART > ATD] 1 bytes <>
D/KeyguardUpdateMonitor( 1065): received broadcast android.intent.action.TIME_TICK
D/KeyguardUpdateMonitor( 1065): handleTimeUpdate
I/ServiceKeeper(  927): In getpackagename pid = 927 uid = 1000 package name = android
I/ServiceKeeper(  927): In getpackagename pid = 927 uid = 1000 package name = android
D/KeyguardUpdateMonitor( 1065): received broadcast android.intent.action.BATTERY_CHANGED
D/KeyguardUpdateMonitor( 1065): handleBatteryUpdate
I/ServiceKeeper(  927): In getpackagename pid = 927 uid = 1000 package name = android
I/SELinux (12076): Function: selinux_android_load_priority [0], There is no sepolicy file.
I/SELinux (12076):
I/SELinux (12076): Function: selinux_android_load_priority , spota verifySig and checkHash pass. priority version is VE=SEPF_GT-I9195_4.4.2_0055
I/SELinux (12076):
I/SELinux (12076):
I/SELinux (12076): selinux_android_seapp_context_reload: seapp_contexts file is loaded from /data/security/spota/seapp_contexts
E/dalvikvm(12076): >>>>> Normal User
E/dalvikvm(12076): >>>>> com.policydm [ userId:0 | appId:1000 ]
I/FOTA    (12076): [com.sec.android.fota.common.feature.CustomerFeature$CustomerFeatureBase(108/getOmcCustomerPath)] oms: /customer.xml
I/FOTA    (12076): [com.sec.android.fota.common.feature.CustomerFeature$CustomerFeatureBase(199/getInputStream)] read default : /system/csc/customer.xml
I/FOTA    (12076): [com.sec.android.policyagent.PolicyApplication(36/onCreate)] PolicyApplication onCreated!
I/DBG_POLICYDM(12076): [com.policydm.db.XDB(1600/xdbDMffs_Init)] xdbDMffs_Init
I/DBG_POLICYDM(12076): [com.policydm.db.XDBAESCrypt(142/xdbGetCryptionkey)] try read dbString
I/DBG_POLICYDM(12076): [com.policydm.XDMService(161/xdmUIHandelerInit)] xdmUIHandelerInit
I/DBG_POLICYDM(12076): [com.sec.android.policydm.aasa.AASAUpdater(52/<init>)]
I/SELinux (12092): Function: selinux_android_load_priority [0], There is no sepolicy file.
I/SELinux (12092):
I/DBG_POLICYDM(12076): [com.sec.android.policydm.aasa.AASAAgent(28/Init)] AASAUpdater Init Success
D/Babel   (  544): RefCountedService(com.google.android.apps.hangouts.requestwriter.RequestWriter) onDestroy (count=0, startId=1 stopped=true)
I/DBG_POLICYDM(12076): [com.policydm.db.XDBFumoAdp(442/xdbGetFUMOStatus)] xdbGetFUMOStatus : 0
I/DBG_POLICYDM(12076): [com.policydm.XDMService(585/xdmGetNotibarState)] get NotibarState : 0
I/DBG_POLICYDM(12076): [com.policydm.db.XDBFile(63/xdbFileExists)] doesn't exist target file: /data/security/sepolicy
I/DBG_POLICYDM(12076): [com.policydm.db.XDBFile(63/xdbFileExists)] doesn't exist target file: /data/security/seapp_contexts
I/DBG_POLICYDM(12076): [com.policydm.db.XDBFile(63/xdbFileExists)] doesn't exist target file: /data/security/property_contexts
I/DBG_POLICYDM(12076): [com.policydm.db.XDBFile(63/xdbFileExists)] doesn't exist target file: /data/security/file_contexts
I/DBG_POLICYDM(12076): [com.policydm.db.XDBFile(63/xdbFileExists)] doesn't exist target file: /data/security/service_contexts
I/DBG_POLICYDM(12076): [com.policydm.db.XDBFile(63/xdbFileExists)] doesn't exist target file: /data/security/mac_permissions.xml
I/DBG_POLICYDM(12076): [com.sec.android.policyagent.RegistrationReceiver(57/onReceive)] RegistrationReceiver onReceive! action = sec.policyagent.action.POLLING_TIME
I/SELinux (12092): Function: selinux_android_load_priority , spota verifySig and checkHash pass. priority version is VE=SEPF_GT-I9195_4.4.2_0055
I/SELinux (12092):
I/SELinux (12092):
I/SELinux (12092): selinux_android_seapp_context_reload: seapp_contexts file is loaded from /data/security/spota/seapp_contexts
E/dalvikvm(12092): >>>>> Normal User
E/dalvikvm(12092): >>>>> com.samsung.aasaservice [ userId:0 | appId:1000 ]
I/DBG_POLICYDM(12076): [com.sec.android.policyagent.RegistrationReceiver(102/onReceive)] Already device registered...
I/DBG_POLICYDM(12076): [com.sec.android.policyagent.db.SettingState(90/checkSettingDBDeviceRegister)] device register flag at setting DB : true
I/DBG_POLICYDM(12076): [com.policydm.db.XDBSpdAdp(35/xdbGetSpdDeviceRegister)] Register Flag is 0
I/DBG_POLICYDM(12076): [com.sec.android.policyagent.RegistrationReceiver(348/checkSIMChangedForOMCSupportedModel)] OMC not Supported model
D/AASAservice(12092): onCreate()
I/DBG_POLICYDM(12076): [com.sec.android.policyagent.registration.polling.Polling(115/isValidPollingTime)] Next polling time:2017/08/09/04:53:07
I/DBG_POLICYDM(12076): [com.sec.android.policyagent.registration.polling.Polling(116/isValidPollingTime)] Polling time is not vaild
