W/WearSignatureVerifier( 8283): No package com.google.android.wearable.app.cn
I/WearableService( 1243): Wearable Services not starting - Wear is not available on this device.
I/ServiceKeeper(  927): In getpackagename pid = 927 uid = 1000 package name = android
I/ServiceKeeper(  927): In getpackagename pid = 927 uid = 1000 package name = android
I/Finsky  ( 8283): [1079] com.google.android.finsky.flushlogs.FlushLogsReceiver$FlushLogsService.onHandleIntent(10): Flushing event logs for [WLDzxSiQlSXfIJIe76sBK5159fM]
I/PlayCommon( 8283): [1074] com.google.android.play.a.g.e(222): Preparing logs for uploading
I/PlayCommon( 8283): [1074] com.google.android.play.a.g.e(226): No file ready to send
I/Finsky  ( 8283): [1] com.google.android.finsky.verifier.impl.VerifyInstalledPackagesReceiver.a(31): Skipping verification because network inactive
I/PlayCommon( 8283): [1041] com.google.android.play.a.g.e(222): Preparing logs for uploading
D/WearableService( 1243): onGetService - Wear is not available on this device.
W/WearSignatureVerifier( 8283): No package com.google.android.wearable.app.cn
E/Finsky  ( 8283): [1] com.google.android.finsky.wear.bl.a(3): onConnectionFailed: ConnectionResult{statusCode=API_UNAVAILABLE, resolution=null, message=null}
W/Finsky  ( 8283): [1] com.google.android.finsky.wear.aj.run(9): Dropping command=hygiene due to Gms not connected
I/ServiceKeeper(  927): In getpackagename pid = 927 uid = 1000 package name = android
I/ServiceKeeper(  927): In getpackagename pid = 927 uid = 1000 package name = android
I/ServiceKeeper(  927): In getpackagename pid = 927 uid = 1000 package name = android
I/PlayCommon( 8283): [1041] com.google.android.play.a.g.a(436): Connecting to server: https://play.googleapis.com/play/log?format=raw&proto_v2=true
I/ServiceKeeper(  927): In getpackagename pid = 927 uid = 1000 package name = android
I/ServiceKeeper(  927): In getpackagename pid = 927 uid = 1000 package name = android
I/ServiceKeeper(  927): In getpackagename pid = 927 uid = 1000 package name = android
D/dalvikvm( 1469): GC_CONCURRENT freed 1077K, 38% free 9684K/15604K, paused 3ms+8ms, total 52ms
E/PlayCommon( 8283): [1041] com.google.android.play.a.g.a(466): Failed to connect to server: java.net.UnknownHostException: Unable to resolve host "play.googleapis.com": No address associated with hostname
I/ServiceKeeper(  927): In getpackagename pid = 927 uid = 1000 package name = android
I/ServiceKeeper(  927): In getpackagename pid = 927 uid = 1000 package name = android
W/ctxmgr  ( 1243): [AclManager]null policy map (3) -1, clientInfo=(accnt=account#-312649032#, com.google.android.gms(10033):AccountManager, vrsn=11302034, 0, 3pPkg = null ,  3pMdlId = null ,  pid = 1243)
W/ctxmgr  ( 1243): [AccountManager]Can't read store: account#-312649032#, 7503
W/ctxmgr  ( 1243): [AclManager]null policy map (3) -1, clientInfo=(accnt=account#-517948760#, com.google.android.gms(10033):AccountManager, vrsn=11302034, 0, 3pPkg = null ,  3pMdlId = null ,  pid = 1243)
W/ctxmgr  ( 1243): [AccountManager]Can't read store: account#-517948760#, 7503
I/ServiceKeeper(  927): In getpackagename pid = 927 uid = 1000 package name = android
D/AT_Distributor(  292): Send Msg [UART > ATD] 1 bytes <>
I/ServiceKeeper(  927): In getpackagename pid = 927 uid = 1000 package name = android
I/ServiceKeeper(  927): In getpackagename pid = 927 uid = 1000 package name = android
D/KeyguardUpdateMonitor( 1065): received broadcast android.intent.action.BATTERY_CHANGED
D/KeyguardUpdateMonitor( 1065): handleBatteryUpdate
D/KeyguardUpdateMonitor( 1065): received broadcast android.intent.action.BATTERY_CHANGED
D/KeyguardUpdateMonitor( 1065): handleBatteryUpdate
D/dalvikvm( 8283): GC_CONCURRENT freed 770K, 44% free 8777K/15604K, paused 4ms+5ms, total 39ms
D/dalvikvm( 8283): WAIT_FOR_CONCURRENT_GC blocked 25ms
D/AT_Distributor(  292): Send Msg [UART > ATD] 1 bytes <>
I/ServiceKeeper(  927): In getpackagename pid = 927 uid = 1000 package name = android
I/ServiceKeeper(  927): In getpackagename pid = 927 uid = 1000 package name = android
I/ServiceKeeper(  927): In getpackagename pid = 927 uid = 1000 package name = android
I/ServiceKeeper(  927): In getpackagename pid = 927 uid = 1000 package name = android
I/ServiceKeeper(  927): In getpackagename pid = 927 uid = 1000 package name = android
I/ServiceKeeper(  927): In getpackagename pid = 927 uid = 1000 package name = android
D/KeyguardUpdateMonitor( 1065): received broadcast android.intent.action.BATTERY_CHANGED
D/KeyguardUpdateMonitor( 1065): handleBatteryUpdate
I/ServiceKeeper(  927): In getpackagename pid = 927 uid = 1000 package name = android
D/Babel   (  544): onCreate: Shutdown runnable posted in onCreate with a delay of 5000 ms.
D/KeyguardUpdateMonitor( 1065): received broadcast android.intent.action.BATTERY_CHANGED
D/Babel   (  544): Idle: Shutdown runnable posted in release with a delay of 5000 ms.
D/Babel   (  544): Idle: Shutdown runnable posted in release with a delay of 5000 ms.
D/Babel   (  544): Idle: Shutdown runnable posted in release with a delay of 5000 ms.
D/KeyguardUpdateMonitor( 1065): handleBatteryUpdate
D/AT_Distributor(  292): Send Msg [UART > ATD] 1 bytes <>
I/ServiceKeeper(  927): In getpackagename pid = 927 uid = 1000 package name = android
I/ServiceKeeper(  927): In getpackagename pid = 927 uid = 1000 package name = android
D/KeyguardUpdateMonitor( 1065): received broadcast android.intent.action.BATTERY_CHANGED
D/KeyguardUpdateMonitor( 1065): handleBatteryUpdate
I/ServiceKeeper(  927): In getpackagename pid = 927 uid = 1000 package name = android
I/ServiceKeeper(  927): In getpackagename pid = 927 uid = 1000 package name = android
W/ctxmgr  ( 1243): [WorkManager]Long workInfo: pkg=com.google.android.gms, lbl=ListenerInvokerRunner, start=2017-08-08 15:22:53.498+0200, stop=2017-08-08 15:22:56.382+0200, durtn=2884ms
I/ServiceKeeper(  927): In getpackagename pid = 927 uid = 1000 package name = android
D/[SAUI]  ( 4123): AutoUpdateService::onStartCommand
D/[SAUI]  ( 4123): AutoUpdateService::runAutoUpdateManager
D/[SAUI]  ( 4123): AutoUpdateManager:IDLE:AutoUpdateManager::execute : false false true state: IDLE
D/KeyguardUpdateMonitor( 1065): received broadcast android.intent.action.BATTERY_CHANGED
D/[SAUI]  ( 4123): AutoUpdateManager:INITCHECK:AutoUpdateManager::checkInitialize
D/[SA_INIT]( 4123): AutoUpdateManager ServiceInitializer startInitialize()
D/[SA_INIT]( 4123): createTaskForServiceInitialize()
D/[SA_INIT]( 4123): NetworkStateCheckUnit workImpl()
I/ServiceKeeper(  927): In getpackagename pid = 927 uid = 1000 package name = android
D/KeyguardUpdateMonitor( 1065): handleBatteryUpdate
W/Settings( 4123): Setting airplane_mode_on has moved from android.provider.Settings.System to android.provider.Settings.Global, returning read-only value.
D/[SA_INIT]( 4123): NetworkStateCheckUnit sendBlockingProgress BLOCKING_RETRY
D/[SA_INIT]( 4123): ServiceInitializer onInitializeResult() reuslt : false
D/[SAUI]  ( 4123): AutoUpdateManager:INITCHECK:onInitializeFailed
V/WorkCallable( 4123): WorkCallable #2 [com.sec.android.app.joule.unit.EndTaskUnit] PreWork Cancelled...... java.lang.InterruptedException null
V/JOULE   ( 4123): JOULELOG [WorkCallable #3]  com.sec.android.app.samsungapps.joule.unit.initialization.NetworkStateCheckUnit[ Task [35, 1109213496_0] ] [NetworkStateCheckUnit] sendBlockingProgress InterruptedException
V/WorkCallable( 4123): WorkCallable #3 [com.sec.android.app.samsungapps.joule.unit.initialization.NetworkStateCheckUnit] Work canceled: java.lang.InterruptedException
I/ServiceKeeper(  927): In getpackagename pid = 927 uid = 1000 package name = android
D/AT_Distributor(  292): Send Msg [UART > ATD] 1 bytes <>
I/ServiceKeeper(  927): In getpackagename pid = 927 uid = 1000 package name = android
D/KeyguardUpdateMonitor( 1065): received broadcast android.intent.action.TIME_TICK
D/KeyguardUpdateMonitor( 1065): handleTimeUpdate
D/KeyguardUpdateMonitor( 1065): received broadcast android.intent.action.BATTERY_CHANGED
D/KeyguardUpdateMonitor( 1065): received broadcast android.intent.action.BATTERY_CHANGED
D/KeyguardUpdateMonitor( 1065): handleBatteryUpdate
D/KeyguardUpdateMonitor( 1065): handleBatteryUpdate
V/JOULE   ( 4123): JOULELOG [main]  com.sec.android.app.joule.g Task [35, 1109213496_0] [END] CANCELED, Cause : java.lang.InterruptedException
I/ServiceKeeper(  927): In getpackagename pid = 927 uid = 1000 package name = android
I/ServiceKeeper(  927): In getpackagename pid = 927 uid = 1000 package name = android
E/SPPClientService( 4392): [ForceUpdateAlarmReceiver] Alarm Setting. After one day, it will alram.
D/PreloadUpdateManagerStateMachine( 4123): execute::IDLE:EXECUTE
D/PreloadUpdateManagerStateMachine( 4123): exit::IDLE
D/PreloadUpdateManagerStateMachine( 4123): entry::CHECK_TIMEOUT_FOR_UPDATE
D/AT_Distributor(  292): Send Msg [UART > ATD] 1 bytes <>
D/KeyguardUpdateMonitor( 1065): received broadcast android.intent.action.TIME_TICK
D/KeyguardUpdateMonitor( 1065): handleTimeUpdate
I/ServiceKeeper(  927): In getpackagename pid = 927 uid = 1000 package name = android
I/ServiceKeeper(  927): In getpackagename pid = 927 uid = 1000 package name = android
D/[SAUI]  ( 4123): AutoUpdateTriggerManager:IDLE:notifyNextTime
D/PreloadUpdateManagerStateMachine( 4123): execute::CHECK_TIMEOUT_FOR_UPDATE:NO_TIMED_OUT
D/KeyguardUpdateMonitor( 1065): received broadcast android.intent.action.BATTERY_CHANGED
D/KeyguardUpdateMonitor( 1065): handleBatteryUpdate
E/ctxmgr  ( 1243): [BaseServerTask]Failed network request due to no network connectivity: expired
D/KeyguardUpdateMonitor( 1065): received broadcast android.intent.action.BATTERY_CHANGED
D/KeyguardUpdateMonitor( 1065): handleBatteryUpdate
D/PreloadUpdateManagerStateMachine( 4123): exit::CHECK_TIMEOUT_FOR_UPDATE
D/PreloadUpdateManagerStateMachine( 4123): entry::IDLE
I/ServiceKeeper(  927): In getpackagename pid = 927 uid = 1000 package name = android
D/PreloadUpdateManagerStateMachine( 4123): execute::IDLE:CHECK_TIMER_OVER
E/ctxmgr  ( 1243): [AccountAclCallback]Failed Acl fetch: network status=1
E/ctxmgr  ( 1243): [DailyCheckinOperation]Failed daily get config: network status=1
E/ctxmgr  ( 1243): [BaseServerTask]Failed network request due to no network connectivity: expired
I/ServiceKeeper(  927): In getpackagename pid = 927 uid = 1000 package name = android
D/dalvikvm( 8283): GC_CONCURRENT freed 428K, 41% free 9246K/15604K, paused 15ms+4ms, total 56ms
I/SA      ( 7054): [BDLR] registration intent received
I/SA      ( 7054): [BDLR] SPP Push Client registration result - EXTRA_STR_ACTION : available //  EXTRA_STR : null  //  EXTRA_RESULT_CODE : 0
D/AT_Distributor(  292): Send Msg [UART > ATD] 1 bytes <>
D/KeyguardUpdateMonitor( 1065): received broadcast android.intent.action.TIME_TICK
D/KeyguardUpdateMonitor( 1065): handleTimeUpdate
I/ServiceKeeper(  927): In getpackagename pid = 927 uid = 1000 package name = android
I/ServiceKeeper(  927): In getpackagename pid = 927 uid = 1000 package name = android
W/ctxmgr  ( 1243): [WorkManager]Long workInfo: pkg=com.google.android.gms, lbl=LogResultCallback_onResult, start=2017-08-08 15:24:40.549+0200, stop=2017-08-08 15:25:30.386+0200, durtn=49837ms
I/Finsky  ( 8283): [1059] com.google.android.finsky.h.c.a(22): Completed 0 account content syncs with 0 successful.
I/Finsky  ( 8283): [1] com.google.android.finsky.services.e.a(5): Installation state replication succeeded.
D/KeyguardUpdateMonitor( 1065): received broadcast android.intent.action.BATTERY_CHANGED
D/KeyguardUpdateMonitor( 1065): handleBatteryUpdate
I/ServiceKeeper(  927): In getpackagename pid = 927 uid = 1000 package name = android
I/ServiceKeeper(  927): In getpackagename pid = 927 uid = 1000 package name = android
I/ServiceKeeper(  927): In getpackagename pid = 927 uid = 1000 package name = android
I/ServiceKeeper(  927): In getpackagename pid = 927 uid = 1000 package name = android
I/ServiceKeeper(  927): In getpackagename pid = 927 uid = 1000 package name = android
D/AT_Distributor(  292): Send Msg [UART > ATD] 1 bytes <>
D/KeyguardUpdateMonitor( 1065): received broadcast android.intent.action.TIME_TICK
D/KeyguardUpdateMonitor( 1065): handleTimeUpdate
I/ServiceKeeper(  927): In getpackagename pid = 927 uid = 1000 package name = android
D/KeyguardUpdateMonitor( 1065): received broadcast android.intent.action.BATTERY_CHANGED
D/KeyguardUpdateMonitor( 1065): received broadcast android.intent.action.BATTERY_CHANGED
D/KeyguardUpdateMonitor( 1065): handleBatteryUpdate
D/KeyguardUpdateMonitor( 1065): handleBatteryUpdate
I/ServiceKeeper(  927): In getpackagename pid = 927 uid = 1000 package name = android
D/AT_Distributor(  292): Send Msg [UART > ATD] 1 bytes <>
I/ServiceKeeper(  927): In getpackagename pid = 927 uid = 1000 package name = android
D/KeyguardUpdateMonitor( 1065): received broadcast android.intent.action.BATTERY_CHANGED
D/KeyguardUpdateMonitor( 1065): handleBatteryUpdate
D/KeyguardUpdateMonitor( 1065): received broadcast android.intent.action.TIME_TICK
D/KeyguardUpdateMonitor( 1065): handleTimeUpdate
I/ServiceKeeper(  927): In getpackagename pid = 927 uid = 1000 package name = android
D/AT_Distributor(  292): Send Msg [UART > ATD] 1 bytes <>
D/KeyguardUpdateMonitor( 1065): received broadcast android.intent.action.TIME_TICK
D/KeyguardUpdateMonitor( 1065): handleTimeUpdate
D/KeyguardUpdateMonitor( 1065): received broadcast android.intent.action.BATTERY_CHANGED
D/KeyguardUpdateMonitor( 1065): received broadcast android.intent.action.BATTERY_CHANGED
D/KeyguardUpdateMonitor( 1065): handleBatteryUpdate
I/ServiceKeeper(  927): In getpackagename pid = 927 uid = 1000 package name = android
I/WearableService( 1243): Wearable Services stopping
D/KeyguardUpdateMonitor( 1065): handleBatteryUpdate
I/ServiceKeeper(  927): In getpackagename pid = 927 uid = 1000 package name = android
D/AT_Distributor(  292): Send Msg [UART > ATD] 1 bytes <>
D/Babel   (  544): RefCountedService(com.google.android.apps.hangouts.requestwriter.RequestWriter) onDestroy (count=0, startId=1 stopped=true)
I/ServiceKeeper(  927): In getpackagename pid = 927 uid = 1000 package name = android
I/ServiceKeeper(  927): In getpackagename pid = 927 uid = 1000 package name = android
D/KeyguardUpdateMonitor( 1065): received broadcast android.intent.action.TIME_TICK
D/KeyguardUpdateMonitor( 1065): handleTimeUpdate
I/ServiceKeeper(  927): In getpackagename pid = 927 uid = 1000 package name = android
D/KeyguardUpdateMonitor( 1065): received broadcast android.intent.action.BATTERY_CHANGED
D/KeyguardUpdateMonitor( 1065): handleBatteryUpdate
I/ServiceKeeper(  927): In getpackagename pid = 927 uid = 1000 package name = android
I/ServiceKeeper(  927): In getpackagename pid = 927 uid = 1000 package name = android
I/ServiceKeeper(  927): In getpackagename pid = 927 uid = 1000 package name = android
I/ServiceKeeper(  927): In getpackagename pid = 927 uid = 1000 package name = android
I/ServiceKeeper(  927): In getpackagename pid = 927 uid = 1000 package name = android
I/ServiceKeeper(  927): In getpackagename pid = 927 uid = 1000 package name = android
I/ServiceKeeper(  927): In getpackagename pid = 927 uid = 1000 package name = android
I/ServiceKeeper(  927): In getpackagename pid = 927 uid = 1000 package name = android
I/ServiceKeeper(  927): In getpackagename pid = 927 uid = 1000 package name = android
I/ServiceKeeper(  927): In getpackagename pid = 927 uid = 1000 package name = android
I/EventLogChimeraService(16904): Aggregate from 1502198549976 (log), 1502198549976 (data)
I/ServiceKeeper(  927): In getpackagename pid = 927 uid = 1000 package name = android
E/Auth    ( 1469): [GoogleAccountDataServiceImpl] getToken() -> NETWORK_ERROR. Account: <ELLIDED:224167254>, App: com.google.android.gms, Service: oauth2: email
W/Auth    ( 1469): [GetToken] GetToken failed with status code: NetworkError
I/ServiceKeeper(  927): In getpackagename pid = 927 uid = 1000 package name = android
W/ctxmgr  ( 1243): [NetworkStateProducer]No state change for network connection context
D/AT_Distributor(  292): Send Msg [UART > ATD] 1 bytes <>
I/ServiceKeeper(  927): In getpackagename pid = 927 uid = 1000 package name = android
W/ctxmgr  ( 1243): [WorkManager]Long workInfo: pkg=com.google.android.gms, lbl=ListenerInvokerRunner, start=2017-08-08 16:03:30.981+0200, stop=2017-08-08 16:03:34.374+0200, durtn=3393ms
D/KeyguardUpdateMonitor( 1065): received broadcast android.intent.action.BATTERY_CHANGED
D/KeyguardUpdateMonitor( 1065): handleBatteryUpdate
D/KeyguardUpdateMonitor( 1065): received broadcast android.intent.action.BATTERY_CHANGED
D/KeyguardUpdateMonitor( 1065): handleBatteryUpdate
I/ServiceKeeper(  927): In getpackagename pid = 927 uid = 1000 package name = android
I/ServiceKeeper(  927): In getpackagename pid = 927 uid = 1000 package name = android
I/ServiceKeeper(  927): In getpackagename pid = 927 uid = 1000 package name = android
I/ServiceKeeper(  927): In getpackagename pid = 927 uid = 1000 package name = android
I/ServiceKeeper(  927): In getpackagename pid = 927 uid = 1000 package name = android
I/ServiceKeeper(  927): In getpackagename pid = 927 uid = 1000 package name = android
I/ServiceKeeper(  927): In getpackagename pid = 927 uid = 1000 package name = android
I/ServiceKeeper(  927): In getpackagename pid = 927 uid = 1000 package name = android
I/ServiceKeeper(  927): In getpackagename pid = 927 uid = 1000 package name = android
I/ServiceKeeper(  927): In getpackagename pid = 927 uid = 1000 package name = android
I/ServiceKeeper(  927): In getpackagename pid = 927 uid = 1000 package name = android
I/ServiceKeeper(  927): In getpackagename pid = 927 uid = 1000 package name = android
D/AT_Distributor(  292): Send Msg [UART > ATD] 1 bytes <>
D/KeyguardUpdateMonitor( 1065): received broadcast android.intent.action.TIME_TICK
D/KeyguardUpdateMonitor( 1065): handleTimeUpdate
I/ServiceKeeper(  927): In getpackagename pid = 927 uid = 1000 package name = android
I/ServiceKeeper(  927): In getpackagename pid = 927 uid = 1000 package name = android
D/KeyguardUpdateMonitor( 1065): received broadcast android.intent.action.BATTERY_CHANGED
D/KeyguardUpdateMonitor( 1065): handleBatteryUpdate
D/KeyguardUpdateMonitor( 1065): received broadcast android.intent.action.BATTERY_CHANGED
D/KeyguardUpdateMonitor( 1065): handleBatteryUpdate
I/ServiceKeeper(  927): In getpackagename pid = 927 uid = 1000 package name = android
I/ServiceKeeper(  927): In getpackagename pid = 927 uid = 1000 package name = android
I/ServiceKeeper(  927): In getpackagename pid = 927 uid = 1000 package name = android
D/dalvikvm(  927): GC_EXPLICIT freed 3340K, 17% free 24106K/29016K, paused 5ms+17ms, total 176ms
I/ServiceKeeper(  927): In getpackagename pid = 927 uid = 1000 package name = android
I/ServiceKeeper(  927): In getpackagename pid = 927 uid = 1000 package name = android
E/ctxmgr  ( 1243): [BaseServerTask]Failed network request due to no network connectivity: expired
E/ctxmgr  ( 1243): [AccountAclCallback]Failed Acl fetch: network status=1
I/ServiceKeeper(  927): In getpackagename pid = 927 uid = 1000 package name = android
I/ServiceKeeper(  927): In getpackagename pid = 927 uid = 1000 package name = android
I/ServiceKeeper(  927): In getpackagename pid = 927 uid = 1000 package name = android
I/ServiceKeeper(  927): In getpackagename pid = 927 uid = 1000 package name = android
E/ctxmgr  ( 1243): [BaseServerTask]Failed network request due to no network connectivity: expired
I/ServiceKeeper(  927): In getpackagename pid = 927 uid = 1000 package name = android
E/ctxmgr  ( 1243): [DailyCheckinOperation]Failed daily get config: network status=1
I/ServiceKeeper(  927): In getpackagename pid = 927 uid = 1000 package name = android
D/dalvikvm( 1243): GC_CONCURRENT freed 1409K, 31% free 10913K/15604K, paused 5ms+7ms, total 68ms
I/ServiceKeeper(  927): In getpackagename pid = 927 uid = 1000 package name = android
I/ServiceKeeper(  927): In getpackagename pid = 927 uid = 1000 package name = android
D/AT_Distributor(  292): Send Msg [UART > ATD] 1 bytes <>
D/KeyguardUpdateMonitor( 1065): received broadcast android.intent.action.TIME_TICK
D/KeyguardUpdateMonitor( 1065): handleTimeUpdate
I/ServiceKeeper(  927): In getpackagename pid = 927 uid = 1000 package name = android
I/ServiceKeeper(  927): In getpackagename pid = 927 uid = 1000 package name = android
D/KeyguardUpdateMonitor( 1065): received broadcast android.intent.action.BATTERY_CHANGED
D/KeyguardUpdateMonitor( 1065): handleBatteryUpdate
D/KeyguardUpdateMonitor( 1065): received broadcast android.intent.action.BATTERY_CHANGED
D/KeyguardUpdateMonitor( 1065): handleBatteryUpdate
I/ServiceKeeper(  927): In getpackagename pid = 927 uid = 1000 package name = android
D/AT_Distributor(  292): Send Msg [UART > ATD] 1 bytes <>
D/KeyguardUpdateMonitor( 1065): received broadcast android.intent.action.TIME_TICK
D/KeyguardUpdateMonitor( 1065): handleTimeUpdate
I/ServiceKeeper(  927): In getpackagename pid = 927 uid = 1000 package name = android
D/KeyguardUpdateMonitor( 1065): received broadcast android.intent.action.BATTERY_CHANGED
D/KeyguardUpdateMonitor( 1065): handleBatteryUpdate
I/ServiceKeeper(  927): In getpackagename pid = 927 uid = 1000 package name = android
D/KeyguardUpdateMonitor( 1065): received broadcast android.intent.action.BATTERY_CHANGED
D/KeyguardUpdateMonitor( 1065): handleBatteryUpdate
I/ServiceKeeper(  927): In getpackagename pid = 927 uid = 1000 package name = android
I/ServiceKeeper(  927): In getpackagename pid = 927 uid = 1000 package name = android
I/ServiceKeeper(  927): In getpackagename pid = 927 uid = 1000 package name = android
I/ServiceKeeper(  927): In getpackagename pid = 927 uid = 1000 package name = android
I/ServiceKeeper(  927): In getpackagename pid = 927 uid = 1000 package name = android
I/ServiceKeeper(  927): In getpackagename pid = 927 uid = 1000 package name = android
I/ServiceKeeper(  927): In getpackagename pid = 927 uid = 1000 package name = android
I/ServiceKeeper(  927): In getpackagename pid = 927 uid = 1000 package name = android
I/ServiceKeeper(  927): In getpackagename pid = 927 uid = 1000 package name = android
I/ServiceKeeper(  927): In getpackagename pid = 927 uid = 1000 package name = android
D/Babel   (  544): onCreate: Shutdown runnable posted in onCreate with a delay of 5000 ms.
I/ServiceKeeper(  927): In getpackagename pid = 927 uid = 1000 package name = android
I/ServiceKeeper(  927): In getpackagename pid = 927 uid = 1000 package name = android
D/AT_Distributor(  292): Send Msg [UART > ATD] 1 bytes <>
I/ServiceKeeper(  927): In getpackagename pid = 927 uid = 1000 package name = android
D/KeyguardUpdateMonitor( 1065): received broadcast android.intent.action.TIME_TICK
D/KeyguardUpdateMonitor( 1065): handleTimeUpdate
D/KeyguardUpdateMonitor( 1065): received broadcast android.intent.action.BATTERY_CHANGED
D/KeyguardUpdateMonitor( 1065): received broadcast android.intent.action.BATTERY_CHANGED
D/KeyguardUpdateMonitor( 1065): handleBatteryUpdate
D/dalvikvm(  544): GC_CONCURRENT freed 2370K, 20% free 12648K/15756K, paused 4ms+215ms, total 339ms
D/dalvikvm(  544): WAIT_FOR_CONCURRENT_GC blocked 334ms
D/KeyguardUpdateMonitor( 1065): handleBatteryUpdate
I/ServiceKeeper(  927): In getpackagename pid = 927 uid = 1000 package name = android
D/Babel   (  544): Idle: Shutdown runnable posted in release with a delay of 5000 ms.
D/Babel   (  544): Idle: Shutdown runnable posted in release with a delay of 5000 ms.
D/AT_Distributor(  292): Send Msg [UART > ATD] 1 bytes <>
D/KeyguardUpdateMonitor( 1065): received broadcast android.intent.action.BATTERY_CHANGED
D/KeyguardUpdateMonitor( 1065): handleBatteryUpdate
I/ServiceKeeper(  927): In getpackagename pid = 927 uid = 1000 package name = android
D/KeyguardUpdateMonitor( 1065): received broadcast android.intent.action.TIME_TICK
D/KeyguardUpdateMonitor( 1065): handleTimeUpdate
I/ServiceKeeper(  927): In getpackagename pid = 927 uid = 1000 package name = android
I/ServiceKeeper(  927): In getpackagename pid = 927 uid = 1000 package name = android
I/ServiceKeeper(  927): In getpackagename pid = 927 uid = 1000 package name = android
I/ServiceKeeper(  927): In getpackagename pid = 927 uid = 1000 package name = android
I/ServiceKeeper(  927): In getpackagename pid = 927 uid = 1000 package name = android
I/EventLogChimeraService(16904): Aggregate from 1502201010655 (log), 1502201010655 (data)
I/ServiceKeeper(  927): In getpackagename pid = 927 uid = 1000 package name = android
I/ServiceKeeper(  927): In getpackagename pid = 927 uid = 1000 package name = android
D/AT_Distributor(  292): Send Msg [UART > ATD] 1 bytes <>
I/ServiceKeeper(  927): In getpackagename pid = 927 uid = 1000 package name = android
D/KeyguardUpdateMonitor( 1065): received broadcast android.intent.action.TIME_TICK
D/KeyguardUpdateMonitor( 1065): handleTimeUpdate
D/KeyguardUpdateMonitor( 1065): received broadcast android.intent.action.BATTERY_CHANGED
D/KeyguardUpdateMonitor( 1065): handleBatteryUpdate
D/AT_Distributor(  292): Send Msg [UART > ATD] 1 bytes <>
D/KeyguardUpdateMonitor( 1065): received broadcast android.intent.action.BATTERY_CHANGED
D/KeyguardUpdateMonitor( 1065): handleBatteryUpdate
I/ServiceKeeper(  927): In getpackagename pid = 927 uid = 1000 package name = android
I/ServiceKeeper(  927): In getpackagename pid = 927 uid = 1000 package name = android
D/KeyguardUpdateMonitor( 1065): received broadcast android.intent.action.BATTERY_CHANGED
D/KeyguardUpdateMonitor( 1065): handleBatteryUpdate
I/ServiceKeeper(  927): In getpackagename pid = 927 uid = 1000 package name = android
I/Finsky  ( 8283): [1] com.google.android.finsky.hygiene.DailyHygiene$DailyHygieneService.onStartCommand(27): Beginning daily hygiene, foreground = false, reason = 7
I/Finsky  ( 8283): [1] com.google.android.finsky.hygiene.DailyHygiene.a(157): Probe [WLDzxSiQlSXfIJIe76sBK5159fM] for daily hygiene pass
D/KeyguardUpdateMonitor( 1065): received broadcast android.intent.action.TIME_TICK
D/KeyguardUpdateMonitor( 1065): handleTimeUpdate
I/ServiceKeeper(  927): In getpackagename pid = 927 uid = 1000 package name = android
D/KeyguardUpdateMonitor( 1065): received broadcast android.intent.action.BATTERY_CHANGED
D/KeyguardUpdateMonitor( 1065): handleBatteryUpdate
I/ServiceKeeper(  927): In getpackagename pid = 927 uid = 1000 package name = android
I/ServiceKeeper(  927): In getpackagename pid = 927 uid = 1000 package name = android
D/dalvikvm(  927): GC_EXPLICIT freed 1567K, 19% free 23737K/29016K, paused 6ms+15ms, total 202ms
W/Finsky  ( 8283): [1] com.google.android.finsky.hygiene.d.a(35): Self-update check failed with error: com.android.volley.NoConnectionError: java.net.UnknownHostException: Unable to resolve host "android.clients.google.com": No address associated with hostname
I/Finsky  ( 8283): [1] com.google.android.finsky.api.a.n.c(483): Not delivering error response for request=[[ ] https://android.clients.google.com/fdfe/toc 0xe8d195d1 NORMAL 17], error=[com.android.volley.NoConnectionError: java.net.UnknownHostException: Unable to resolve host "android.clients.google.com": No address associated with hostname] because response already delivered.
W/ctxmgr  ( 1243): [NetworkStateProducer]No state change for network connection context
D/AT_Distributor(  292): Send Msg [UART > ATD] 1 bytes <>
W/ctxmgr  ( 1243): [WorkManager]Long workInfo: pkg=com.google.android.gms, lbl=ListenerInvokerRunner, start=2017-08-08 16:51:33.882+0200, stop=2017-08-08 16:53:33.378+0200, durtn=119496ms
D/KeyguardUpdateMonitor( 1065): received broadcast android.intent.action.TIME_TICK
D/KeyguardUpdateMonitor( 1065): handleTimeUpdate
I/ServiceKeeper(  927): In getpackagename pid = 927 uid = 1000 package name = android
I/ServiceKeeper(  927): In getpackagename pid = 927 uid = 1000 package name = android
D/KeyguardUpdateMonitor( 1065): received broadcast android.intent.action.BATTERY_CHANGED
D/KeyguardUpdateMonitor( 1065): handleBatteryUpdate
D/dalvikvm( 1469): GC_CONCURRENT freed 979K, 39% free 9636K/15604K, paused 3ms+4ms, total 541ms
I/ServiceKeeper(  927): In getpackagename pid = 927 uid = 1000 package name = android
E/ctxmgr  ( 1243): [BaseServerTask]Failed network request due to no network connectivity: expired
E/ctxmgr  ( 1243): [AccountAclCallback]Failed Acl fetch: network status=1
I/ServiceKeeper(  927): In getpackagename pid = 927 uid = 1000 package name = android
I/ServiceKeeper(  927): In getpackagename pid = 927 uid = 1000 package name = android
W/Finsky  ( 8283): [1] com.google.android.finsky.az.a.w.a(9): Library replication failed: com.android.volley.NoConnectionError: java.net.UnknownHostException: Unable to resolve host "android.clients.google.com": No address associated with hostname
I/ServiceKeeper(  927): In getpackagename pid = 927 uid = 1000 package name = android
I/ServiceKeeper(  927): In getpackagename pid = 927 uid = 1000 package name = android
E/ctxmgr  ( 1243): [BaseServerTask]Failed network request due to no network connectivity: expired
I/ServiceKeeper(  927): In getpackagename pid = 927 uid = 1000 package name = android
E/ctxmgr  ( 1243): [DailyCheckinOperation]Failed daily get config: network status=1
D/dalvikvm( 8283): GC_CONCURRENT freed 1228K, 43% free 9032K/15604K, paused 4ms+9ms, total 46ms
I/ServiceKeeper(  927): In getpackagename pid = 927 uid = 1000 package name = android
D/AT_Distributor(  292): Send Msg [UART > ATD] 1 bytes <>
D/KeyguardUpdateMonitor( 1065): received broadcast android.intent.action.BATTERY_CHANGED
D/KeyguardUpdateMonitor( 1065): handleBatteryUpdate
I/ServiceKeeper(  927): In getpackagename pid = 927 uid = 1000 package name = android
I/ServiceKeeper(  927): In getpackagename pid = 927 uid = 1000 package name = android
D/AT_Distributor(  292): Send Msg [UART > ATD] 1 bytes <>
I/ServiceKeeper(  927): In getpackagename pid = 927 uid = 1000 package name = android
D/KeyguardUpdateMonitor( 1065): received broadcast android.intent.action.BATTERY_CHANGED
D/KeyguardUpdateMonitor( 1065): handleBatteryUpdate
D/KeyguardUpdateMonitor( 1065): received broadcast android.intent.action.TIME_TICK
D/KeyguardUpdateMonitor( 1065): handleTimeUpdate
D/KeyguardUpdateMonitor( 1065): received broadcast android.intent.action.BATTERY_CHANGED
D/KeyguardUpdateMonitor( 1065): handleBatteryUpdate
D/Babel   (  544): RefCountedService(com.google.android.apps.hangouts.requestwriter.RequestWriter) onDestroy (count=0, startId=1 stopped=true)
D/dalvikvm( 8283): GC_CONCURRENT freed 438K, 39% free 9618K/15604K, paused 2ms+4ms, total 531ms
D/dalvikvm( 8283): WAIT_FOR_CONCURRENT_GC blocked 62ms
D/dalvikvm( 8283): WAIT_FOR_CONCURRENT_GC blocked 32ms
I/ServiceKeeper(  927): In getpackagename pid = 927 uid = 1000 package name = android
I/Auth    ( 1469): [ReflectiveChannelBinder] Successfully bound channel!
W/Finsky  ( 8283): [1] com.google.android.finsky.autoupdate.impl.d.a(2): Update check failed: com.android.volley.NoConnectionError: java.net.UnknownHostException: Unable to resolve host "android.clients.google.com": No address associated with hostname
I/Finsky  ( 8283): [1] com.google.android.finsky.hygiene.DailyHygiene.c(270): Logging device features
I/ServiceKeeper(  927): In getpackagename pid = 927 uid = 1000 package name = android
I/Finsky  ( 8283): [1] com.google.android.finsky.datasync.CacheAndSyncScheduler.a(7): [Cache and Sync] mode not available for any accounts.
D/dalvikvm( 8283): GC_CONCURRENT freed 1289K, 41% free 9290K/15604K, paused 3ms+4ms, total 65ms
D/Volley  ( 8283): [1] a.b: Cache cleared.
I/Finsky  ( 8283): [1059] com.google.android.finsky.h.c.a(22): Completed 0 account content syncs with 0 successful.
W/Settings( 8283): Setting download_manager_max_bytes_over_mobile has moved from android.provider.Settings.Secure to android.provider.Settings.Global.
I/Finsky  ( 8283): [1] com.google.android.finsky.hygiene.DailyHygiene.a(704): Scheduling new run in 247 minutes (failures=4)
W/WearSignatureVerifier( 8283): No package com.google.android.wearable.app.cn
W/WearSignatureVerifier( 8283): No package com.google.android.wearable.app.cn
W/WearSignatureVerifier( 8283): No package com.google.android.wearable.app.cn
W/WearSignatureVerifier( 8283): No package com.google.android.wearable.app.cn
I/WearableService( 1243): Wearable Services not starting - Wear is not available on this device.
I/ServiceKeeper(  927): In getpackagename pid = 927 uid = 1000 package name = android
I/ServiceKeeper(  927): In getpackagename pid = 927 uid = 1000 package name = android
I/ServiceKeeper(  927): In getpackagename pid = 927 uid = 1000 package name = android
I/Finsky  ( 8283): [1] com.google.android.finsky.services.e.a(5): Installation state replication succeeded.
I/Finsky  ( 8283): [1080] com.google.android.finsky.flushlogs.FlushLogsReceiver$FlushLogsService.onHandleIntent(10): Flushing event logs for [WLDzxSiQlSXfIJIe76sBK5159fM]
I/PlayCommon( 8283): [1074] com.google.android.play.a.g.e(222): Preparing logs for uploading
I/PlayCommon( 8283): [1074] com.google.android.play.a.g.e(226): No file ready to send
I/Finsky  ( 8283): [1] com.google.android.finsky.verifier.impl.VerifyInstalledPackagesReceiver.a(31): Skipping verification because network inactive
I/ServiceKeeper(  927): In getpackagename pid = 927 uid = 1000 package name = android
I/ServiceKeeper(  927): In getpackagename pid = 927 uid = 1000 package name = android
D/WearableService( 1243): onGetService - Wear is not available on this device.
W/WearSignatureVerifier( 8283): No package com.google.android.wearable.app.cn
E/Finsky  ( 8283): [1] com.google.android.finsky.wear.bl.a(3): onConnectionFailed: ConnectionResult{statusCode=API_UNAVAILABLE, resolution=null, message=null}
W/Finsky  ( 8283): [1] com.google.android.finsky.wear.aj.run(9): Dropping command=hygiene due to Gms not connected
I/PlayCommon( 8283): [1041] com.google.android.play.a.g.e(222): Preparing logs for uploading
I/ServiceKeeper(  927): In getpackagename pid = 927 uid = 1000 package name = android
I/ServiceKeeper(  927): In getpackagename pid = 927 uid = 1000 package name = android
I/ServiceKeeper(  927): In getpackagename pid = 927 uid = 1000 package name = android
I/ServiceKeeper(  927): In getpackagename pid = 927 uid = 1000 package name = android
I/ServiceKeeper(  927): In getpackagename pid = 927 uid = 1000 package name = android
I/PlayCommon( 8283): [1041] com.google.android.play.a.g.a(436): Connecting to server: https://play.googleapis.com/play/log?format=raw&proto_v2=true
E/PlayCommon( 8283): [1041] com.google.android.play.a.g.a(466): Failed to connect to server: java.net.UnknownHostException: Unable to resolve host "play.googleapis.com": No address associated with hostname
D/AT_Distributor(  292): Send Msg [UART > ATD] 1 bytes <>
I/ServiceKeeper(  927): In getpackagename pid = 927 uid = 1000 package name = android
I/ServiceKeeper(  927): In getpackagename pid = 927 uid = 1000 package name = android
D/KeyguardUpdateMonitor( 1065): received broadcast android.intent.action.BATTERY_CHANGED
I/ServiceKeeper(  927): In getpackagename pid = 927 uid = 1000 package name = android
I/ServiceKeeper(  927): In getpackagename pid = 927 uid = 1000 package name = android
I/ServiceKeeper(  927): In getpackagename pid = 927 uid = 1000 package name = android
D/KeyguardUpdateMonitor( 1065): handleBatteryUpdate
D/KeyguardUpdateMonitor( 1065): received broadcast android.intent.action.TIME_TICK
D/KeyguardUpdateMonitor( 1065): received broadcast android.intent.action.BATTERY_CHANGED
D/KeyguardUpdateMonitor( 1065): handleTimeUpdate
D/KeyguardUpdateMonitor( 1065): handleBatteryUpdate
I/EventLogChimeraService(16904): Aggregate from 1502202893623 (log), 1502202893623 (data)
I/ServiceKeeper(  927): In getpackagename pid = 927 uid = 1000 package name = android
D/dalvikvm(16904): GC_EXPLICIT freed 685K, 39% free 9589K/15604K, paused 4ms+6ms, total 47ms
I/ServiceKeeper(  927): In getpackagename pid = 927 uid = 1000 package name = android
I/ServiceKeeper(  927): In getpackagename pid = 927 uid = 1000 package name = android
W/ctxmgr  ( 1243): [NetworkStateProducer]No state change for network connection context
I/ServiceKeeper(  927): In getpackagename pid = 927 uid = 1000 package name = android
D/AT_Distributor(  292): Send Msg [UART > ATD] 1 bytes <>
D/KeyguardUpdateMonitor( 1065): received broadcast android.intent.action.TIME_TICK
D/KeyguardUpdateMonitor( 1065): handleTimeUpdate
I/ServiceKeeper(  927): In getpackagename pid = 927 uid = 1000 package name = android
D/KeyguardUpdateMonitor( 1065): received broadcast android.intent.action.BATTERY_CHANGED
D/KeyguardUpdateMonitor( 1065): received broadcast android.intent.action.BATTERY_CHANGED
D/KeyguardUpdateMonitor( 1065): handleBatteryUpdate
D/KeyguardUpdateMonitor( 1065): handleBatteryUpdate
I/ServiceKeeper(  927): In getpackagename pid = 927 uid = 1000 package name = android
I/ServiceKeeper(  927): In getpackagename pid = 927 uid = 1000 package name = android
I/ServiceKeeper(  927): In getpackagename pid = 927 uid = 1000 package name = android
E/ctxmgr  ( 1243): [BaseServerTask]Failed network request due to no network connectivity: expired
I/ServiceKeeper(  927): In getpackagename pid = 927 uid = 1000 package name = android
E/ctxmgr  ( 1243): [AccountAclCallback]Failed Acl fetch: network status=1
I/ServiceKeeper(  927): In getpackagename pid = 927 uid = 1000 package name = android
I/ServiceKeeper(  927): In getpackagename pid = 927 uid = 1000 package name = android
E/ctxmgr  ( 1243): [BaseServerTask]Failed network request due to no network connectivity: expired
I/ServiceKeeper(  927): In getpackagename pid = 927 uid = 1000 package name = android
I/ServiceKeeper(  927): In getpackagename pid = 927 uid = 1000 package name = android
E/ctxmgr  ( 1243): [DailyCheckinOperation]Failed daily get config: network status=1
I/ServiceKeeper(  927): In getpackagename pid = 927 uid = 1000 package name = android
D/AT_Distributor(  292): Send Msg [UART > ATD] 1 bytes <>
I/ServiceKeeper(  927): In getpackagename pid = 927 uid = 1000 package name = android
D/KeyguardUpdateMonitor( 1065): received broadcast android.intent.action.TIME_TICK
D/KeyguardUpdateMonitor( 1065): handleTimeUpdate
D/KeyguardUpdateMonitor( 1065): received broadcast android.intent.action.BATTERY_CHANGED
D/KeyguardUpdateMonitor( 1065): handleBatteryUpdate
D/KeyguardUpdateMonitor( 1065): received broadcast android.intent.action.BATTERY_CHANGED
D/KeyguardUpdateMonitor( 1065): handleBatteryUpdate
I/ServiceKeeper(  927): In getpackagename pid = 927 uid = 1000 package name = android
D/AT_Distributor(  292): Send Msg [UART > ATD] 1 bytes <>
D/KeyguardUpdateMonitor( 1065): received broadcast android.intent.action.TIME_TICK
D/KeyguardUpdateMonitor( 1065): handleTimeUpdate
I/ServiceKeeper(  927): In getpackagename pid = 927 uid = 1000 package name = android
D/KeyguardUpdateMonitor( 1065): received broadcast android.intent.action.BATTERY_CHANGED
D/KeyguardUpdateMonitor( 1065): handleBatteryUpdate
I/ServiceKeeper(  927): In getpackagename pid = 927 uid = 1000 package name = android
I/ServiceKeeper(  927): In getpackagename pid = 927 uid = 1000 package name = android
I/ServiceKeeper(  927): In getpackagename pid = 927 uid = 1000 package name = android
I/ServiceKeeper(  927): In getpackagename pid = 927 uid = 1000 package name = android
I/ServiceKeeper(  927): In getpackagename pid = 927 uid = 1000 package name = android
I/ServiceKeeper(  927): In getpackagename pid = 927 uid = 1000 package name = android
I/ServiceKeeper(  927): In getpackagename pid = 927 uid = 1000 package name = android
I/ServiceKeeper(  927): In getpackagename pid = 927 uid = 1000 package name = android
I/ServiceKeeper(  927): In getpackagename pid = 927 uid = 1000 package name = android
I/ServiceKeeper(  927): In getpackagename pid = 927 uid = 1000 package name = android
I/ServiceKeeper(  927): In getpackagename pid = 927 uid = 1000 package name = android
D/Babel   (  544): onCreate: Shutdown runnable posted in onCreate with a delay of 5000 ms.
I/ServiceKeeper(  927): In getpackagename pid = 927 uid = 1000 package name = android
D/Babel   (  544): Idle: Shutdown runnable posted in release with a delay of 5000 ms.
D/AT_Distributor(  292): Send Msg [UART > ATD] 1 bytes <>
I/ServiceKeeper(  927): In getpackagename pid = 927 uid = 1000 package name = android
I/ServiceKeeper(  927): In getpackagename pid = 927 uid = 1000 package name = android
W/ctxmgr  ( 1243): [WorkManager]Long workInfo: pkg=com.google.android.gms, lbl=ListenerInvokerRunner, start=2017-08-08 17:22:53.822+0200, stop=2017-08-08 17:32:54.389+0200, durtn=600567ms
D/KeyguardUpdateMonitor( 1065): received broadcast android.intent.action.TIME_TICK
D/KeyguardUpdateMonitor( 1065): handleTimeUpdate
D/KeyguardUpdateMonitor( 1065): received broadcast android.intent.action.BATTERY_CHANGED
D/KeyguardUpdateMonitor( 1065): handleBatteryUpdate
D/KeyguardUpdateMonitor( 1065): received broadcast android.intent.action.BATTERY_CHANGED
D/KeyguardUpdateMonitor( 1065): handleBatteryUpdate
D/dalvikvm( 1243): GC_CONCURRENT freed 1298K, 31% free 10887K/15604K, paused 5ms+9ms, total 291ms
I/ServiceKeeper(  927): In getpackagename pid = 927 uid = 1000 package name = android
D/AT_Distributor(  292): Send Msg [UART > ATD] 1 bytes <>
D/KeyguardUpdateMonitor( 1065): received broadcast android.intent.action.BATTERY_CHANGED
D/KeyguardUpdateMonitor( 1065): handleBatteryUpdate
I/ServiceKeeper(  927): In getpackagename pid = 927 uid = 1000 package name = android
I/WearableService( 1243): Wearable Services stopping
D/KeyguardUpdateMonitor( 1065): received broadcast android.intent.action.TIME_TICK
D/KeyguardUpdateMonitor( 1065): handleTimeUpdate
I/ServiceKeeper(  927): In getpackagename pid = 927 uid = 1000 package name = android
I/ServiceKeeper(  927): In getpackagename pid = 927 uid = 1000 package name = android
I/ServiceKeeper(  927): In getpackagename pid = 927 uid = 1000 package name = android
I/ServiceKeeper(  927): In getpackagename pid = 927 uid = 1000 package name = android
I/ServiceKeeper(  927): In getpackagename pid = 927 uid = 1000 package name = android
I/ServiceKeeper(  927): In getpackagename pid = 927 uid = 1000 package name = android
I/EventLogChimeraService(16904): Aggregate from 1502204694500 (log), 1502204694500 (data)
I/ServiceKeeper(  927): In getpackagename pid = 927 uid = 1000 package name = android
D/AT_Distributor(  292): Send Msg [UART > ATD] 1 bytes <>
I/ServiceKeeper(  927): In getpackagename pid = 927 uid = 1000 package name = android
D/KeyguardUpdateMonitor( 1065): received broadcast android.intent.action.BATTERY_CHANGED
D/KeyguardUpdateMonitor( 1065): handleBatteryUpdate
D/KeyguardUpdateMonitor( 1065): received broadcast android.intent.action.TIME_TICK
D/KeyguardUpdateMonitor( 1065): received broadcast android.intent.action.BATTERY_CHANGED
D/KeyguardUpdateMonitor( 1065): handleTimeUpdate
D/KeyguardUpdateMonitor( 1065): handleBatteryUpdate
I/ServiceKeeper(  927): In getpackagename pid = 927 uid = 1000 package name = android
I/ServiceKeeper(  927): In getpackagename pid = 927 uid = 1000 package name = android
W/ctxmgr  ( 1243): [NetworkStateProducer]No state change for network connection context
D/AT_Distributor(  292): Send Msg [UART > ATD] 1 bytes <>
I/ServiceKeeper(  927): In getpackagename pid = 927 uid = 1000 package name = android
I/ServiceKeeper(  927): In getpackagename pid = 927 uid = 1000 package name = android
D/KeyguardUpdateMonitor( 1065): received broadcast android.intent.action.TIME_TICK
D/KeyguardUpdateMonitor( 1065): handleTimeUpdate
W/ctxmgr  ( 1243): [WorkManager]Long workInfo: pkg=com.google.android.gms, lbl=ListenerInvokerRunner, start=2017-08-08 17:44:57.755+0200, stop=2017-08-08 17:46:57.375+0200, durtn=119620ms
D/KeyguardUpdateMonitor( 1065): received broadcast android.intent.action.BATTERY_CHANGED
D/KeyguardUpdateMonitor( 1065): received broadcast android.intent.action.BATTERY_CHANGED
D/KeyguardUpdateMonitor( 1065): handleBatteryUpdate
D/KeyguardUpdateMonitor( 1065): handleBatteryUpdate
I/ServiceKeeper(  927): In getpackagename pid = 927 uid = 1000 package name = android
I/ServiceKeeper(  927): In getpackagename pid = 927 uid = 1000 package name = android
I/ServiceKeeper(  927): In getpackagename pid = 927 uid = 1000 package name = android
E/ctxmgr  ( 1243): [BaseServerTask]Failed network request due to no network connectivity: expired
E/ctxmgr  ( 1243): [AccountAclCallback]Failed Acl fetch: network status=1
I/ServiceKeeper(  927): In getpackagename pid = 927 uid = 1000 package name = android
I/ServiceKeeper(  927): In getpackagename pid = 927 uid = 1000 package name = android
I/ServiceKeeper(  927): In getpackagename pid = 927 uid = 1000 package name = android
I/ServiceKeeper(  927): In getpackagename pid = 927 uid = 1000 package name = android
I/ServiceKeeper(  927): In getpackagename pid = 927 uid = 1000 package name = android
E/ctxmgr  ( 1243): [BaseServerTask]Failed network request due to no network connectivity: expired
E/ctxmgr  ( 1243): [DailyCheckinOperation]Failed daily get config: network status=1
I/ServiceKeeper(  927): In getpackagename pid = 927 uid = 1000 package name = android
D/AT_Distributor(  292): Send Msg [UART > ATD] 1 bytes <>
I/ServiceKeeper(  927): In getpackagename pid = 927 uid = 1000 package name = android
D/KeyguardUpdateMonitor( 1065): received broadcast android.intent.action.TIME_TICK
D/KeyguardUpdateMonitor( 1065): handleTimeUpdate
D/KeyguardUpdateMonitor( 1065): received broadcast android.intent.action.BATTERY_CHANGED
I/ServiceKeeper(  927): In getpackagename pid = 927 uid = 1000 package name = android
D/KeyguardUpdateMonitor( 1065): received broadcast android.intent.action.BATTERY_CHANGED
D/KeyguardUpdateMonitor( 1065): handleBatteryUpdate
D/KeyguardUpdateMonitor( 1065): handleBatteryUpdate
I/ServiceKeeper(  927): In getpackagename pid = 927 uid = 1000 package name = android
I/ServiceKeeper(  927): In getpackagename pid = 927 uid = 1000 package name = android
D/AT_Distributor(  292): Send Msg [UART > ATD] 1 bytes <>
D/KeyguardUpdateMonitor( 1065): received broadcast android.intent.action.TIME_TICK
D/KeyguardUpdateMonitor( 1065): handleTimeUpdate
D/Babel   (  544): RefCountedService(com.google.android.apps.hangouts.requestwriter.RequestWriter) onDestroy (count=0, startId=1 stopped=true)
I/ServiceKeeper(  927): In getpackagename pid = 927 uid = 1000 package name = android
I/ServiceKeeper(  927): In getpackagename pid = 927 uid = 1000 package name = android
D/KeyguardUpdateMonitor( 1065): received broadcast android.intent.action.BATTERY_CHANGED
D/KeyguardUpdateMonitor( 1065): handleBatteryUpdate
I/ServiceKeeper(  927): In getpackagename pid = 927 uid = 1000 package name = android
D/KeyguardUpdateMonitor( 1065): received broadcast android.intent.action.BATTERY_CHANGED
D/KeyguardUpdateMonitor( 1065): handleBatteryUpdate
I/ServiceKeeper(  927): In getpackagename pid = 927 uid = 1000 package name = android
D/AT_Distributor(  292): Send Msg [UART > ATD] 1 bytes <>
I/ServiceKeeper(  927): In getpackagename pid = 927 uid = 1000 package name = android
D/KeyguardUpdateMonitor( 1065): received broadcast android.intent.action.TIME_TICK
D/KeyguardUpdateMonitor( 1065): handleTimeUpdate
D/KeyguardUpdateMonitor( 1065): received broadcast android.intent.action.BATTERY_CHANGED
D/KeyguardUpdateMonitor( 1065): handleBatteryUpdate
D/KeyguardUpdateMonitor( 1065): received broadcast android.intent.action.BATTERY_CHANGED
D/KeyguardUpdateMonitor( 1065): handleBatteryUpdate
I/ServiceKeeper(  927): In getpackagename pid = 927 uid = 1000 package name = android
D/AT_Distributor(  292): Send Msg [UART > ATD] 1 bytes <>
I/ServiceKeeper(  927): In getpackagename pid = 927 uid = 1000 package name = android
I/ServiceKeeper(  927): In getpackagename pid = 927 uid = 1000 package name = android
I/ServiceKeeper(  927): In getpackagename pid = 927 uid = 1000 package name = android
I/ServiceKeeper(  927): In getpackagename pid = 927 uid = 1000 package name = android
I/ServiceKeeper(  927): In getpackagename pid = 927 uid = 1000 package name = android
I/ServiceKeeper(  927): In getpackagename pid = 927 uid = 1000 package name = android
D/KeyguardUpdateMonitor( 1065): received broadcast android.intent.action.TIME_TICK
D/KeyguardUpdateMonitor( 1065): handleTimeUpdate
D/KeyguardUpdateMonitor( 1065): received broadcast android.intent.action.BATTERY_CHANGED
D/KeyguardUpdateMonitor( 1065): handleBatteryUpdate
D/KeyguardUpdateMonitor( 1065): received broadcast android.intent.action.BATTERY_CHANGED
D/KeyguardUpdateMonitor( 1065): handleBatteryUpdate
I/ServiceKeeper(  927): In getpackagename pid = 927 uid = 1000 package name = android
I/ServiceKeeper(  927): In getpackagename pid = 927 uid = 1000 package name = android
I/ServiceKeeper(  927): In getpackagename pid = 927 uid = 1000 package name = android
I/ServiceKeeper(  927): In getpackagename pid = 927 uid = 1000 package name = android
D/knox    ( 3840): received intent . getAction  :com.sec.knox.seandroid.alarm.LOG_UPLOAD_ALARM_INTENT
D/knox    ( 3840): hashed intent . action takeoutLOG_UPLOAD_ALARM
I/knox    ( 3840): InnerIntentReceiver.onReceive() : com.sec.knox.seandroid.alarm.LOG_UPLOAD_ALARM_INTENT
D/knox    ( 3840): before startService
I/ServiceKeeper(  927): In getpackagename pid = 927 uid = 1000 package name = android
I/ServiceKeeper(  927): In getpackagename pid = 927 uid = 1000 package name = android
D/knox    ( 3840): after startService
D/knox    ( 3840): before entering switch block
D/knox    ( 3840): entered LOG_UPLOAD_ALARM
D/knox    ( 3840): ServiceHandler : LOG_UPLOAD_ALARM
D/knox    ( 3840): startFileChecker
I/ServiceKeeper(  927): In getpackagename pid = 927 uid = 1000 package name = android
I/ServiceKeeper(  927): In getpackagename pid = 927 uid = 1000 package name = android
I/ServiceKeeper(  927): In getpackagename pid = 927 uid = 1000 package name = android
I/knox    ( 3840): start checking file  for uploading
I/ServiceKeeper(  927): In getpackagename pid = 927 uid = 1000 package name = android
D/dalvikvm(  544): GC_EXPLICIT freed 214K, 21% free 12501K/15756K, paused 13ms+8ms, total 123ms
