D/AT_Distributor(  292): Send Msg [UART > ATD] 1 bytes <>
D/KeyguardUpdateMonitor( 1065): received broadcast android.intent.action.TIME_TICK
D/KeyguardUpdateMonitor( 1065): handleTimeUpdate
I/ServiceKeeper(  927): In getpackagename pid = 927 uid = 1000 package name = android
D/KeyguardUpdateMonitor( 1065): handleBatteryUpdate
D/KeyguardUpdateMonitor( 1065): received broadcast android.intent.action.BATTERY_CHANGED
I/ServiceKeeper(  927): In getpackagename pid = 927 uid = 1000 package name = android
D/AT_Distributor(  292): Send Msg [UART > ATD] 1 bytes <>
I/ServiceKeeper(  927): In getpackagename pid = 927 uid = 1000 package name = android
D/KeyguardUpdateMonitor( 1065): received broadcast android.intent.action.TIME_TICK
D/KeyguardUpdateMonitor( 1065): handleTimeUpdate
D/KeyguardUpdateMonitor( 1065): received broadcast android.intent.action.BATTERY_CHANGED
D/KeyguardUpdateMonitor( 1065): handleBatteryUpdate
D/KeyguardUpdateMonitor( 1065): received broadcast android.intent.action.BATTERY_CHANGED
D/KeyguardUpdateMonitor( 1065): handleBatteryUpdate
I/ServiceKeeper(  927): In getpackagename pid = 927 uid = 1000 package name = android
D/AT_Distributor(  292): Send Msg [UART > ATD] 1 bytes <>
D/Babel   (  544): RefCountedService(com.google.android.apps.hangouts.requestwriter.RequestWriter) onDestroy (count=0, startId=1 stopped=true)
I/ServiceKeeper(  927): In getpackagename pid = 927 uid = 1000 package name = android
I/ServiceKeeper(  927): In getpackagename pid = 927 uid = 1000 package name = android
I/ServiceKeeper(  927): In getpackagename pid = 927 uid = 1000 package name = android
D/KeyguardUpdateMonitor( 1065): received broadcast android.intent.action.BATTERY_CHANGED
D/KeyguardUpdateMonitor( 1065): handleBatteryUpdate
I/ServiceKeeper(  927): In getpackagename pid = 927 uid = 1000 package name = android
I/ServiceKeeper(  927): In getpackagename pid = 927 uid = 1000 package name = android
I/ServiceKeeper(  927): In getpackagename pid = 927 uid = 1000 package name = android
I/ServiceKeeper(  927): In getpackagename pid = 927 uid = 1000 package name = android
I/ServiceKeeper(  927): In getpackagename pid = 927 uid = 1000 package name = android
I/ServiceKeeper(  927): In getpackagename pid = 927 uid = 1000 package name = android
I/ServiceKeeper(  927): In getpackagename pid = 927 uid = 1000 package name = android
I/ServiceKeeper(  927): In getpackagename pid = 927 uid = 1000 package name = android
I/ServiceKeeper(  927): In getpackagename pid = 927 uid = 1000 package name = android
I/ServiceKeeper(  927): In getpackagename pid = 927 uid = 1000 package name = android
I/ServiceKeeper(  927): In getpackagename pid = 927 uid = 1000 package name = android
I/ServiceKeeper(  927): In getpackagename pid = 927 uid = 1000 package name = android
I/ServiceKeeper(  927): In getpackagename pid = 927 uid = 1000 package name = android
I/ServiceKeeper(  927): In getpackagename pid = 927 uid = 1000 package name = android
I/ServiceKeeper(  927): In getpackagename pid = 927 uid = 1000 package name = android
I/EventLogChimeraService(16904): Aggregate from 1502259780781 (log), 1502259780781 (data)
I/ServiceKeeper(  927): In getpackagename pid = 927 uid = 1000 package name = android
I/ServiceKeeper(  927): In getpackagename pid = 927 uid = 1000 package name = android
W/ctxmgr  ( 1243): [NetworkStateProducer]No state change for network connection context
I/ServiceKeeper(  927): In getpackagename pid = 927 uid = 1000 package name = android
D/AT_Distributor(  292): Send Msg [UART > ATD] 1 bytes <>
D/KeyguardUpdateMonitor( 1065): received broadcast android.intent.action.TIME_TICK
D/KeyguardUpdateMonitor( 1065): handleTimeUpdate
E/ctxmgr  ( 1243): [BaseServerTask]Failed network request due to no network connectivity: expired
I/ServiceKeeper(  927): In getpackagename pid = 927 uid = 1000 package name = android
I/ServiceKeeper(  927): In getpackagename pid = 927 uid = 1000 package name = android
I/ServiceKeeper(  927): In getpackagename pid = 927 uid = 1000 package name = android
I/ServiceKeeper(  927): In getpackagename pid = 927 uid = 1000 package name = android
E/ctxmgr  ( 1243): [BaseServerTask]Failed network request due to no network connectivity: expired
D/KeyguardUpdateMonitor( 1065): received broadcast android.intent.action.BATTERY_CHANGED
D/KeyguardUpdateMonitor( 1065): received broadcast android.intent.action.BATTERY_CHANGED
D/KeyguardUpdateMonitor( 1065): handleBatteryUpdate
D/KeyguardUpdateMonitor( 1065): handleBatteryUpdate
I/ServiceKeeper(  927): In getpackagename pid = 927 uid = 1000 package name = android
D/dalvikvm( 1243): GC_CONCURRENT freed 1292K, 30% free 10992K/15604K, paused 5ms+44ms, total 606ms
E/ctxmgr  ( 1243): [AccountAclCallback]Failed Acl fetch: network status=1
E/ctxmgr  ( 1243): [DailyCheckinOperation]Failed daily get config: network status=1
I/ServiceKeeper(  927): In getpackagename pid = 927 uid = 1000 package name = android
D/AT_Distributor(  292): Send Msg [UART > ATD] 1 bytes <>
D/KeyguardUpdateMonitor( 1065): received broadcast android.intent.action.TIME_TICK
D/KeyguardUpdateMonitor( 1065): handleTimeUpdate
D/KeyguardUpdateMonitor( 1065): received broadcast android.intent.action.BATTERY_CHANGED
D/KeyguardUpdateMonitor( 1065): received broadcast android.intent.action.BATTERY_CHANGED
D/KeyguardUpdateMonitor( 1065): handleBatteryUpdate
I/ServiceKeeper(  927): In getpackagename pid = 927 uid = 1000 package name = android
I/ServiceKeeper(  927): In getpackagename pid = 927 uid = 1000 package name = android
I/ServiceKeeper(  927): In getpackagename pid = 927 uid = 1000 package name = android
D/KeyguardUpdateMonitor( 1065): handleBatteryUpdate
I/ServiceKeeper(  927): In getpackagename pid = 927 uid = 1000 package name = android
I/ServiceKeeper(  927): In getpackagename pid = 927 uid = 1000 package name = android
D/AT_Distributor(  292): Send Msg [UART > ATD] 1 bytes <>
D/KeyguardUpdateMonitor( 1065): received broadcast android.intent.action.BATTERY_CHANGED
D/KeyguardUpdateMonitor( 1065): handleBatteryUpdate
I/ServiceKeeper(  927): In getpackagename pid = 927 uid = 1000 package name = android
I/ServiceKeeper(  927): In getpackagename pid = 927 uid = 1000 package name = android
D/KeyguardUpdateMonitor( 1065): received broadcast android.intent.action.TIME_TICK
D/KeyguardUpdateMonitor( 1065): handleTimeUpdate
I/ServiceKeeper(  927): In getpackagename pid = 927 uid = 1000 package name = android
I/ServiceKeeper(  927): In getpackagename pid = 927 uid = 1000 package name = android
I/ServiceKeeper(  927): In getpackagename pid = 927 uid = 1000 package name = android
I/ServiceKeeper(  927): In getpackagename pid = 927 uid = 1000 package name = android
D/knox    ( 3840): received intent . getAction  :com.sec.knox.seandroid.alarm.LOG_UPLOAD_ALARM_INTENT
D/knox    ( 3840): hashed intent . action takeoutLOG_UPLOAD_ALARM
I/knox    ( 3840): InnerIntentReceiver.onReceive() : com.sec.knox.seandroid.alarm.LOG_UPLOAD_ALARM_INTENT
D/knox    ( 3840): before startService
I/ServiceKeeper(  927): In getpackagename pid = 927 uid = 1000 package name = android
I/ServiceKeeper(  927): In getpackagename pid = 927 uid = 1000 package name = android
I/ServiceKeeper(  927): In getpackagename pid = 927 uid = 1000 package name = android
D/knox    ( 3840): after startService
D/knox    ( 3840): before entering switch block
D/knox    ( 3840): entered LOG_UPLOAD_ALARM
D/knox    ( 3840): ServiceHandler : LOG_UPLOAD_ALARM
D/knox    ( 3840): startFileChecker
I/ServiceKeeper(  927): In getpackagename pid = 927 uid = 1000 package name = android
I/knox    ( 3840): start checking file  for uploading
D/Babel   (  544): onCreate: Shutdown runnable posted in onCreate with a delay of 5000 ms.
I/ServiceKeeper(  927): In getpackagename pid = 927 uid = 1000 package name = android
D/Babel   (  544): Idle: Shutdown runnable posted in release with a delay of 5000 ms.
I/ServiceKeeper(  927): In getpackagename pid = 927 uid = 1000 package name = android
D/AT_Distributor(  292): Send Msg [UART > ATD] 1 bytes <>
I/ServiceKeeper(  927): In getpackagename pid = 927 uid = 1000 package name = android
D/KeyguardUpdateMonitor( 1065): received broadcast android.intent.action.TIME_TICK
D/KeyguardUpdateMonitor( 1065): handleTimeUpdate
D/KeyguardUpdateMonitor( 1065): received broadcast android.intent.action.BATTERY_CHANGED
D/KeyguardUpdateMonitor( 1065): handleBatteryUpdate
I/ServiceKeeper(  927): In getpackagename pid = 927 uid = 1000 package name = android
D/KeyguardUpdateMonitor( 1065): received broadcast android.intent.action.BATTERY_CHANGED
D/KeyguardUpdateMonitor( 1065): handleBatteryUpdate
D/AT_Distributor(  292): Send Msg [UART > ATD] 1 bytes <>
D/KeyguardUpdateMonitor( 1065): received broadcast android.intent.action.BATTERY_CHANGED
D/KeyguardUpdateMonitor( 1065): handleBatteryUpdate
I/ServiceKeeper(  927): In getpackagename pid = 927 uid = 1000 package name = android
I/ServiceKeeper(  927): In getpackagename pid = 927 uid = 1000 package name = android
I/ServiceKeeper(  927): In getpackagename pid = 927 uid = 1000 package name = android
D/KeyguardUpdateMonitor( 1065): received broadcast android.intent.action.BATTERY_CHANGED
I/ServiceKeeper(  927): In getpackagename pid = 927 uid = 1000 package name = android
I/ServiceKeeper(  927): In getpackagename pid = 927 uid = 1000 package name = android
D/dalvikvm(16904): GC_CONCURRENT freed 912K, 39% free 9595K/15604K, paused 40ms+6ms, total 84ms
D/KeyguardUpdateMonitor( 1065): handleBatteryUpdate
I/EventLogChimeraService(16904): Aggregate from 1502262214665 (log), 1502262214665 (data)
I/ServiceKeeper(  927): In getpackagename pid = 927 uid = 1000 package name = android
D/AT_Distributor(  292): Send Msg [UART > ATD] 1 bytes <>
D/KeyguardUpdateMonitor( 1065): received broadcast android.intent.action.TIME_TICK
D/KeyguardUpdateMonitor( 1065): handleTimeUpdate
I/ServiceKeeper(  927): In getpackagename pid = 927 uid = 1000 package name = android
D/KeyguardUpdateMonitor( 1065): received broadcast android.intent.action.BATTERY_CHANGED
D/KeyguardUpdateMonitor( 1065): handleBatteryUpdate
I/ServiceKeeper(  927): In getpackagename pid = 927 uid = 1000 package name = android
D/AT_Distributor(  292): Send Msg [UART > ATD] 1 bytes <>
D/KeyguardUpdateMonitor( 1065): received broadcast android.intent.action.BATTERY_CHANGED
D/KeyguardUpdateMonitor( 1065): handleBatteryUpdate
D/KeyguardUpdateMonitor( 1065): received broadcast android.intent.action.BATTERY_CHANGED
D/KeyguardUpdateMonitor( 1065): handleBatteryUpdate
D/dalvikvm(  927): GC_EXPLICIT freed 1740K, 18% free 23800K/29016K, paused 6ms+15ms, total 1076ms
I/ServiceKeeper(  927): In getpackagename pid = 927 uid = 1000 package name = android
I/ServiceKeeper(  927): In getpackagename pid = 927 uid = 1000 package name = android
D/KeyguardUpdateMonitor( 1065): received broadcast android.intent.action.TIME_TICK
D/KeyguardUpdateMonitor( 1065): handleTimeUpdate
I/ServiceKeeper(  927): In getpackagename pid = 927 uid = 1000 package name = android
I/ServiceKeeper(  927): In getpackagename pid = 927 uid = 1000 package name = android
I/ServiceKeeper(  927): In getpackagename pid = 927 uid = 1000 package name = android
W/ctxmgr  ( 1243): [NetworkStateProducer]No state change for network connection context
D/AT_Distributor(  292): Send Msg [UART > ATD] 1 bytes <>
I/ServiceKeeper(  927): In getpackagename pid = 927 uid = 1000 package name = android
I/ServiceKeeper(  927): In getpackagename pid = 927 uid = 1000 package name = android
D/KeyguardUpdateMonitor( 1065): received broadcast android.intent.action.TIME_TICK
D/KeyguardUpdateMonitor( 1065): handleTimeUpdate
D/KeyguardUpdateMonitor( 1065): received broadcast android.intent.action.BATTERY_CHANGED
D/KeyguardUpdateMonitor( 1065): received broadcast android.intent.action.BATTERY_CHANGED
D/KeyguardUpdateMonitor( 1065): handleBatteryUpdate
D/KeyguardUpdateMonitor( 1065): handleBatteryUpdate
I/ServiceKeeper(  927): In getpackagename pid = 927 uid = 1000 package name = android
E/ctxmgr  ( 1243): [BaseServerTask]Failed network request due to no network connectivity: expired
I/ServiceKeeper(  927): In getpackagename pid = 927 uid = 1000 package name = android
I/ServiceKeeper(  927): In getpackagename pid = 927 uid = 1000 package name = android
E/ctxmgr  ( 1243): [AccountAclCallback]Failed Acl fetch: network status=1
I/ServiceKeeper(  927): In getpackagename pid = 927 uid = 1000 package name = android
I/ServiceKeeper(  927): In getpackagename pid = 927 uid = 1000 package name = android
I/ServiceKeeper(  927): In getpackagename pid = 927 uid = 1000 package name = android
I/ServiceKeeper(  927): In getpackagename pid = 927 uid = 1000 package name = android
E/ctxmgr  ( 1243): [BaseServerTask]Failed network request due to no network connectivity: expired
I/ServiceKeeper(  927): In getpackagename pid = 927 uid = 1000 package name = android
E/ctxmgr  ( 1243): [DailyCheckinOperation]Failed daily get config: network status=1
I/ServiceKeeper(  927): In getpackagename pid = 927 uid = 1000 package name = android
D/AT_Distributor(  292): Send Msg [UART > ATD] 1 bytes <>
I/ServiceKeeper(  927): In getpackagename pid = 927 uid = 1000 package name = android
D/KeyguardUpdateMonitor( 1065): received broadcast android.intent.action.BATTERY_CHANGED
D/KeyguardUpdateMonitor( 1065): handleBatteryUpdate
D/Babel   (  544): RefCountedService(com.google.android.apps.hangouts.requestwriter.RequestWriter) onDestroy (count=0, startId=1 stopped=true)
D/KeyguardUpdateMonitor( 1065): received broadcast android.intent.action.TIME_TICK
D/KeyguardUpdateMonitor( 1065): handleTimeUpdate
I/ServiceKeeper(  927): In getpackagename pid = 927 uid = 1000 package name = android
I/ServiceKeeper(  927): In getpackagename pid = 927 uid = 1000 package name = android
I/ServiceKeeper(  927): In getpackagename pid = 927 uid = 1000 package name = android
I/ServiceKeeper(  927): In getpackagename pid = 927 uid = 1000 package name = android
D/AT_Distributor(  292): Send Msg [UART > ATD] 1 bytes <>
D/KeyguardUpdateMonitor( 1065): received broadcast android.intent.action.TIME_TICK
D/KeyguardUpdateMonitor( 1065): handleTimeUpdate
D/KeyguardUpdateMonitor( 1065): received broadcast android.intent.action.BATTERY_CHANGED
D/KeyguardUpdateMonitor( 1065): handleBatteryUpdate
I/ServiceKeeper(  927): In getpackagename pid = 927 uid = 1000 package name = android
I/ServiceKeeper(  927): In getpackagename pid = 927 uid = 1000 package name = android
D/AT_Distributor(  292): Send Msg [UART > ATD] 1 bytes <>
D/KeyguardUpdateMonitor( 1065): received broadcast android.intent.action.BATTERY_CHANGED
D/KeyguardUpdateMonitor( 1065): handleBatteryUpdate
D/KeyguardUpdateMonitor( 1065): received broadcast android.intent.action.TIME_TICK
D/KeyguardUpdateMonitor( 1065): handleTimeUpdate
I/ServiceKeeper(  927): In getpackagename pid = 927 uid = 1000 package name = android
I/ServiceKeeper(  927): In getpackagename pid = 927 uid = 1000 package name = android
D/KeyguardUpdateMonitor( 1065): received broadcast android.intent.action.BATTERY_CHANGED
D/KeyguardUpdateMonitor( 1065): handleBatteryUpdate
D/KeyguardUpdateMonitor( 1065): received broadcast android.intent.action.BATTERY_CHANGED
D/KeyguardUpdateMonitor( 1065): handleBatteryUpdate
D/KeyguardUpdateMonitor( 1065): received broadcast android.intent.action.BATTERY_CHANGED
D/KeyguardUpdateMonitor( 1065): handleBatteryUpdate
I/ServiceKeeper(  927): In getpackagename pid = 927 uid = 1000 package name = android
I/ServiceKeeper(  927): In getpackagename pid = 927 uid = 1000 package name = android
I/ServiceKeeper(  927): In getpackagename pid = 927 uid = 1000 package name = android
I/ServiceKeeper(  927): In getpackagename pid = 927 uid = 1000 package name = android
I/ServiceKeeper(  927): In getpackagename pid = 927 uid = 1000 package name = android
I/ServiceKeeper(  927): In getpackagename pid = 927 uid = 1000 package name = android
I/ServiceKeeper(  927): In getpackagename pid = 927 uid = 1000 package name = android
I/ServiceKeeper(  927): In getpackagename pid = 927 uid = 1000 package name = android
I/ServiceKeeper(  927): In getpackagename pid = 927 uid = 1000 package name = android
I/ServiceKeeper(  927): In getpackagename pid = 927 uid = 1000 package name = android
I/ServiceKeeper(  927): In getpackagename pid = 927 uid = 1000 package name = android
I/ServiceKeeper(  927): In getpackagename pid = 927 uid = 1000 package name = android
D/Babel   (  544): onCreate: Shutdown runnable posted in onCreate with a delay of 5000 ms.
I/ServiceKeeper(  927): In getpackagename pid = 927 uid = 1000 package name = android
D/Babel   (  544): Idle: Shutdown runnable posted in release with a delay of 5000 ms.
D/Babel   (  544): Idle: Shutdown runnable posted in release with a delay of 5000 ms.
D/Babel   (  544): Idle: Shutdown runnable posted in release with a delay of 5000 ms.
I/ServiceKeeper(  927): In getpackagename pid = 927 uid = 1000 package name = android
I/ServiceKeeper(  927): In getpackagename pid = 927 uid = 1000 package name = android
I/ServiceKeeper(  927): In getpackagename pid = 927 uid = 1000 package name = android
I/ServiceKeeper(  927): In getpackagename pid = 927 uid = 1000 package name = android
I/EventLogChimeraService(16904): Aggregate from 1502264015512 (log), 1502264015512 (data)
I/ServiceKeeper(  927): In getpackagename pid = 927 uid = 1000 package name = android
D/AT_Distributor(  292): Send Msg [UART > ATD] 1 bytes <>
D/KeyguardUpdateMonitor( 1065): received broadcast android.intent.action.TIME_TICK
D/KeyguardUpdateMonitor( 1065): handleTimeUpdate
D/KeyguardUpdateMonitor( 1065): received broadcast android.intent.action.BATTERY_CHANGED
D/KeyguardUpdateMonitor( 1065): received broadcast android.intent.action.BATTERY_CHANGED
D/KeyguardUpdateMonitor( 1065): handleBatteryUpdate
D/KeyguardUpdateMonitor( 1065): handleBatteryUpdate
I/ServiceKeeper(  927): In getpackagename pid = 927 uid = 1000 package name = android
I/ServiceKeeper(  927): In getpackagename pid = 927 uid = 1000 package name = android
I/ServiceKeeper(  927): In getpackagename pid = 927 uid = 1000 package name = android
I/ServiceKeeper(  927): In getpackagename pid = 927 uid = 1000 package name = android
W/ctxmgr  ( 1243): [NetworkStateProducer]No state change for network connection context
D/AT_Distributor(  292): Send Msg [UART > ATD] 1 bytes <>
I/ServiceKeeper(  927): In getpackagename pid = 927 uid = 1000 package name = android
I/ServiceKeeper(  927): In getpackagename pid = 927 uid = 1000 package name = android
W/ctxmgr  ( 1243): [WorkManager]Long workInfo: pkg=com.google.android.gms, lbl=ListenerInvokerRunner, start=2017-08-09 10:33:03.671+0200, stop=2017-08-09 10:35:03.422+0200, durtn=119751ms
D/KeyguardUpdateMonitor( 1065): received broadcast android.intent.action.TIME_TICK
D/KeyguardUpdateMonitor( 1065): handleTimeUpdate
I/ServiceKeeper(  927): In getpackagename pid = 927 uid = 1000 package name = android
E/ctxmgr  ( 1243): [BaseServerTask]Failed network request due to no network connectivity: expired
E/ctxmgr  ( 1243): [AccountAclCallback]Failed Acl fetch: network status=1
I/ServiceKeeper(  927): In getpackagename pid = 927 uid = 1000 package name = android
D/KeyguardUpdateMonitor( 1065): received broadcast android.intent.action.BATTERY_CHANGED
D/KeyguardUpdateMonitor( 1065): handleBatteryUpdate
I/ServiceKeeper(  927): In getpackagename pid = 927 uid = 1000 package name = android
E/ctxmgr  ( 1243): [BaseServerTask]Failed network request due to no network connectivity: expired
E/ctxmgr  ( 1243): [DailyCheckinOperation]Failed daily get config: network status=1
I/ServiceKeeper(  927): In getpackagename pid = 927 uid = 1000 package name = android
I/ServiceKeeper(  927): In getpackagename pid = 927 uid = 1000 package name = android
D/AT_Distributor(  292): Send Msg [UART > ATD] 1 bytes <>
I/ServiceKeeper(  927): In getpackagename pid = 927 uid = 1000 package name = android
D/KeyguardUpdateMonitor( 1065): received broadcast android.intent.action.BATTERY_CHANGED
D/KeyguardUpdateMonitor( 1065): handleBatteryUpdate
D/KeyguardUpdateMonitor( 1065): received broadcast android.intent.action.TIME_TICK
D/KeyguardUpdateMonitor( 1065): received broadcast android.intent.action.BATTERY_CHANGED
D/KeyguardUpdateMonitor( 1065): handleTimeUpdate
D/KeyguardUpdateMonitor( 1065): handleBatteryUpdate
I/ServiceKeeper(  927): In getpackagename pid = 927 uid = 1000 package name = android
D/AT_Distributor(  292): Send Msg [UART > ATD] 1 bytes <>
I/ServiceKeeper(  927): In getpackagename pid = 927 uid = 1000 package name = android
D/KeyguardUpdateMonitor( 1065): received broadcast android.intent.action.BATTERY_CHANGED
D/KeyguardUpdateMonitor( 1065): handleBatteryUpdate
D/KeyguardUpdateMonitor( 1065): received broadcast android.intent.action.TIME_TICK
D/KeyguardUpdateMonitor( 1065): handleTimeUpdate
I/ServiceKeeper(  927): In getpackagename pid = 927 uid = 1000 package name = android
D/AT_Distributor(  292): Send Msg [UART > ATD] 1 bytes <>
D/KeyguardUpdateMonitor( 1065): received broadcast android.intent.action.TIME_TICK
D/KeyguardUpdateMonitor( 1065): handleTimeUpdate
I/ServiceKeeper(  927): In getpackagename pid = 927 uid = 1000 package name = android
D/KeyguardUpdateMonitor( 1065): received broadcast android.intent.action.BATTERY_CHANGED
D/KeyguardUpdateMonitor( 1065): received broadcast android.intent.action.BATTERY_CHANGED
D/KeyguardUpdateMonitor( 1065): handleBatteryUpdate
D/KeyguardUpdateMonitor( 1065): handleBatteryUpdate
I/ServiceKeeper(  927): In getpackagename pid = 927 uid = 1000 package name = android
I/ServiceKeeper(  927): In getpackagename pid = 927 uid = 1000 package name = android
I/ServiceKeeper(  927): In getpackagename pid = 927 uid = 1000 package name = android
I/ServiceKeeper(  927): In getpackagename pid = 927 uid = 1000 package name = android
I/ServiceKeeper(  927): In getpackagename pid = 927 uid = 1000 package name = android
I/ServiceKeeper(  927): In getpackagename pid = 927 uid = 1000 package name = android
I/ServiceKeeper(  927): In getpackagename pid = 927 uid = 1000 package name = android
I/ServiceKeeper(  927): In getpackagename pid = 927 uid = 1000 package name = android
I/ServiceKeeper(  927): In getpackagename pid = 927 uid = 1000 package name = android
I/ServiceKeeper(  927): In getpackagename pid = 927 uid = 1000 package name = android
I/ServiceKeeper(  927): In getpackagename pid = 927 uid = 1000 package name = android
I/ServiceKeeper(  927): In getpackagename pid = 927 uid = 1000 package name = android
I/EventLogChimeraService(16904): Aggregate from 1502266981822 (log), 1502266981822 (data)
D/Babel   (  544): RefCountedService(com.google.android.apps.hangouts.requestwriter.RequestWriter) onDestroy (count=0, startId=1 stopped=true)
I/ServiceKeeper(  927): In getpackagename pid = 927 uid = 1000 package name = android
D/AT_Distributor(  292): Send Msg [UART > ATD] 1 bytes <>
I/ServiceKeeper(  927): In getpackagename pid = 927 uid = 1000 package name = android
D/KeyguardUpdateMonitor( 1065): received broadcast android.intent.action.TIME_TICK
D/KeyguardUpdateMonitor( 1065): handleTimeUpdate
I/ServiceKeeper(  927): In getpackagename pid = 927 uid = 1000 package name = android
D/KeyguardUpdateMonitor( 1065): received broadcast android.intent.action.BATTERY_CHANGED
D/KeyguardUpdateMonitor( 1065): handleBatteryUpdate
D/KeyguardUpdateMonitor( 1065): received broadcast android.intent.action.BATTERY_CHANGED
D/KeyguardUpdateMonitor( 1065): handleBatteryUpdate
D/dalvikvm( 1243): GC_CONCURRENT freed 1307K, 30% free 11029K/15604K, paused 7ms+25ms, total 633ms
I/ServiceKeeper(  927): In getpackagename pid = 927 uid = 1000 package name = android
I/ServiceKeeper(  927): In getpackagename pid = 927 uid = 1000 package name = android
I/ServiceKeeper(  927): In getpackagename pid = 927 uid = 1000 package name = android
I/ServiceKeeper(  927): In getpackagename pid = 927 uid = 1000 package name = android
W/ctxmgr  ( 1243): [NetworkStateProducer]No state change for network connection context
I/ServiceKeeper(  927): In getpackagename pid = 927 uid = 1000 package name = android
D/dalvikvm(  927): JIT code cache reset in 3 ms (1535940 bytes 5/0)
D/dalvikvm(  927): GC_EXPLICIT freed 1888K, 18% free 23832K/29016K, paused 6ms+17ms, total 188ms
I/ServiceKeeper(  927): In getpackagename pid = 927 uid = 1000 package name = android
D/AT_Distributor(  292): Send Msg [UART > ATD] 1 bytes <>
D/KeyguardUpdateMonitor( 1065): received broadcast android.intent.action.TIME_TICK
D/KeyguardUpdateMonitor( 1065): handleTimeUpdate
I/ServiceKeeper(  927): In getpackagename pid = 927 uid = 1000 package name = android
I/ServiceKeeper(  927): In getpackagename pid = 927 uid = 1000 package name = android
E/ctxmgr  ( 1243): [BaseServerTask]Failed network request due to no network connectivity: expired
E/ctxmgr  ( 1243): [BaseServerTask]Failed network request due to no network connectivity: expired
D/KeyguardUpdateMonitor( 1065): received broadcast android.intent.action.BATTERY_CHANGED
D/KeyguardUpdateMonitor( 1065): handleBatteryUpdate
E/ctxmgr  ( 1243): [EventHandler]Didn't find runnable for alarm id=518, intent=Intent { act=CONTEXT_MANAGER_ALARM_WAKEUP_76512 flg=0x14 (has extras) }
E/ctxmgr  ( 1243): [AccountAclCallback]Failed Acl fetch: network status=1
E/ctxmgr  ( 1243): [DailyCheckinOperation]Failed daily get config: network status=1
D/KeyguardUpdateMonitor( 1065): received broadcast android.intent.action.BATTERY_CHANGED
D/KeyguardUpdateMonitor( 1065): handleBatteryUpdate
I/ServiceKeeper(  927): In getpackagename pid = 927 uid = 1000 package name = android
I/ServiceKeeper(  927): In getpackagename pid = 927 uid = 1000 package name = android
I/ServiceKeeper(  927): In getpackagename pid = 927 uid = 1000 package name = android
I/ServiceKeeper(  927): In getpackagename pid = 927 uid = 1000 package name = android
D/AT_Distributor(  292): Send Msg [UART > ATD] 1 bytes <>
D/KeyguardUpdateMonitor( 1065): received broadcast android.intent.action.TIME_TICK
D/KeyguardUpdateMonitor( 1065): handleTimeUpdate
I/ServiceKeeper(  927): In getpackagename pid = 927 uid = 1000 package name = android
I/ServiceKeeper(  927): In getpackagename pid = 927 uid = 1000 package name = android
D/KeyguardUpdateMonitor( 1065): received broadcast android.intent.action.BATTERY_CHANGED
D/KeyguardUpdateMonitor( 1065): handleBatteryUpdate
D/KeyguardUpdateMonitor( 1065): received broadcast android.intent.action.BATTERY_CHANGED
D/KeyguardUpdateMonitor( 1065): handleBatteryUpdate
I/ServiceKeeper(  927): In getpackagename pid = 927 uid = 1000 package name = android
I/ServiceKeeper(  927): In getpackagename pid = 927 uid = 1000 package name = android
I/Finsky  ( 8283): [1] com.google.android.finsky.hygiene.DailyHygiene$DailyHygieneService.onStartCommand(27): Beginning daily hygiene, foreground = false, reason = 7
I/Finsky  ( 8283): [1] com.google.android.finsky.hygiene.DailyHygiene.a(157): Probe [WLDzxSiQlSXfIJIe76sBK5159fM] for daily hygiene pass
I/ServiceKeeper(  927): In getpackagename pid = 927 uid = 1000 package name = android
I/ServiceKeeper(  927): In getpackagename pid = 927 uid = 1000 package name = android
D/AT_Distributor(  292): Send Msg [UART > ATD] 1 bytes <>
I/ServiceKeeper(  927): In getpackagename pid = 927 uid = 1000 package name = android
D/KeyguardUpdateMonitor( 1065): received broadcast android.intent.action.TIME_TICK
D/KeyguardUpdateMonitor( 1065): handleTimeUpdate
I/Auth    ( 1469): [ReflectiveChannelBinder] Successfully bound channel!
D/KeyguardUpdateMonitor( 1065): received broadcast android.intent.action.BATTERY_CHANGED
D/KeyguardUpdateMonitor( 1065): handleBatteryUpdate
D/KeyguardUpdateMonitor( 1065): received broadcast android.intent.action.BATTERY_CHANGED
D/KeyguardUpdateMonitor( 1065): handleBatteryUpdate
I/ServiceKeeper(  927): In getpackagename pid = 927 uid = 1000 package name = android
I/Finsky  ( 8283): [1] com.google.android.finsky.api.a.n.c(483): Not delivering error response for request=[[ ] https://android.clients.google.com/fdfe/toc 0xe8d195d1 NORMAL 25], error=[com.android.volley.NoConnectionError: java.net.UnknownHostException: Unable to resolve host "android.clients.google.com": No address associated with hostname] because response already delivered.
W/Finsky  ( 8283): [1] com.google.android.finsky.hygiene.d.a(35): Self-update check failed with error: com.android.volley.NoConnectionError: java.net.UnknownHostException: Unable to resolve host "android.clients.google.com": No address associated with hostname
D/dalvikvm( 8283): GC_CONCURRENT freed 1781K, 47% free 8360K/15604K, paused 4ms+6ms, total 64ms
W/Finsky  ( 8283): [1] com.google.android.finsky.az.a.w.a(9): Library replication failed: com.android.volley.NoConnectionError: java.net.UnknownHostException: Unable to resolve host "android.clients.google.com": No address associated with hostname
D/dalvikvm( 1469): GC_CONCURRENT freed 988K, 39% free 9631K/15604K, paused 2ms+3ms, total 76ms
I/ServiceKeeper(  927): In getpackagename pid = 927 uid = 1000 package name = android
I/ServiceKeeper(  927): In getpackagename pid = 927 uid = 1000 package name = android
I/ServiceKeeper(  927): In getpackagename pid = 927 uid = 1000 package name = android
I/ServiceKeeper(  927): In getpackagename pid = 927 uid = 1000 package name = android
I/ServiceKeeper(  927): In getpackagename pid = 927 uid = 1000 package name = android
I/ServiceKeeper(  927): In getpackagename pid = 927 uid = 1000 package name = android
I/ServiceKeeper(  927): In getpackagename pid = 927 uid = 1000 package name = android
D/dalvikvm( 8283): GC_CONCURRENT freed 211K, 42% free 9100K/15604K, paused 2ms+6ms, total 46ms
W/ctxmgr  ( 1243): [AclManager]null policy map (3) -1, clientInfo=(accnt=account#-312649032#, com.google.android.gms(10033):AccountManager, vrsn=11302034, 0, 3pPkg = null ,  3pMdlId = null ,  pid = 1243)
W/ctxmgr  ( 1243): [AccountManager]Can't read store: account#-312649032#, 7503
W/ctxmgr  ( 1243): [AclManager]null policy map (3) -1, clientInfo=(accnt=account#-517948760#, com.google.android.gms(10033):AccountManager, vrsn=11302034, 0, 3pPkg = null ,  3pMdlId = null ,  pid = 1243)
W/ctxmgr  ( 1243): [AccountManager]Can't read store: account#-517948760#, 7503
W/Finsky  ( 8283): [1] com.google.android.finsky.autoupdate.impl.d.a(2): Update check failed: com.android.volley.NoConnectionError: java.net.UnknownHostException: Unable to resolve host "android.clients.google.com": No address associated with hostname
I/Finsky  ( 8283): [1] com.google.android.finsky.hygiene.DailyHygiene.c(270): Logging device features
I/ServiceKeeper(  927): In getpackagename pid = 927 uid = 1000 package name = android
I/Finsky  ( 8283): [1] com.google.android.finsky.datasync.CacheAndSyncScheduler.a(7): [Cache and Sync] mode not available for any accounts.
D/Volley  ( 8283): [1] a.b: Cache cleared.
W/ctxmgr  ( 1243): [NetworkStateProducer]No state change for network connection context
I/ServiceKeeper(  927): In getpackagename pid = 927 uid = 1000 package name = android
W/Settings( 8283): Setting download_manager_max_bytes_over_mobile has moved from android.provider.Settings.Secure to android.provider.Settings.Global.
I/Finsky  ( 8283): [1] com.google.android.finsky.hygiene.DailyHygiene.a(706): Giving up. (failures=6)
W/WearSignatureVerifier( 8283): No package com.google.android.wearable.app.cn
W/WearSignatureVerifier( 8283): No package com.google.android.wearable.app.cn
W/WearSignatureVerifier( 8283): No package com.google.android.wearable.app.cn
W/WearSignatureVerifier( 8283): No package com.google.android.wearable.app.cn
I/WearableService( 1243): Wearable Services not starting - Wear is not available on this device.
D/dalvikvm( 8283): GC_CONCURRENT freed 1581K, 46% free 8505K/15604K, paused 4ms+10ms, total 43ms
I/ServiceKeeper(  927): In getpackagename pid = 927 uid = 1000 package name = android
I/ServiceKeeper(  927): In getpackagename pid = 927 uid = 1000 package name = android
I/Finsky  ( 8283): [1] com.google.android.finsky.verifier.impl.VerifyInstalledPackagesReceiver.a(31): Skipping verification because network inactive
I/ServiceKeeper(  927): In getpackagename pid = 927 uid = 1000 package name = android
D/WearableService( 1243): onGetService - Wear is not available on this device.
W/WearSignatureVerifier( 8283): No package com.google.android.wearable.app.cn
E/Finsky  ( 8283): [1] com.google.android.finsky.wear.bl.a(3): onConnectionFailed: ConnectionResult{statusCode=API_UNAVAILABLE, resolution=null, message=null}
W/Finsky  ( 8283): [1] com.google.android.finsky.wear.aj.run(9): Dropping command=hygiene due to Gms not connected
I/Finsky  ( 8283): [1083] com.google.android.finsky.flushlogs.FlushLogsReceiver$FlushLogsService.onHandleIntent(10): Flushing event logs for [WLDzxSiQlSXfIJIe76sBK5159fM]
I/PlayCommon( 8283): [1041] com.google.android.play.a.g.e(222): Preparing logs for uploading
I/PlayCommon( 8283): [1074] com.google.android.play.a.g.e(222): Preparing logs for uploading
I/PlayCommon( 8283): [1074] com.google.android.play.a.g.e(226): No file ready to send
I/ServiceKeeper(  927): In getpackagename pid = 927 uid = 1000 package name = android
I/ServiceKeeper(  927): In getpackagename pid = 927 uid = 1000 package name = android
I/ServiceKeeper(  927): In getpackagename pid = 927 uid = 1000 package name = android
I/PlayCommon( 8283): [1041] com.google.android.play.a.g.a(436): Connecting to server: https://play.googleapis.com/play/log?format=raw&proto_v2=true
E/PlayCommon( 8283): [1041] com.google.android.play.a.g.a(466): Failed to connect to server: java.net.UnknownHostException: Unable to resolve host "play.googleapis.com": No address associated with hostname
D/AT_Distributor(  292): Send Msg [UART > ATD] 1 bytes <>
I/ServiceKeeper(  927): In getpackagename pid = 927 uid = 1000 package name = android
I/ServiceKeeper(  927): In getpackagename pid = 927 uid = 1000 package name = android
D/KeyguardUpdateMonitor( 1065): received broadcast android.intent.action.TIME_TICK
D/KeyguardUpdateMonitor( 1065): handleTimeUpdate
I/ServiceKeeper(  927): In getpackagename pid = 927 uid = 1000 package name = android
D/KeyguardUpdateMonitor( 1065): received broadcast android.intent.action.BATTERY_CHANGED
D/KeyguardUpdateMonitor( 1065): received broadcast android.intent.action.BATTERY_CHANGED
D/KeyguardUpdateMonitor( 1065): handleBatteryUpdate
D/KeyguardUpdateMonitor( 1065): handleBatteryUpdate
I/ServiceKeeper(  927): In getpackagename pid = 927 uid = 1000 package name = android
D/Babel   (  544): onCreate: Shutdown runnable posted in onCreate with a delay of 5000 ms.
I/ServiceKeeper(  927): In getpackagename pid = 927 uid = 1000 package name = android
D/Babel   (  544): Idle: Shutdown runnable posted in release with a delay of 5000 ms.
I/ServiceKeeper(  927): In getpackagename pid = 927 uid = 1000 package name = android
I/ServiceKeeper(  927): In getpackagename pid = 927 uid = 1000 package name = android
D/Babel   (  544): Idle: Shutdown runnable posted in release with a delay of 5000 ms.
I/ServiceKeeper(  927): In getpackagename pid = 927 uid = 1000 package name = android
D/Babel   (  544): Idle: Shutdown runnable posted in release with a delay of 5000 ms.
I/ServiceKeeper(  927): In getpackagename pid = 927 uid = 1000 package name = android
D/AT_Distributor(  292): Send Msg [UART > ATD] 1 bytes <>
D/KeyguardUpdateMonitor( 1065): received broadcast android.intent.action.TIME_TICK
D/KeyguardUpdateMonitor( 1065): handleTimeUpdate
I/ServiceKeeper(  927): In getpackagename pid = 927 uid = 1000 package name = android
I/ServiceKeeper(  927): In getpackagename pid = 927 uid = 1000 package name = android
E/ctxmgr  ( 1243): [BaseServerTask]Failed network request due to no network connectivity: expired
E/ctxmgr  ( 1243): [BaseServerTask]Failed network request due to no network connectivity: expired
D/KeyguardUpdateMonitor( 1065): received broadcast android.intent.action.BATTERY_CHANGED
D/KeyguardUpdateMonitor( 1065): handleBatteryUpdate
E/ctxmgr  ( 1243): [AccountAclCallback]Failed Acl fetch: network status=1
E/ctxmgr  ( 1243): [DailyCheckinOperation]Failed daily get config: network status=1
D/KeyguardUpdateMonitor( 1065): received broadcast android.intent.action.BATTERY_CHANGED
D/KeyguardUpdateMonitor( 1065): handleBatteryUpdate
I/ServiceKeeper(  927): In getpackagename pid = 927 uid = 1000 package name = android
I/ServiceKeeper(  927): In getpackagename pid = 927 uid = 1000 package name = android
D/AT_Distributor(  292): Send Msg [UART > ATD] 1 bytes <>
D/KeyguardUpdateMonitor( 1065): received broadcast android.intent.action.TIME_TICK
D/KeyguardUpdateMonitor( 1065): handleTimeUpdate
I/ServiceKeeper(  927): In getpackagename pid = 927 uid = 1000 package name = android
D/KeyguardUpdateMonitor( 1065): received broadcast android.intent.action.BATTERY_CHANGED
D/KeyguardUpdateMonitor( 1065): handleBatteryUpdate
D/KeyguardUpdateMonitor( 1065): received broadcast android.intent.action.BATTERY_CHANGED
D/KeyguardUpdateMonitor( 1065): handleBatteryUpdate
I/ServiceKeeper(  927): In getpackagename pid = 927 uid = 1000 package name = android
I/ServiceKeeper(  927): In getpackagename pid = 927 uid = 1000 package name = android
I/ServiceKeeper(  927): In getpackagename pid = 927 uid = 1000 package name = android
I/ServiceKeeper(  927): In getpackagename pid = 927 uid = 1000 package name = android
I/ServiceKeeper(  927): In getpackagename pid = 927 uid = 1000 package name = android
I/ServiceKeeper(  927): In getpackagename pid = 927 uid = 1000 package name = android
I/EventLogChimeraService(16904): Aggregate from 1502269414777 (log), 1502269414777 (data)
I/Finsky  ( 8283): [1059] com.google.android.finsky.h.c.a(22): Completed 0 account content syncs with 0 successful.
I/Finsky  ( 8283): [1] com.google.android.finsky.services.e.a(5): Installation state replication succeeded.
I/ServiceKeeper(  927): In getpackagename pid = 927 uid = 1000 package name = android
D/AT_Distributor(  292): Send Msg [UART > ATD] 1 bytes <>
I/ServiceKeeper(  927): In getpackagename pid = 927 uid = 1000 package name = android
D/KeyguardUpdateMonitor( 1065): received broadcast android.intent.action.TIME_TICK
D/KeyguardUpdateMonitor( 1065): handleTimeUpdate
D/KeyguardUpdateMonitor( 1065): received broadcast android.intent.action.BATTERY_CHANGED
D/KeyguardUpdateMonitor( 1065): handleBatteryUpdate
D/dalvikvm(16904): GC_EXPLICIT freed 857K, 39% free 9585K/15604K, paused 4ms+17ms, total 717ms
D/KeyguardUpdateMonitor( 1065): received broadcast android.intent.action.BATTERY_CHANGED
D/KeyguardUpdateMonitor( 1065): handleBatteryUpdate
I/ServiceKeeper(  927): In getpackagename pid = 927 uid = 1000 package name = android
I/ServiceKeeper(  927): In getpackagename pid = 927 uid = 1000 package name = android
D/dalvikvm( 1243): GC_CONCURRENT freed 1440K, 30% free 11018K/15604K, paused 5ms+8ms, total 122ms
W/ctxmgr  ( 1243): [NetworkStateProducer]No state change for network connection context
D/AT_Distributor(  292): Send Msg [UART > ATD] 1 bytes <>
W/ctxmgr  ( 1243): [WorkManager]Long workInfo: pkg=com.google.android.gms, lbl=ListenerInvokerRunner, start=2017-08-09 11:44:44.814+0200, stop=2017-08-09 11:46:44.374+0200, durtn=119560ms
I/ServiceKeeper(  927): In getpackagename pid = 927 uid = 1000 package name = android
I/ServiceKeeper(  927): In getpackagename pid = 927 uid = 1000 package name = android
D/KeyguardUpdateMonitor( 1065): received broadcast android.intent.action.TIME_TICK
D/KeyguardUpdateMonitor( 1065): handleTimeUpdate
D/KeyguardUpdateMonitor( 1065): received broadcast android.intent.action.BATTERY_CHANGED
D/KeyguardUpdateMonitor( 1065): handleBatteryUpdate
I/ServiceKeeper(  927): In getpackagename pid = 927 uid = 1000 package name = android
I/ServiceKeeper(  927): In getpackagename pid = 927 uid = 1000 package name = android
I/ServiceKeeper(  927): In getpackagename pid = 927 uid = 1000 package name = android
E/ctxmgr  ( 1243): [BaseServerTask]Failed network request due to no network connectivity: expired
E/ctxmgr  ( 1243): [AccountAclCallback]Failed Acl fetch: network status=1
I/ServiceKeeper(  927): In getpackagename pid = 927 uid = 1000 package name = android
I/ServiceKeeper(  927): In getpackagename pid = 927 uid = 1000 package name = android
I/ServiceKeeper(  927): In getpackagename pid = 927 uid = 1000 package name = android
I/ServiceKeeper(  927): In getpackagename pid = 927 uid = 1000 package name = android
I/ServiceKeeper(  927): In getpackagename pid = 927 uid = 1000 package name = android
E/ctxmgr  ( 1243): [BaseServerTask]Failed network request due to no network connectivity: expired
E/ctxmgr  ( 1243): [DailyCheckinOperation]Failed daily get config: network status=1
I/ServiceKeeper(  927): In getpackagename pid = 927 uid = 1000 package name = android
D/AT_Distributor(  292): Send Msg [UART > ATD] 1 bytes <>
I/ServiceKeeper(  927): In getpackagename pid = 927 uid = 1000 package name = android
D/KeyguardUpdateMonitor( 1065): received broadcast android.intent.action.BATTERY_CHANGED
D/KeyguardUpdateMonitor( 1065): handleBatteryUpdate
I/ServiceKeeper(  927): In getpackagename pid = 927 uid = 1000 package name = android
D/KeyguardUpdateMonitor( 1065): received broadcast android.intent.action.TIME_TICK
D/KeyguardUpdateMonitor( 1065): handleTimeUpdate
I/ServiceKeeper(  927): In getpackagename pid = 927 uid = 1000 package name = android
I/ServiceKeeper(  927): In getpackagename pid = 927 uid = 1000 package name = android
D/AT_Distributor(  292): Send Msg [UART > ATD] 1 bytes <>
D/KeyguardUpdateMonitor( 1065): received broadcast android.intent.action.TIME_TICK
D/KeyguardUpdateMonitor( 1065): handleTimeUpdate
I/ServiceKeeper(  927): In getpackagename pid = 927 uid = 1000 package name = android
I/WearableService( 1243): Wearable Services stopping
D/KeyguardUpdateMonitor( 1065): received broadcast android.intent.action.BATTERY_CHANGED
D/LockPatternUtils( 1065): isPcwEnable = null
D/AlarmManagerService(  927): Kernel timezone updated to -120 minutes west of GMT
D/comdaemonstockapp( 4068): [Daemon_Stock]>>> DaemonService.java:46 [0:0] action : androidintentactionDATE_CHANGED
D/KeyguardUpdateMonitor( 1065): received broadcast android.intent.action.BATTERY_CHANGED
D/KeyguardUpdateMonitor( 1065): handleBatteryUpdate
D/KeyguardUpdateMonitor( 1065): handleBatteryUpdate
D/Babel   (  544): RefCountedService(com.google.android.apps.hangouts.requestwriter.RequestWriter) onDestroy (count=0, startId=1 stopped=true)
I/KLMS-2.3.164 : ( 7041): MainReciver() : EventNotificationReciver- method called: AppActivityListner onReceive for Intent Action : android.intent.action.DATE_CHANGED , timestamp: 1502273014545
I/KLMS-2.3.164 : ( 7041): StateImplV2() : dateTimeChanged() : Wed Aug 09 12:03:34 CEST 2017
I/SA      ( 7054): [SBR] StdBroadcastReceiver received Intent of  action.DATE_CHANGED.
I/knox    ( 3840): MainReceiver.onReceive() : Intent { act=android.intent.action.DATE_CHANGED flg=0x20000014 cmp=com.sec.knox.seandroid/.receiver.MainReceiver (has extras) }
D/knox    ( 3840): MainReceiver.listeningToTimeDateChanges( context, intent ).
I/knox    ( 3840): MainReceiver.onReceive() END - - - - - : Intent { act=android.intent.action.DATE_CHANGED flg=0x20000014 cmp=com.sec.knox.seandroid/.receiver.MainReceiver (has extras) }
D/TimeService( 7090): Receivedandroid.intent.action.DATE_CHANGED intent. Current Time is 1502273014705
D/        ( 7090): TimeServiceNative: User Time to be set is 1502273014705
D/QC-time-services( 7090): Lib:time_genoff_operation: pargs->base = 2
D/QC-time-services( 7090): Lib:time_genoff_operation: pargs->operation = 0
D/QC-time-services( 7090): Lib:time_genoff_operation: pargs->ts_val = 1502273014705
D/QC-time-services(  305): Daemon: Connection accepted:time_genoff
D/QC-time-services( 7090): Lib:time_genoff_operation: Send to server  passed!!
D/QC-time-services(  305): Daemon: genoff_handler: Process name is omm.timeservice
D/QC-time-services(  305): Daemon:Received base = 2, unit = 1, operation = 0,value = 1502273014705
D/QC-time-services(  305): Daemon:genoff_opr: Base = 2, val = 1502273014705, operation = 0
D/QC-time-services(  305): Daemon:rtc_get: Time read from RTC -- MM/DD/YY HH:MM:SS0/5/70 21:55:33
D/QC-time-services(  305): Daemon:Value read from RTC seconds = 424533000
D/QC-time-services(  305): Daemon:new time 1502273014705
D/QC-time-services(  305): Daemon: delta 1501848481705 genoff 1501848481705
D/QC-time-services(  305): Daemon:genoff_persistent_update: Writing genoff = 1501848481705 to memory
D/QC-time-services(  305): Daemon:Opening File: /data/time/ats_2
D/QC-time-services(  305): Daemon:time_persistent_memory_opr:Genoff write operation
D/QC-time-services(  305): Updating the TOD offset
D/QC-time-services(  305): Daemon:genoff_persistent_update: Writing genoff = 1501848481705 to memory
D/QC-time-services(  305): Daemon:Opening File: /data/time/ats_1
D/QC-time-services(  305): Daemon:time_persistent_memory_opr:Genoff write operation
E/QC-time-services(  305): Daemon:Update to modem bit set
D/QC-time-services(  305): Daemon:genoff_send_modem: Sending data to MODEM !
D/QC-time-services(  305): Daemon: Base = 2, Value being sent to MODEM = 1186308214705
E/QC-time-services( 7090): Receive Passed == base = 2, unit = 1, operation = 0, result = 0
D/comdaemonstockapp( 4068): [Daemon_Stock]>>> Stockclock_DaemonService.java:63 [0:0] onReceive: androidintentactionDATE_CHANGED
D/comdaemonstockapp( 4068): [Daemon_Stock]>>> Stockclock_DaemonService.java:64 [0:0] appServiceStatus: 1
D/comdaemonstockapp( 4068): [Daemon_Stock]>>> Stockclock_DaemonService.java:65 [0:0] [AR]: 0
D/comdaemonstockapp( 4068): [Daemon_Stock]>>> Stockclock_DaemonService.java:66 [0:0] [AR]: Next time = 0
E/QC-time-services(  305): Daemon: Time-services: Waiting to acceptconnection
D/daemonapp( 4068): [MSC_Accu_Daemon]>>> AWDS:69 [0:0] Act : androidintentactionDATE_CHANGED, run:true
D/comsamsunglog( 4068): [MSC_Accu_Daemon]>>> ====================================================================================================================
D/comsamsunglog( 4068): [MSC_Accu_Daemon]>>> daemonapp [Version : 14040201 ] [ 1 ]
D/comsamsunglog( 4068): [MSC_Accu_Daemon]>>> Header set to : ===> "daemonapp" <===
D/comsamsunglog( 4068): [MSC_Accu_Daemon]>>> ====================================================================================================================
D/daemonapp( 4068): [MSC_Accu_Daemon]>>> ACP:433 [0:0] Provider query : content://apaccuweatherprovider/packagename
D/daemonapp( 4068): [MSC_Accu_Daemon]>>> AWDS:1076 [0:0] PakNme size = 0
D/daemonapp( 4068): [MSC_Accu_Daemon]>>> ACP:433 [0:0] Provider query : content://apaccuweatherprovider/current_weatherinfo
D/daemonapp( 4068): [MSC_Accu_Daemon]>>> ACP:433 [0:0] Provider query : content://apaccuweatherprovider/current_weatherinfo
D/daemonapp( 4068): [MSC_Accu_Daemon]>>> ACP:433 [0:0] Provider query : content://apaccuweatherprovider/current_weatherinfo
D/daemonapp( 4068): [MSC_Accu_Daemon]>>> AWDS:111 [0:0] SerStus:false,TmpS:1,AtRfr:3
D/daemonapp( 4068): [MSC_Accu_Daemon]>>> ACP:433 [0:0] Provider query : content://apaccuweatherprovider/packagename
D/daemonapp( 4068): [MSC_Accu_Daemon]>>> AWDS:1076 [0:0] PakNme size = 0
D/daemonapp( 4068): [MSC_Accu_Daemon]>>> AWDS:858 [0:0] CnclAtRftAl
I/ServiceKeeper(  927): In getpackagename pid = 927 uid = 1000 package name = android
I/ServiceKeeper(  927): In getpackagename pid = 927 uid = 1000 package name = android
D/comdaemonstockapp( 4068): [Daemon_Stock]>>> Stockclock_DaemonService.java:63 [0:0] onReceive: widgetappstockclockUPDATE
D/comdaemonstockapp( 4068): [Daemon_Stock]>>> Stockclock_DaemonService.java:64 [0:0] appServiceStatus: 1
D/comdaemonstockapp( 4068): [Daemon_Stock]>>> Stockclock_DaemonService.java:65 [0:0] [AR]: 0
D/comdaemonstockapp( 4068): [Daemon_Stock]>>> Stockclock_DaemonService.java:66 [0:0] [AR]: Next time = 0
I/ServiceKeeper(  927): In getpackagename pid = 927 uid = 1000 package name = android
I/ServiceKeeper(  927): In getpackagename pid = 927 uid = 1000 package name = android
I/ServiceKeeper(  927): In getpackagename pid = 927 uid = 1000 package name = android
D/AT_Distributor(  292): Send Msg [UART > ATD] 1 bytes <>
I/ServiceKeeper(  927): In getpackagename pid = 927 uid = 1000 package name = android
D/KeyguardUpdateMonitor( 1065): received broadcast android.intent.action.TIME_TICK
D/KeyguardUpdateMonitor( 1065): handleTimeUpdate
D/KeyguardUpdateMonitor( 1065): received broadcast android.intent.action.BATTERY_CHANGED
D/KeyguardUpdateMonitor( 1065): handleBatteryUpdate
D/KeyguardUpdateMonitor( 1065): received broadcast android.intent.action.BATTERY_CHANGED
D/KeyguardUpdateMonitor( 1065): handleBatteryUpdate
I/ServiceKeeper(  927): In getpackagename pid = 927 uid = 1000 package name = android
I/ServiceKeeper(  927): In getpackagename pid = 927 uid = 1000 package name = android
I/ServiceKeeper(  927): In getpackagename pid = 927 uid = 1000 package name = android
D/AT_Distributor(  292): Send Msg [UART > ATD] 1 bytes <>
D/KeyguardUpdateMonitor( 1065): received broadcast android.intent.action.TIME_TICK
D/KeyguardUpdateMonitor( 1065): handleTimeUpdate
I/ServiceKeeper(  927): In getpackagename pid = 927 uid = 1000 package name = android
D/KeyguardUpdateMonitor( 1065): received broadcast android.intent.action.BATTERY_CHANGED
D/KeyguardUpdateMonitor( 1065): handleBatteryUpdate
D/KeyguardUpdateMonitor( 1065): received broadcast android.intent.action.BATTERY_CHANGED
D/KeyguardUpdateMonitor( 1065): handleBatteryUpdate
I/ServiceKeeper(  927): In getpackagename pid = 927 uid = 1000 package name = android
I/ServiceKeeper(  927): In getpackagename pid = 927 uid = 1000 package name = android
I/ServiceKeeper(  927): In getpackagename pid = 927 uid = 1000 package name = android
I/ServiceKeeper(  927): In getpackagename pid = 927 uid = 1000 package name = android
I/ServiceKeeper(  927): In getpackagename pid = 927 uid = 1000 package name = android
I/ServiceKeeper(  927): In getpackagename pid = 927 uid = 1000 package name = android
I/ServiceKeeper(  927): In getpackagename pid = 927 uid = 1000 package name = android
