D/        (  927): TAL: TIMA_PKM_measure_kernel--int8_t TIMA_PKM_measure_kernel(TIMA_handle_t, void*, uint32_t, void*, uint32_t, uint32_t)
D/        (  927): TIMA: QCOM_send_command--int8_t QCOM_send_command(TIMA_handle_t, void*, uint32_t, void*, uint32_t, uint32_t)
D/        (  927): rsp_len = 1008 rcvd_data_len = 1040, self_calculate_len=1040
D/        (  927): TIMA: QCOM_send_command result--0
D/        (  927): TIMA_PKM_measure_kernel returns with resp..ret=512!
D/        (  927): TAL: TIMA_PKM_measure_kernel--int8_t TIMA_PKM_measure_kernel(TIMA_handle_t, void*, uint32_t, void*, uint32_t, uint32_t)
D/        (  927): TIMA: QCOM_send_command--int8_t QCOM_send_command(TIMA_handle_t, void*, uint32_t, void*, uint32_t, uint32_t)
D/        (  927): rsp_len = 1008 rcvd_data_len = 1040, self_calculate_len=1040
D/        (  927): TIMA: QCOM_send_command result--0
D/        (  927): TIMA_PKM_measure_kernel returns with resp..ret=512!
D/        (  927): TAL: TIMA_PKM_measure_kernel--int8_t TIMA_PKM_measure_kernel(TIMA_handle_t, void*, uint32_t, void*, uint32_t, uint32_t)
D/        (  927): TIMA: QCOM_send_command--int8_t QCOM_send_command(TIMA_handle_t, void*, uint32_t, void*, uint32_t, uint32_t)
D/        (  927): rsp_len = 1008 rcvd_data_len = 1040, self_calculate_len=1040
D/        (  927): TIMA: QCOM_send_command result--0
D/        (  927): TIMA_PKM_measure_kernel returns with resp..ret=512!
D/        (  927): TAL: TIMA_PKM_measure_kernel--int8_t TIMA_PKM_measure_kernel(TIMA_handle_t, void*, uint32_t, void*, uint32_t, uint32_t)
D/        (  927): TIMA: QCOM_send_command--int8_t QCOM_send_command(TIMA_handle_t, void*, uint32_t, void*, uint32_t, uint32_t)
D/        (  927): rsp_len = 1008 rcvd_data_len = 1040, self_calculate_len=1040
D/        (  927): TIMA: QCOM_send_command result--0
D/        (  927): TIMA_PKM_measure_kernel returns with resp..ret=512!
D/        (  927): TAL: TIMA_PKM_measure_kernel--int8_t TIMA_PKM_measure_kernel(TIMA_handle_t, void*, uint32_t, void*, uint32_t, uint32_t)
D/        (  927): TIMA: QCOM_send_command--int8_t QCOM_send_command(TIMA_handle_t, void*, uint32_t, void*, uint32_t, uint32_t)
D/        (  927): rsp_len = 1008 rcvd_data_len = 1040, self_calculate_len=1040
D/        (  927): TIMA: QCOM_send_command result--0
D/        (  927): TIMA_PKM_measure_kernel returns with resp..ret=512!
D/        (  927): TAL: TIMA_PKM_measure_kernel--int8_t TIMA_PKM_measure_kernel(TIMA_handle_t, void*, uint32_t, void*, uint32_t, uint32_t)
D/        (  927): TIMA: QCOM_send_command--int8_t QCOM_send_command(TIMA_handle_t, void*, uint32_t, void*, uint32_t, uint32_t)
D/        (  927): rsp_len = 1008 rcvd_data_len = 1040, self_calculate_len=1040
D/        (  927): TIMA: QCOM_send_command result--0
D/        (  927): TIMA_PKM_measure_kernel returns with resp..ret=512!
D/        (  927): TAL: TIMA_PKM_measure_kernel--int8_t TIMA_PKM_measure_kernel(TIMA_handle_t, void*, uint32_t, void*, uint32_t, uint32_t)
D/        (  927): TIMA: QCOM_send_command--int8_t QCOM_send_command(TIMA_handle_t, void*, uint32_t, void*, uint32_t, uint32_t)
D/        (  927): rsp_len = 1008 rcvd_data_len = 1040, self_calculate_len=1040
D/        (  927): TIMA: QCOM_send_command result--0
D/        (  927): TIMA_PKM_measure_kernel returns with resp..ret=512!
D/        (  927): TAL: TIMA_PKM_measure_kernel--int8_t TIMA_PKM_measure_kernel(TIMA_handle_t, void*, uint32_t, void*, uint32_t, uint32_t)
D/        (  927): TIMA: QCOM_send_command--int8_t QCOM_send_command(TIMA_handle_t, void*, uint32_t, void*, uint32_t, uint32_t)
D/        (  927): rsp_len = 1008 rcvd_data_len = 1040, self_calculate_len=1040
D/        (  927): TIMA: QCOM_send_command result--0
D/        (  927): TIMA_PKM_measure_kernel returns with resp..ret=512!
D/        (  927): TAL: TIMA_PKM_measure_kernel--int8_t TIMA_PKM_measure_kernel(TIMA_handle_t, void*, uint32_t, void*, uint32_t, uint32_t)
D/        (  927): TIMA: QCOM_send_command--int8_t QCOM_send_command(TIMA_handle_t, void*, uint32_t, void*, uint32_t, uint32_t)
D/        (  927): rsp_len = 1008 rcvd_data_len = 1040, self_calculate_len=1040
D/        (  927): TIMA: QCOM_send_command result--0
D/        (  927): TIMA_PKM_measure_kernel returns with resp..ret=512!
D/        (  927): TAL: TIMA_PKM_measure_kernel--int8_t TIMA_PKM_measure_kernel(TIMA_handle_t, void*, uint32_t, void*, uint32_t, uint32_t)
D/        (  927): TIMA: QCOM_send_command--int8_t QCOM_send_command(TIMA_handle_t, void*, uint32_t, void*, uint32_t, uint32_t)
D/        (  927): rsp_len = 1008 rcvd_data_len = 1040, self_calculate_len=1040
D/        (  927): TIMA: QCOM_send_command result--0
D/        (  927): TIMA_PKM_measure_kernel returns with resp..ret=512!
D/        (  927): TAL: TIMA_PKM_measure_kernel--int8_t TIMA_PKM_measure_kernel(TIMA_handle_t, void*, uint32_t, void*, uint32_t, uint32_t)
D/        (  927): TIMA: QCOM_send_command--int8_t QCOM_send_command(TIMA_handle_t, void*, uint32_t, void*, uint32_t, uint32_t)
D/        (  927): rsp_len = 1008 rcvd_data_len = 1040, self_calculate_len=1040
D/        (  927): TIMA: QCOM_send_command result--0
D/        (  927): TIMA_PKM_measure_kernel returns with resp..ret=512!
D/        (  927): TAL: TIMA_PKM_measure_kernel--int8_t TIMA_PKM_measure_kernel(TIMA_handle_t, void*, uint32_t, void*, uint32_t, uint32_t)
D/        (  927): TIMA: QCOM_send_command--int8_t QCOM_send_command(TIMA_handle_t, void*, uint32_t, void*, uint32_t, uint32_t)
D/        (  927): rsp_len = 1008 rcvd_data_len = 1040, self_calculate_len=1040
D/        (  927): TIMA: QCOM_send_command result--0
D/        (  927): TIMA_PKM_measure_kernel returns with resp..ret=512!
D/        (  927): TAL: TIMA_PKM_measure_kernel--int8_t TIMA_PKM_measure_kernel(TIMA_handle_t, void*, uint32_t, void*, uint32_t, uint32_t)
D/        (  927): TIMA: QCOM_send_command--int8_t QCOM_send_command(TIMA_handle_t, void*, uint32_t, void*, uint32_t, uint32_t)
D/        (  927): rsp_len = 1008 rcvd_data_len = 1040, self_calculate_len=1040
D/        (  927): TIMA: QCOM_send_command result--0
D/        (  927): TIMA_PKM_measure_kernel returns with resp..ret=512!
D/        (  927): TAL: TIMA_PKM_measure_kernel--int8_t TIMA_PKM_measure_kernel(TIMA_handle_t, void*, uint32_t, void*, uint32_t, uint32_t)
D/        (  927): TIMA: QCOM_send_command--int8_t QCOM_send_command(TIMA_handle_t, void*, uint32_t, void*, uint32_t, uint32_t)
D/        (  927): rsp_len = 1008 rcvd_data_len = 1040, self_calculate_len=1040
D/        (  927): TIMA: QCOM_send_command result--0
D/        (  927): TIMA_PKM_measure_kernel returns with resp..ret=512!
D/        (  927): TAL: TIMA_PKM_measure_kernel--int8_t TIMA_PKM_measure_kernel(TIMA_handle_t, void*, uint32_t, void*, uint32_t, uint32_t)
D/        (  927): TIMA: QCOM_send_command--int8_t QCOM_send_command(TIMA_handle_t, void*, uint32_t, void*, uint32_t, uint32_t)
D/        (  927): rsp_len = 1008 rcvd_data_len = 1040, self_calculate_len=1040
D/        (  927): TIMA: QCOM_send_command result--0
D/        (  927): TIMA_PKM_measure_kernel returns with resp..ret=512!
D/        (  927): TAL: TIMA_PKM_measure_kernel--int8_t TIMA_PKM_measure_kernel(TIMA_handle_t, void*, uint32_t, void*, uint32_t, uint32_t)
D/        (  927): TIMA: QCOM_send_command--int8_t QCOM_send_command(TIMA_handle_t, void*, uint32_t, void*, uint32_t, uint32_t)
D/        (  927): rsp_len = 1008 rcvd_data_len = 1040, self_calculate_len=1040
D/        (  927): TIMA: QCOM_send_command result--0
D/        (  927): TIMA_PKM_measure_kernel returns with resp..ret=512!
D/        (  927): TAL: TIMA_PKM_measure_kernel--int8_t TIMA_PKM_measure_kernel(TIMA_handle_t, void*, uint32_t, void*, uint32_t, uint32_t)
D/        (  927): TIMA: QCOM_send_command--int8_t QCOM_send_command(TIMA_handle_t, void*, uint32_t, void*, uint32_t, uint32_t)
D/        (  927): rsp_len = 1008 rcvd_data_len = 1040, self_calculate_len=1040
D/        (  927): TIMA: QCOM_send_command result--0
D/        (  927): TIMA_PKM_measure_kernel returns with resp..ret=512!
D/        (  927): TAL: TIMA_PKM_measure_kernel--int8_t TIMA_PKM_measure_kernel(TIMA_handle_t, void*, uint32_t, void*, uint32_t, uint32_t)
D/        (  927): TIMA: QCOM_send_command--int8_t QCOM_send_command(TIMA_handle_t, void*, uint32_t, void*, uint32_t, uint32_t)
D/        (  927): rsp_len = 1008 rcvd_data_len = 1040, self_calculate_len=1040
D/        (  927): TIMA: QCOM_send_command result--0
D/        (  927): TIMA_PKM_measure_kernel returns with resp..ret=512!
D/        (  927): TAL: TIMA_PKM_measure_kernel--int8_t TIMA_PKM_measure_kernel(TIMA_handle_t, void*, uint32_t, void*, uint32_t, uint32_t)
D/        (  927): TIMA: QCOM_send_command--int8_t QCOM_send_command(TIMA_handle_t, void*, uint32_t, void*, uint32_t, uint32_t)
D/        (  927): rsp_len = 1008 rcvd_data_len = 1040, self_calculate_len=1040
D/        (  927): TIMA: QCOM_send_command result--0
D/        (  927): TIMA_PKM_measure_kernel returns with resp..ret=512!
D/        (  927): TAL: TIMA_PKM_measure_kernel--int8_t TIMA_PKM_measure_kernel(TIMA_handle_t, void*, uint32_t, void*, uint32_t, uint32_t)
D/        (  927): TIMA: QCOM_send_command--int8_t QCOM_send_command(TIMA_handle_t, void*, uint32_t, void*, uint32_t, uint32_t)
D/        (  927): rsp_len = 1008 rcvd_data_len = 1040, self_calculate_len=1040
D/        (  927): TIMA: QCOM_send_command result--0
D/        (  927): TIMA_PKM_measure_kernel returns with resp..ret=512!
D/        (  927): TAL: TIMA_PKM_measure_kernel--int8_t TIMA_PKM_measure_kernel(TIMA_handle_t, void*, uint32_t, void*, uint32_t, uint32_t)
D/        (  927): TIMA: QCOM_send_command--int8_t QCOM_send_command(TIMA_handle_t, void*, uint32_t, void*, uint32_t, uint32_t)
D/        (  927): rsp_len = 1008 rcvd_data_len = 1040, self_calculate_len=1040
D/        (  927): TIMA: QCOM_send_command result--0
D/        (  927): TIMA_PKM_measure_kernel returns with resp..ret=512!
D/        (  927): TAL: TIMA_PKM_measure_kernel--int8_t TIMA_PKM_measure_kernel(TIMA_handle_t, void*, uint32_t, void*, uint32_t, uint32_t)
D/        (  927): TIMA: QCOM_send_command--int8_t QCOM_send_command(TIMA_handle_t, void*, uint32_t, void*, uint32_t, uint32_t)
D/        (  927): rsp_len = 1008 rcvd_data_len = 1040, self_calculate_len=1040
D/        (  927): TIMA: QCOM_send_command result--0
D/        (  927): TIMA_PKM_measure_kernel returns with resp..ret=512!
D/        (  927): TAL: TIMA_PKM_measure_kernel--int8_t TIMA_PKM_measure_kernel(TIMA_handle_t, void*, uint32_t, void*, uint32_t, uint32_t)
D/        (  927): TIMA: QCOM_send_command--int8_t QCOM_send_command(TIMA_handle_t, void*, uint32_t, void*, uint32_t, uint32_t)
D/        (  927): rsp_len = 1008 rcvd_data_len = 1040, self_calculate_len=1040
D/        (  927): TIMA: QCOM_send_command result--0
D/        (  927): TIMA_PKM_measure_kernel returns with resp..ret=512!
D/        (  927): TAL: TIMA_PKM_measure_kernel--int8_t TIMA_PKM_measure_kernel(TIMA_handle_t, void*, uint32_t, void*, uint32_t, uint32_t)
D/        (  927): TIMA: QCOM_send_command--int8_t QCOM_send_command(TIMA_handle_t, void*, uint32_t, void*, uint32_t, uint32_t)
D/        (  927): rsp_len = 1008 rcvd_data_len = 1040, self_calculate_len=1040
D/        (  927): TIMA: QCOM_send_command result--0
D/        (  927): TIMA_PKM_measure_kernel returns with resp..ret=512!
D/        (  927): TAL: TIMA_PKM_measure_kernel--int8_t TIMA_PKM_measure_kernel(TIMA_handle_t, void*, uint32_t, void*, uint32_t, uint32_t)
D/        (  927): TIMA: QCOM_send_command--int8_t QCOM_send_command(TIMA_handle_t, void*, uint32_t, void*, uint32_t, uint32_t)
D/        (  927): rsp_len = 1008 rcvd_data_len = 1040, self_calculate_len=1040
D/        (  927): TIMA: QCOM_send_command result--0
D/        (  927): TIMA_PKM_measure_kernel returns with resp..ret=512!
D/        (  927): TAL: TIMA_PKM_measure_kernel--int8_t TIMA_PKM_measure_kernel(TIMA_handle_t, void*, uint32_t, void*, uint32_t, uint32_t)
D/        (  927): TIMA: QCOM_send_command--int8_t QCOM_send_command(TIMA_handle_t, void*, uint32_t, void*, uint32_t, uint32_t)
D/        (  927): rsp_len = 1008 rcvd_data_len = 1040, self_calculate_len=1040
D/        (  927): TIMA: QCOM_send_command result--0
D/        (  927): TIMA_PKM_measure_kernel returns with resp..ret=512!
D/        (  927): TAL: TIMA_PKM_measure_kernel--int8_t TIMA_PKM_measure_kernel(TIMA_handle_t, void*, uint32_t, void*, uint32_t, uint32_t)
D/        (  927): TIMA: QCOM_send_command--int8_t QCOM_send_command(TIMA_handle_t, void*, uint32_t, void*, uint32_t, uint32_t)
D/        (  927): rsp_len = 1008 rcvd_data_len = 1040, self_calculate_len=1040
D/        (  927): TIMA: QCOM_send_command result--0
D/        (  927): TIMA_PKM_measure_kernel returns with resp..ret=512!
D/        (  927): TAL: TIMA_PKM_measure_kernel--int8_t TIMA_PKM_measure_kernel(TIMA_handle_t, void*, uint32_t, void*, uint32_t, uint32_t)
D/        (  927): TIMA: QCOM_send_command--int8_t QCOM_send_command(TIMA_handle_t, void*, uint32_t, void*, uint32_t, uint32_t)
D/        (  927): rsp_len = 1008 rcvd_data_len = 1040, self_calculate_len=1040
D/        (  927): TIMA: QCOM_send_command result--0
D/        (  927): TIMA_PKM_measure_kernel returns with resp..ret=512!
D/        (  927): TAL: TIMA_PKM_measure_kernel--int8_t TIMA_PKM_measure_kernel(TIMA_handle_t, void*, uint32_t, void*, uint32_t, uint32_t)
D/        (  927): TIMA: QCOM_send_command--int8_t QCOM_send_command(TIMA_handle_t, void*, uint32_t, void*, uint32_t, uint32_t)
D/        (  927): rsp_len = 1008 rcvd_data_len = 1040, self_calculate_len=1040
D/        (  927): TIMA: QCOM_send_command result--0
D/        (  927): TIMA_PKM_measure_kernel returns with resp..ret=512!
D/        (  927): TAL: TIMA_PKM_measure_kernel--int8_t TIMA_PKM_measure_kernel(TIMA_handle_t, void*, uint32_t, void*, uint32_t, uint32_t)
D/        (  927): TIMA: QCOM_send_command--int8_t QCOM_send_command(TIMA_handle_t, void*, uint32_t, void*, uint32_t, uint32_t)
D/        (  927): rsp_len = 1008 rcvd_data_len = 1040, self_calculate_len=1040
D/        (  927): TIMA: QCOM_send_command result--0
D/        (  927): TIMA_PKM_measure_kernel returns with resp..ret=512!
D/        (  927): TAL: TIMA_PKM_measure_kernel--int8_t TIMA_PKM_measure_kernel(TIMA_handle_t, void*, uint32_t, void*, uint32_t, uint32_t)
D/        (  927): TIMA: QCOM_send_command--int8_t QCOM_send_command(TIMA_handle_t, void*, uint32_t, void*, uint32_t, uint32_t)
D/        (  927): rsp_len = 1008 rcvd_data_len = 1040, self_calculate_len=1040
D/        (  927): TIMA: QCOM_send_command result--0
D/        (  927): TIMA_PKM_measure_kernel returns with resp..ret=512!
D/        (  927): TAL: TIMA_PKM_measure_kernel--int8_t TIMA_PKM_measure_kernel(TIMA_handle_t, void*, uint32_t, void*, uint32_t, uint32_t)
D/        (  927): TIMA: QCOM_send_command--int8_t QCOM_send_command(TIMA_handle_t, void*, uint32_t, void*, uint32_t, uint32_t)
D/        (  927): rsp_len = 1008 rcvd_data_len = 1040, self_calculate_len=1040
D/        (  927): TIMA: QCOM_send_command result--0
D/        (  927): TIMA_PKM_measure_kernel returns with resp..ret=512!
D/        (  927): TAL: TIMA_PKM_measure_kernel--int8_t TIMA_PKM_measure_kernel(TIMA_handle_t, void*, uint32_t, void*, uint32_t, uint32_t)
D/        (  927): TIMA: QCOM_send_command--int8_t QCOM_send_command(TIMA_handle_t, void*, uint32_t, void*, uint32_t, uint32_t)
D/        (  927): rsp_len = 1008 rcvd_data_len = 1040, self_calculate_len=1040
D/        (  927): TIMA: QCOM_send_command result--0
D/        (  927): TIMA_PKM_measure_kernel returns with resp..ret=512!
D/        (  927): TAL: TIMA_PKM_measure_kernel--int8_t TIMA_PKM_measure_kernel(TIMA_handle_t, void*, uint32_t, void*, uint32_t, uint32_t)
D/        (  927): TIMA: QCOM_send_command--int8_t QCOM_send_command(TIMA_handle_t, void*, uint32_t, void*, uint32_t, uint32_t)
D/        (  927): rsp_len = 1008 rcvd_data_len = 1040, self_calculate_len=1040
D/        (  927): TIMA: QCOM_send_command result--0
D/        (  927): TIMA_PKM_measure_kernel returns with resp..ret=512!
D/        (  927): TAL: TIMA_PKM_measure_kernel--int8_t TIMA_PKM_measure_kernel(TIMA_handle_t, void*, uint32_t, void*, uint32_t, uint32_t)
D/        (  927): TIMA: QCOM_send_command--int8_t QCOM_send_command(TIMA_handle_t, void*, uint32_t, void*, uint32_t, uint32_t)
D/        (  927): rsp_len = 1008 rcvd_data_len = 1040, self_calculate_len=1040
D/        (  927): TIMA: QCOM_send_command result--0
D/        (  927): TIMA_PKM_measure_kernel returns with resp..ret=512!
D/        (  927): TAL: TIMA_PKM_measure_kernel--int8_t TIMA_PKM_measure_kernel(TIMA_handle_t, void*, uint32_t, void*, uint32_t, uint32_t)
D/        (  927): TIMA: QCOM_send_command--int8_t QCOM_send_command(TIMA_handle_t, void*, uint32_t, void*, uint32_t, uint32_t)
D/        (  927): rsp_len = 1008 rcvd_data_len = 1040, self_calculate_len=1040
D/        (  927): TIMA: QCOM_send_command result--0
D/        (  927): TIMA_PKM_measure_kernel returns with resp..ret=512!
D/        (  927): TAL: TIMA_PKM_measure_kernel--int8_t TIMA_PKM_measure_kernel(TIMA_handle_t, void*, uint32_t, void*, uint32_t, uint32_t)
D/        (  927): TIMA: QCOM_send_command--int8_t QCOM_send_command(TIMA_handle_t, void*, uint32_t, void*, uint32_t, uint32_t)
D/        (  927): rsp_len = 1008 rcvd_data_len = 1040, self_calculate_len=1040
D/        (  927): TIMA: QCOM_send_command result--0
D/        (  927): TIMA_PKM_measure_kernel returns with resp..ret=512!
D/        (  927): TAL: TIMA_PKM_measure_kernel--int8_t TIMA_PKM_measure_kernel(TIMA_handle_t, void*, uint32_t, void*, uint32_t, uint32_t)
D/        (  927): TIMA: QCOM_send_command--int8_t QCOM_send_command(TIMA_handle_t, void*, uint32_t, void*, uint32_t, uint32_t)
D/        (  927): rsp_len = 1008 rcvd_data_len = 1040, self_calculate_len=1040
D/        (  927): TIMA: QCOM_send_command result--0
D/        (  927): TIMA_PKM_measure_kernel returns with resp..ret=512!
D/        (  927): TAL: TIMA_PKM_measure_kernel--int8_t TIMA_PKM_measure_kernel(TIMA_handle_t, void*, uint32_t, void*, uint32_t, uint32_t)
D/        (  927): TIMA: QCOM_send_command--int8_t QCOM_send_command(TIMA_handle_t, void*, uint32_t, void*, uint32_t, uint32_t)
D/        (  927): rsp_len = 1008 rcvd_data_len = 1040, self_calculate_len=1040
D/        (  927): TIMA: QCOM_send_command result--0
D/        (  927): TIMA_PKM_measure_kernel returns with resp..ret=512!
D/        (  927): TAL: TIMA_PKM_measure_kernel--int8_t TIMA_PKM_measure_kernel(TIMA_handle_t, void*, uint32_t, void*, uint32_t, uint32_t)
D/        (  927): TIMA: QCOM_send_command--int8_t QCOM_send_command(TIMA_handle_t, void*, uint32_t, void*, uint32_t, uint32_t)
D/        (  927): rsp_len = 1008 rcvd_data_len = 1040, self_calculate_len=1040
D/        (  927): TIMA: QCOM_send_command result--0
D/        (  927): TIMA_PKM_measure_kernel returns with resp..ret=0!
D/        (  927): TIMA: final string =TIMA_STATUS=0;MSG=Kernel Verification Success;!
I/ServiceKeeper(  927): In getpackagename pid = 927 uid = 1000 package name = android
D/AT_Distributor(  292): Send Msg [UART > ATD] 1 bytes <>
I/ServiceKeeper(  927): In getpackagename pid = 927 uid = 1000 package name = android
D/KeyguardUpdateMonitor( 1065): received broadcast android.intent.action.BATTERY_CHANGED
D/KeyguardUpdateMonitor( 1065): handleBatteryUpdate
D/KeyguardUpdateMonitor( 1065): received broadcast android.intent.action.TIME_TICK
D/KeyguardUpdateMonitor( 1065): received broadcast android.intent.action.BATTERY_CHANGED
D/KeyguardUpdateMonitor( 1065): handleTimeUpdate
D/KeyguardUpdateMonitor( 1065): handleBatteryUpdate
I/ServiceKeeper(  927): In getpackagename pid = 927 uid = 1000 package name = android
D/AT_Distributor(  292): Send Msg [UART > ATD] 1 bytes <>
I/ServiceKeeper(  927): In getpackagename pid = 927 uid = 1000 package name = android
D/KeyguardUpdateMonitor( 1065): received broadcast android.intent.action.TIME_TICK
D/KeyguardUpdateMonitor( 1065): handleTimeUpdate
D/KeyguardUpdateMonitor( 1065): received broadcast android.intent.action.BATTERY_CHANGED
D/KeyguardUpdateMonitor( 1065): received broadcast android.intent.action.BATTERY_CHANGED
D/KeyguardUpdateMonitor( 1065): handleBatteryUpdate
I/ServiceKeeper(  927): In getpackagename pid = 927 uid = 1000 package name = android
D/KeyguardUpdateMonitor( 1065): handleBatteryUpdate
I/ServiceKeeper(  927): In getpackagename pid = 927 uid = 1000 package name = android
I/ServiceKeeper(  927): In getpackagename pid = 927 uid = 1000 package name = android
I/ServiceKeeper(  927): In getpackagename pid = 927 uid = 1000 package name = android
I/ServiceKeeper(  927): In getpackagename pid = 927 uid = 1000 package name = android
I/ServiceKeeper(  927): In getpackagename pid = 927 uid = 1000 package name = android
I/ServiceKeeper(  927): In getpackagename pid = 927 uid = 1000 package name = android
I/ServiceKeeper(  927): In getpackagename pid = 927 uid = 1000 package name = android
D/Babel   (  544): onCreate: Shutdown runnable posted in onCreate with a delay of 5000 ms.
I/ServiceKeeper(  927): In getpackagename pid = 927 uid = 1000 package name = android
I/ServiceKeeper(  927): In getpackagename pid = 927 uid = 1000 package name = android
I/ServiceKeeper(  927): In getpackagename pid = 927 uid = 1000 package name = android
D/Babel   (  544): Idle: Shutdown runnable posted in release with a delay of 5000 ms.
D/Babel   (  544): Idle: Shutdown runnable posted in release with a delay of 5000 ms.
I/ServiceKeeper(  927): In getpackagename pid = 927 uid = 1000 package name = android
I/ServiceKeeper(  927): In getpackagename pid = 927 uid = 1000 package name = android
I/ServiceKeeper(  927): In getpackagename pid = 927 uid = 1000 package name = android
I/EventLogChimeraService(16904): Aggregate from 1502224052550 (log), 1502224052550 (data)
I/ServiceKeeper(  927): In getpackagename pid = 927 uid = 1000 package name = android
D/AT_Distributor(  292): Send Msg [UART > ATD] 1 bytes <>
D/KeyguardUpdateMonitor( 1065): received broadcast android.intent.action.TIME_TICK
D/KeyguardUpdateMonitor( 1065): handleTimeUpdate
I/ServiceKeeper(  927): In getpackagename pid = 927 uid = 1000 package name = android
D/KeyguardUpdateMonitor( 1065): received broadcast android.intent.action.BATTERY_CHANGED
D/KeyguardUpdateMonitor( 1065): handleBatteryUpdate
I/ServiceKeeper(  927): In getpackagename pid = 927 uid = 1000 package name = android
I/ServiceKeeper(  927): In getpackagename pid = 927 uid = 1000 package name = android
D/KeyguardUpdateMonitor( 1065): received broadcast android.intent.action.BATTERY_CHANGED
D/KeyguardUpdateMonitor( 1065): handleBatteryUpdate
W/ctxmgr  ( 1243): [NetworkStateProducer]No state change for network connection context
D/AT_Distributor(  292): Send Msg [UART > ATD] 1 bytes <>
I/ServiceKeeper(  927): In getpackagename pid = 927 uid = 1000 package name = android
I/ServiceKeeper(  927): In getpackagename pid = 927 uid = 1000 package name = android
D/KeyguardUpdateMonitor( 1065): received broadcast android.intent.action.TIME_TICK
D/KeyguardUpdateMonitor( 1065): handleTimeUpdate
W/ctxmgr  ( 1243): [WorkManager]Long workInfo: pkg=com.google.android.gms, lbl=ListenerInvokerRunner, start=2017-08-08 23:13:33.729+0200, stop=2017-08-08 23:15:33.388+0200, durtn=119659ms
D/KeyguardUpdateMonitor( 1065): received broadcast android.intent.action.BATTERY_CHANGED
D/KeyguardUpdateMonitor( 1065): handleBatteryUpdate
I/ServiceKeeper(  927): In getpackagename pid = 927 uid = 1000 package name = android
I/ServiceKeeper(  927): In getpackagename pid = 927 uid = 1000 package name = android
I/ServiceKeeper(  927): In getpackagename pid = 927 uid = 1000 package name = android
E/ctxmgr  ( 1243): [BaseServerTask]Failed network request due to no network connectivity: expired
I/ServiceKeeper(  927): In getpackagename pid = 927 uid = 1000 package name = android
E/ctxmgr  ( 1243): [AccountAclCallback]Failed Acl fetch: network status=1
I/ServiceKeeper(  927): In getpackagename pid = 927 uid = 1000 package name = android
I/ServiceKeeper(  927): In getpackagename pid = 927 uid = 1000 package name = android
I/ServiceKeeper(  927): In getpackagename pid = 927 uid = 1000 package name = android
E/ctxmgr  ( 1243): [BaseServerTask]Failed network request due to no network connectivity: expired
I/ServiceKeeper(  927): In getpackagename pid = 927 uid = 1000 package name = android
E/ctxmgr  ( 1243): [DailyCheckinOperation]Failed daily get config: network status=1
I/ServiceKeeper(  927): In getpackagename pid = 927 uid = 1000 package name = android
D/AT_Distributor(  292): Send Msg [UART > ATD] 1 bytes <>
D/KeyguardUpdateMonitor( 1065): received broadcast android.intent.action.TIME_TICK
D/KeyguardUpdateMonitor( 1065): handleTimeUpdate
I/ServiceKeeper(  927): In getpackagename pid = 927 uid = 1000 package name = android
D/KeyguardUpdateMonitor( 1065): received broadcast android.intent.action.BATTERY_CHANGED
D/KeyguardUpdateMonitor( 1065): received broadcast android.intent.action.BATTERY_CHANGED
D/KeyguardUpdateMonitor( 1065): handleBatteryUpdate
D/KeyguardUpdateMonitor( 1065): handleBatteryUpdate
I/ServiceKeeper(  927): In getpackagename pid = 927 uid = 1000 package name = android
I/ServiceKeeper(  927): In getpackagename pid = 927 uid = 1000 package name = android
I/ServiceKeeper(  927): In getpackagename pid = 927 uid = 1000 package name = android
I/ServiceKeeper(  927): In getpackagename pid = 927 uid = 1000 package name = android
I/ServiceKeeper(  927): In getpackagename pid = 927 uid = 1000 package name = android
I/ServiceKeeper(  927): In getpackagename pid = 927 uid = 1000 package name = android
I/ServiceKeeper(  927): In getpackagename pid = 927 uid = 1000 package name = android
I/ServiceKeeper(  927): In getpackagename pid = 927 uid = 1000 package name = android
W/CallerInfoCache( 1264): Previous cache task is remaining.
I/ServiceKeeper(  927): In getpackagename pid = 927 uid = 1000 package name = android
I/ServiceKeeper(  927): In getpackagename pid = 927 uid = 1000 package name = android
I/ServiceKeeper(  927): In getpackagename pid = 927 uid = 1000 package name = android
I/ServiceKeeper(  927): In getpackagename pid = 927 uid = 1000 package name = android
I/ServiceKeeper(  927): In getpackagename pid = 927 uid = 1000 package name = android
I/ServiceKeeper(  927): In getpackagename pid = 927 uid = 1000 package name = android
I/ServiceKeeper(  927): In getpackagename pid = 927 uid = 1000 package name = android
I/ServiceKeeper(  927): In getpackagename pid = 927 uid = 1000 package name = android
W/ctxmgr  ( 1243): [AclManager]null policy map (3) -1, clientInfo=(accnt=account#-312649032#, com.google.android.gms(10033):AccountManager, vrsn=11302034, 0, 3pPkg = null ,  3pMdlId = null ,  pid = 1243)
W/ctxmgr  ( 1243): [AccountManager]Can't read store: account#-312649032#, 7503
W/ctxmgr  ( 1243): [AclManager]null policy map (3) -1, clientInfo=(accnt=account#-517948760#, com.google.android.gms(10033):AccountManager, vrsn=11302034, 0, 3pPkg = null ,  3pMdlId = null ,  pid = 1243)
W/ctxmgr  ( 1243): [AccountManager]Can't read store: account#-517948760#, 7503
D/dalvikvm( 1243): GC_CONCURRENT freed 1308K, 31% free 10878K/15604K, paused 5ms+8ms, total 68ms
W/ctxmgr  ( 1243): [NetworkStateProducer]No state change for network connection context
I/ServiceKeeper(  927): In getpackagename pid = 927 uid = 1000 package name = android
D/AT_Distributor(  292): Send Msg [UART > ATD] 1 bytes <>
D/KeyguardUpdateMonitor( 1065): received broadcast android.intent.action.BATTERY_CHANGED
D/KeyguardUpdateMonitor( 1065): handleBatteryUpdate
I/ServiceKeeper(  927): In getpackagename pid = 927 uid = 1000 package name = android
D/KeyguardUpdateMonitor( 1065): received broadcast android.intent.action.BATTERY_CHANGED
D/KeyguardUpdateMonitor( 1065): handleBatteryUpdate
I/ServiceKeeper(  927): In getpackagename pid = 927 uid = 1000 package name = android
I/ServiceKeeper(  927): In getpackagename pid = 927 uid = 1000 package name = android
D/AT_Distributor(  292): Send Msg [UART > ATD] 1 bytes <>
D/KeyguardUpdateMonitor( 1065): received broadcast android.intent.action.TIME_TICK
D/KeyguardUpdateMonitor( 1065): handleTimeUpdate
E/ctxmgr  ( 1243): [BaseServerTask]Failed network request due to no network connectivity: expired
I/ServiceKeeper(  927): In getpackagename pid = 927 uid = 1000 package name = android
I/ServiceKeeper(  927): In getpackagename pid = 927 uid = 1000 package name = android
I/ServiceKeeper(  927): In getpackagename pid = 927 uid = 1000 package name = android
D/KeyguardUpdateMonitor( 1065): received broadcast android.intent.action.BATTERY_CHANGED
D/KeyguardUpdateMonitor( 1065): handleBatteryUpdate
E/ctxmgr  ( 1243): [BaseServerTask]Failed network request due to no network connectivity: expired
E/ctxmgr  ( 1243): [AccountAclCallback]Failed Acl fetch: network status=1
E/ctxmgr  ( 1243): [DailyCheckinOperation]Failed daily get config: network status=1
D/KeyguardUpdateMonitor( 1065): received broadcast android.intent.action.BATTERY_CHANGED
D/KeyguardUpdateMonitor( 1065): handleBatteryUpdate
I/ServiceKeeper(  927): In getpackagename pid = 927 uid = 1000 package name = android
I/ServiceKeeper(  927): In getpackagename pid = 927 uid = 1000 package name = android
D/AT_Distributor(  292): Send Msg [UART > ATD] 1 bytes <>
I/ServiceKeeper(  927): In getpackagename pid = 927 uid = 1000 package name = android
D/KeyguardUpdateMonitor( 1065): received broadcast android.intent.action.BATTERY_CHANGED
D/KeyguardUpdateMonitor( 1065): handleBatteryUpdate
D/Babel   (  544): RefCountedService(com.google.android.apps.hangouts.requestwriter.RequestWriter) onDestroy (count=0, startId=1 stopped=true)
D/KeyguardUpdateMonitor( 1065): received broadcast android.intent.action.TIME_TICK
D/KeyguardUpdateMonitor( 1065): handleTimeUpdate
I/ServiceKeeper(  927): In getpackagename pid = 927 uid = 1000 package name = android
D/AT_Distributor(  292): Send Msg [UART > ATD] 1 bytes <>
D/KeyguardUpdateMonitor( 1065): received broadcast android.intent.action.BATTERY_CHANGED
D/KeyguardUpdateMonitor( 1065): handleBatteryUpdate
I/ServiceKeeper(  927): In getpackagename pid = 927 uid = 1000 package name = android
D/KeyguardUpdateMonitor( 1065): received broadcast android.intent.action.TIME_TICK
D/KeyguardUpdateMonitor( 1065): handleTimeUpdate
D/KeyguardUpdateMonitor( 1065): received broadcast android.intent.action.BATTERY_CHANGED
D/KeyguardUpdateMonitor( 1065): handleBatteryUpdate
I/ServiceKeeper(  927): In getpackagename pid = 927 uid = 1000 package name = android
D/AT_Distributor(  292): Send Msg [UART > ATD] 1 bytes <>
I/ServiceKeeper(  927): In getpackagename pid = 927 uid = 1000 package name = android
I/ServiceKeeper(  927): In getpackagename pid = 927 uid = 1000 package name = android
D/KeyguardUpdateMonitor( 1065): received broadcast android.intent.action.BATTERY_CHANGED
D/KeyguardUpdateMonitor( 1065): received broadcast android.intent.action.TIME_TICK
D/KeyguardUpdateMonitor( 1065): received broadcast android.intent.action.BATTERY_CHANGED
D/KeyguardUpdateMonitor( 1065): handleBatteryUpdate
D/KeyguardUpdateMonitor( 1065): handleTimeUpdate
D/KeyguardUpdateMonitor( 1065): handleBatteryUpdate
I/ServiceKeeper(  927): In getpackagename pid = 927 uid = 1000 package name = android
I/ServiceKeeper(  927): In getpackagename pid = 927 uid = 1000 package name = android
I/ServiceKeeper(  927): In getpackagename pid = 927 uid = 1000 package name = android
I/ServiceKeeper(  927): In getpackagename pid = 927 uid = 1000 package name = android
I/ServiceKeeper(  927): In getpackagename pid = 927 uid = 1000 package name = android
I/EventLogChimeraService(16904): Aggregate from 1502226212629 (log), 1502226212629 (data)
I/ServiceKeeper(  927): In getpackagename pid = 927 uid = 1000 package name = android
D/AT_Distributor(  292): Send Msg [UART > ATD] 1 bytes <>
D/KeyguardUpdateMonitor( 1065): received broadcast android.intent.action.TIME_TICK
D/KeyguardUpdateMonitor( 1065): handleTimeUpdate
I/ServiceKeeper(  927): In getpackagename pid = 927 uid = 1000 package name = android
D/KeyguardUpdateMonitor( 1065): received broadcast android.intent.action.BATTERY_CHANGED
D/KeyguardUpdateMonitor( 1065): received broadcast android.intent.action.BATTERY_CHANGED
D/KeyguardUpdateMonitor( 1065): handleBatteryUpdate
D/KeyguardUpdateMonitor( 1065): handleBatteryUpdate
I/ServiceKeeper(  927): In getpackagename pid = 927 uid = 1000 package name = android
I/ServiceKeeper(  927): In getpackagename pid = 927 uid = 1000 package name = android
W/ctxmgr  ( 1243): [NetworkStateProducer]No state change for network connection context
I/ServiceKeeper(  927): In getpackagename pid = 927 uid = 1000 package name = android
I/ServiceKeeper(  927): In getpackagename pid = 927 uid = 1000 package name = android
D/KeyguardUpdateMonitor( 1065): received broadcast android.intent.action.TIME_TICK
D/KeyguardUpdateMonitor( 1065): handleTimeUpdate
I/ServiceKeeper(  927): In getpackagename pid = 927 uid = 1000 package name = android
I/ServiceKeeper(  927): In getpackagename pid = 927 uid = 1000 package name = android
I/ServiceKeeper(  927): In getpackagename pid = 927 uid = 1000 package name = android
I/ServiceKeeper(  927): In getpackagename pid = 927 uid = 1000 package name = android
I/ServiceKeeper(  927): In getpackagename pid = 927 uid = 1000 package name = android
I/ServiceKeeper(  927): In getpackagename pid = 927 uid = 1000 package name = android
I/ServiceKeeper(  927): In getpackagename pid = 927 uid = 1000 package name = android
I/ServiceKeeper(  927): In getpackagename pid = 927 uid = 1000 package name = android
I/ServiceKeeper(  927): In getpackagename pid = 927 uid = 1000 package name = android
D/AT_Distributor(  292): Send Msg [UART > ATD] 1 bytes <>
D/KeyguardUpdateMonitor( 1065): received broadcast android.intent.action.TIME_TICK
D/KeyguardUpdateMonitor( 1065): handleTimeUpdate
I/ServiceKeeper(  927): In getpackagename pid = 927 uid = 1000 package name = android
I/ServiceKeeper(  927): In getpackagename pid = 927 uid = 1000 package name = android
D/KeyguardUpdateMonitor( 1065): received broadcast android.intent.action.BATTERY_CHANGED
D/KeyguardUpdateMonitor( 1065): handleBatteryUpdate
D/KeyguardUpdateMonitor( 1065): received broadcast android.intent.action.BATTERY_CHANGED
D/KeyguardUpdateMonitor( 1065): handleBatteryUpdate
I/ServiceKeeper(  927): In getpackagename pid = 927 uid = 1000 package name = android
I/ServiceKeeper(  927): In getpackagename pid = 927 uid = 1000 package name = android
E/ctxmgr  ( 1243): [BaseServerTask]Failed network request due to no network connectivity: expired
I/ServiceKeeper(  927): In getpackagename pid = 927 uid = 1000 package name = android
E/ctxmgr  ( 1243): [BaseServerTask]Failed network request due to no network connectivity: expired
E/ctxmgr  ( 1243): [AccountAclCallback]Failed Acl fetch: network status=1
E/ctxmgr  ( 1243): [DailyCheckinOperation]Failed daily get config: network status=1
I/ServiceKeeper(  927): In getpackagename pid = 927 uid = 1000 package name = android
D/AT_Distributor(  292): Send Msg [UART > ATD] 1 bytes <>
D/KeyguardUpdateMonitor( 1065): received broadcast android.intent.action.TIME_TICK
D/KeyguardUpdateMonitor( 1065): handleTimeUpdate
I/ServiceKeeper(  927): In getpackagename pid = 927 uid = 1000 package name = android
D/KeyguardUpdateMonitor( 1065): received broadcast android.intent.action.BATTERY_CHANGED
D/KeyguardUpdateMonitor( 1065): received broadcast android.intent.action.BATTERY_CHANGED
D/KeyguardUpdateMonitor( 1065): handleBatteryUpdate
D/KeyguardUpdateMonitor( 1065): handleBatteryUpdate
I/ServiceKeeper(  927): In getpackagename pid = 927 uid = 1000 package name = android
I/ServiceKeeper(  927): In getpackagename pid = 927 uid = 1000 package name = android
I/ServiceKeeper(  927): In getpackagename pid = 927 uid = 1000 package name = android
I/ServiceKeeper(  927): In getpackagename pid = 927 uid = 1000 package name = android
I/ServiceKeeper(  927): In getpackagename pid = 927 uid = 1000 package name = android
I/ServiceKeeper(  927): In getpackagename pid = 927 uid = 1000 package name = android
D/elm:14132( 9259): ELMAbstractReceiver.onReceive() : Intent { act=com.sec.esdk.elm.alarm.SAVE_APICALLLOG flg=0x14 pkg=com.sec.esdk.elm cmp=com.sec.esdk.elm/.receiver.InnerIntentReceiver (has extras) }
I/ServiceKeeper(  927): In getpackagename pid = 927 uid = 1000 package name = android
I/ServiceKeeper(  927): In getpackagename pid = 927 uid = 1000 package name = android
D/elm:14132( 9259): ELMAbstractReceiver : Receive Intent { act=com.sec.esdk.elm.alarm.SAVE_APICALLLOG flg=0x14 pkg=com.sec.esdk.elm cmp=com.sec.esdk.elm/.service.ElmAgentService (has extras) } END.
D/Babel   (  544): onCreate: Shutdown runnable posted in onCreate with a delay of 5000 ms.
I/ServiceKeeper(  927): In getpackagename pid = 927 uid = 1000 package name = android
I/ServiceKeeper(  927): In getpackagename pid = 927 uid = 1000 package name = android
D/elm:14132( 9259): ElmAgentService : onCreate()
D/Babel   (  544): Idle: Shutdown runnable posted in release with a delay of 5000 ms.
D/elm:14132( 9259): ElmAgentService : onHandleIntent() Intent { act=com.sec.esdk.elm.alarm.SAVE_APICALLLOG flg=0x14 pkg=com.sec.esdk.elm cmp=com.sec.esdk.elm/.service.ElmAgentService (has extras) }
D/elm:14132( 9259): InnerIntentReceiver.listeningToSaveAPICallLog( context, intent ).
D/elm:14132( 9259): MainReceiver.RecevierHandler.handleMessage( SAVE_APICALLLOG )
D/elm:14132( 9259): ELMFileUtil.updateELMAPICallLogFile().
D/elm:14132( 9259): MDMBridge.getAllLicenseInfoFromSDK()
D/elm:14132( 9259): ElmAgentService : onDestroy().
I/ServiceKeeper(  927): In getpackagename pid = 927 uid = 1000 package name = android
D/Babel   (  544): Idle: Shutdown runnable posted in release with a delay of 5000 ms.
D/AT_Distributor(  292): Send Msg [UART > ATD] 1 bytes <>
D/KeyguardUpdateMonitor( 1065): received broadcast android.intent.action.TIME_TICK
D/KeyguardUpdateMonitor( 1065): handleTimeUpdate
I/ServiceKeeper(  927): In getpackagename pid = 927 uid = 1000 package name = android
D/KeyguardUpdateMonitor( 1065): received broadcast android.intent.action.BATTERY_CHANGED
D/KeyguardUpdateMonitor( 1065): handleBatteryUpdate
D/KeyguardUpdateMonitor( 1065): received broadcast android.intent.action.BATTERY_CHANGED
D/KeyguardUpdateMonitor( 1065): handleBatteryUpdate
I/ServiceKeeper(  927): In getpackagename pid = 927 uid = 1000 package name = android
D/AT_Distributor(  292): Send Msg [UART > ATD] 1 bytes <>
D/KeyguardUpdateMonitor( 1065): received broadcast android.intent.action.BATTERY_CHANGED
D/KeyguardUpdateMonitor( 1065): handleBatteryUpdate
I/ServiceKeeper(  927): In getpackagename pid = 927 uid = 1000 package name = android
D/KeyguardUpdateMonitor( 1065): received broadcast android.intent.action.TIME_TICK
D/KeyguardUpdateMonitor( 1065): handleTimeUpdate
D/KeyguardUpdateMonitor( 1065): received broadcast android.intent.action.BATTERY_CHANGED
D/KeyguardUpdateMonitor( 1065): received broadcast android.intent.action.BATTERY_CHANGED
D/KeyguardUpdateMonitor( 1065): handleBatteryUpdate
D/KeyguardUpdateMonitor( 1065): handleBatteryUpdate
D/KeyguardUpdateMonitor( 1065): received broadcast android.intent.action.BATTERY_CHANGED
D/KeyguardUpdateMonitor( 1065): handleBatteryUpdate
I/ServiceKeeper(  927): In getpackagename pid = 927 uid = 1000 package name = android
I/ServiceKeeper(  927): In getpackagename pid = 927 uid = 1000 package name = android
I/ServiceKeeper(  927): In getpackagename pid = 927 uid = 1000 package name = android
I/ServiceKeeper(  927): In getpackagename pid = 927 uid = 1000 package name = android
D/knox    ( 3840): received intent . getAction  :com.sec.knox.seandroid.alarm.LOG_UPLOAD_ALARM_INTENT
D/knox    ( 3840): hashed intent . action takeoutLOG_UPLOAD_ALARM
I/knox    ( 3840): InnerIntentReceiver.onReceive() : com.sec.knox.seandroid.alarm.LOG_UPLOAD_ALARM_INTENT
D/knox    ( 3840): before startService
D/knox    ( 3840): after startService
D/knox    ( 3840): before entering switch block
D/knox    ( 3840): entered LOG_UPLOAD_ALARM
D/knox    ( 3840): ServiceHandler : LOG_UPLOAD_ALARM
D/knox    ( 3840): startFileChecker
I/ServiceKeeper(  927): In getpackagename pid = 927 uid = 1000 package name = android
I/ServiceKeeper(  927): In getpackagename pid = 927 uid = 1000 package name = android
I/ServiceKeeper(  927): In getpackagename pid = 927 uid = 1000 package name = android
I/ServiceKeeper(  927): In getpackagename pid = 927 uid = 1000 package name = android
I/ServiceKeeper(  927): In getpackagename pid = 927 uid = 1000 package name = android
I/ServiceKeeper(  927): In getpackagename pid = 927 uid = 1000 package name = android
I/ServiceKeeper(  927): In getpackagename pid = 927 uid = 1000 package name = android
I/knox    ( 3840): start checking file  for uploading
I/ServiceKeeper(  927): In getpackagename pid = 927 uid = 1000 package name = android
I/ServiceKeeper(  927): In getpackagename pid = 927 uid = 1000 package name = android
I/ServiceKeeper(  927): In getpackagename pid = 927 uid = 1000 package name = android
I/ServiceKeeper(  927): In getpackagename pid = 927 uid = 1000 package name = android
I/EventLogChimeraService(16904): Aggregate from 1502229162775 (log), 1502229162775 (data)
I/ServiceKeeper(  927): In getpackagename pid = 927 uid = 1000 package name = android
I/ServiceKeeper(  927): In getpackagename pid = 927 uid = 1000 package name = android
D/AT_Distributor(  292): Send Msg [UART > ATD] 1 bytes <>
D/KeyguardUpdateMonitor( 1065): received broadcast android.intent.action.TIME_TICK
D/KeyguardUpdateMonitor( 1065): handleTimeUpdate
I/ServiceKeeper(  927): In getpackagename pid = 927 uid = 1000 package name = android
D/KeyguardUpdateMonitor( 1065): received broadcast android.intent.action.BATTERY_CHANGED
D/KeyguardUpdateMonitor( 1065): handleBatteryUpdate
I/ServiceKeeper(  927): In getpackagename pid = 927 uid = 1000 package name = android
I/ServiceKeeper(  927): In getpackagename pid = 927 uid = 1000 package name = android
W/ctxmgr  ( 1243): [NetworkStateProducer]No state change for network connection context
D/AT_Distributor(  292): Send Msg [UART > ATD] 1 bytes <>
I/ServiceKeeper(  927): In getpackagename pid = 927 uid = 1000 package name = android
D/KeyguardUpdateMonitor( 1065): received broadcast android.intent.action.TIME_TICK
D/KeyguardUpdateMonitor( 1065): handleTimeUpdate
I/ServiceKeeper(  927): In getpackagename pid = 927 uid = 1000 package name = android
W/ctxmgr  ( 1243): [WorkManager]Long workInfo: pkg=com.google.android.gms, lbl=ListenerInvokerRunner, start=2017-08-09 00:27:33.689+0200, stop=2017-08-09 00:29:33.382+0200, durtn=119693ms
D/KeyguardUpdateMonitor( 1065): received broadcast android.intent.action.BATTERY_CHANGED
D/KeyguardUpdateMonitor( 1065): received broadcast android.intent.action.BATTERY_CHANGED
I/PlayCommon( 8283): [1041] com.google.android.play.a.g.e(222): Preparing logs for uploading
W/ctxmgr  ( 1243): [WorkManager]Long workInfo: pkg=com.google.android.gms, lbl=TaskConsolidator#ScheduleOperation, start=2017-08-09 00:27:33.689+0200, stop=2017-08-09 00:29:33.383+0200, durtn=119694ms
D/KeyguardUpdateMonitor( 1065): handleBatteryUpdate
D/KeyguardUpdateMonitor( 1065): handleBatteryUpdate
I/ServiceKeeper(  927): In getpackagename pid = 927 uid = 1000 package name = android
E/ctxmgr  ( 1243): [BaseServerTask]Failed network request due to no network connectivity: expired
E/ctxmgr  ( 1243): [BaseServerTask]Failed network request due to no network connectivity: expired
I/ServiceKeeper(  927): In getpackagename pid = 927 uid = 1000 package name = android
I/ServiceKeeper(  927): In getpackagename pid = 927 uid = 1000 package name = android
I/ServiceKeeper(  927): In getpackagename pid = 927 uid = 1000 package name = android
I/ServiceKeeper(  927): In getpackagename pid = 927 uid = 1000 package name = android
I/ServiceKeeper(  927): In getpackagename pid = 927 uid = 1000 package name = android
I/ServiceKeeper(  927): In getpackagename pid = 927 uid = 1000 package name = android
I/PlayCommon( 8283): [1041] com.google.android.play.a.g.a(436): Connecting to server: https://play.googleapis.com/play/log?format=raw&proto_v2=true
E/PlayCommon( 8283): [1041] com.google.android.play.a.g.a(466): Failed to connect to server: java.net.UnknownHostException: Unable to resolve host "play.googleapis.com": No address associated with hostname
D/dalvikvm( 1243): GC_CONCURRENT freed 1247K, 30% free 10923K/15604K, paused 5ms+12ms, total 876ms
E/ctxmgr  ( 1243): [AccountAclCallback]Failed Acl fetch: network status=1
E/ctxmgr  ( 1243): [DailyCheckinOperation]Failed daily get config: network status=1
I/ServiceKeeper(  927): In getpackagename pid = 927 uid = 1000 package name = android
I/ServiceKeeper(  927): In getpackagename pid = 927 uid = 1000 package name = android
I/ServiceKeeper(  927): In getpackagename pid = 927 uid = 1000 package name = android
D/dalvikvm( 1469): GC_CONCURRENT freed 858K, 38% free 9750K/15604K, paused 5ms+5ms, total 64ms
D/dalvikvm(16904): GC_EXPLICIT freed 908K, 39% free 9593K/15604K, paused 4ms+8ms, total 58ms
D/dalvikvm(  927): GC_EXPLICIT freed 3224K, 18% free 23908K/29016K, paused 7ms+18ms, total 208ms
I/ServiceKeeper(  927): In getpackagename pid = 927 uid = 1000 package name = android
I/ServiceKeeper(  927): In getpackagename pid = 927 uid = 1000 package name = android
I/ServiceKeeper(  927): In getpackagename pid = 927 uid = 1000 package name = android
I/ServiceKeeper(  927): In getpackagename pid = 927 uid = 1000 package name = android
I/ServiceKeeper(  927): In getpackagename pid = 927 uid = 1000 package name = android
D/AT_Distributor(  292): Send Msg [UART > ATD] 1 bytes <>
I/ServiceKeeper(  927): In getpackagename pid = 927 uid = 1000 package name = android
D/KeyguardUpdateMonitor( 1065): received broadcast android.intent.action.TIME_TICK
D/KeyguardUpdateMonitor( 1065): handleTimeUpdate
D/KeyguardUpdateMonitor( 1065): received broadcast android.intent.action.BATTERY_CHANGED
D/KeyguardUpdateMonitor( 1065): handleBatteryUpdate
I/ServiceKeeper(  927): In getpackagename pid = 927 uid = 1000 package name = android
D/Babel   (  544): RefCountedService(com.google.android.apps.hangouts.requestwriter.RequestWriter) onDestroy (count=0, startId=1 stopped=true)
D/AT_Distributor(  292): Send Msg [UART > ATD] 1 bytes <>
D/KeyguardUpdateMonitor( 1065): received broadcast android.intent.action.TIME_TICK
D/KeyguardUpdateMonitor( 1065): handleTimeUpdate
I/ServiceKeeper(  927): In getpackagename pid = 927 uid = 1000 package name = android
D/KeyguardUpdateMonitor( 1065): received broadcast android.intent.action.BATTERY_CHANGED
D/KeyguardUpdateMonitor( 1065): handleBatteryUpdate
D/KeyguardUpdateMonitor( 1065): received broadcast android.intent.action.BATTERY_CHANGED
D/KeyguardUpdateMonitor( 1065): handleBatteryUpdate
I/ServiceKeeper(  927): In getpackagename pid = 927 uid = 1000 package name = android
D/AT_Distributor(  292): Send Msg [UART > ATD] 1 bytes <>
D/KeyguardUpdateMonitor( 1065): received broadcast android.intent.action.TIME_TICK
D/KeyguardUpdateMonitor( 1065): handleTimeUpdate
I/ServiceKeeper(  927): In getpackagename pid = 927 uid = 1000 package name = android
D/KeyguardUpdateMonitor( 1065): received broadcast android.intent.action.BATTERY_CHANGED
D/KeyguardUpdateMonitor( 1065): handleBatteryUpdate
D/KeyguardUpdateMonitor( 1065): received broadcast android.intent.action.BATTERY_CHANGED
D/KeyguardUpdateMonitor( 1065): handleBatteryUpdate
I/ServiceKeeper(  927): In getpackagename pid = 927 uid = 1000 package name = android
D/AT_Distributor(  292): Send Msg [UART > ATD] 1 bytes <>
D/KeyguardUpdateMonitor( 1065): received broadcast android.intent.action.TIME_TICK
D/KeyguardUpdateMonitor( 1065): handleTimeUpdate
D/KeyguardUpdateMonitor( 1065): received broadcast android.intent.action.BATTERY_CHANGED
I/ServiceKeeper(  927): In getpackagename pid = 927 uid = 1000 package name = android
D/KeyguardUpdateMonitor( 1065): handleBatteryUpdate
D/KeyguardUpdateMonitor( 1065): received broadcast android.intent.action.BATTERY_CHANGED
D/KeyguardUpdateMonitor( 1065): handleBatteryUpdate
I/ServiceKeeper(  927): In getpackagename pid = 927 uid = 1000 package name = android
I/ServiceKeeper(  927): In getpackagename pid = 927 uid = 1000 package name = android
I/ServiceKeeper(  927): In getpackagename pid = 927 uid = 1000 package name = android
I/ServiceKeeper(  927): In getpackagename pid = 927 uid = 1000 package name = android
I/ServiceKeeper(  927): In getpackagename pid = 927 uid = 1000 package name = android
I/ServiceKeeper(  927): In getpackagename pid = 927 uid = 1000 package name = android
I/ServiceKeeper(  927): In getpackagename pid = 927 uid = 1000 package name = android
I/ServiceKeeper(  927): In getpackagename pid = 927 uid = 1000 package name = android
I/ServiceKeeper(  927): In getpackagename pid = 927 uid = 1000 package name = android
I/ServiceKeeper(  927): In getpackagename pid = 927 uid = 1000 package name = android
D/Babel   (  544): onCreate: Shutdown runnable posted in onCreate with a delay of 5000 ms.
I/ServiceKeeper(  927): In getpackagename pid = 927 uid = 1000 package name = android
I/ServiceKeeper(  927): In getpackagename pid = 927 uid = 1000 package name = android
I/ServiceKeeper(  927): In getpackagename pid = 927 uid = 1000 package name = android
I/ServiceKeeper(  927): In getpackagename pid = 927 uid = 1000 package name = android
I/ServiceKeeper(  927): In getpackagename pid = 927 uid = 1000 package name = android
D/Babel   (  544): Idle: Shutdown runnable posted in release with a delay of 5000 ms.
I/ServiceKeeper(  927): In getpackagename pid = 927 uid = 1000 package name = android
D/Babel   (  544): Idle: Shutdown runnable posted in release with a delay of 5000 ms.
I/EventLogChimeraService(16904): Aggregate from 1502230977690 (log), 1502230977690 (data)
I/ServiceKeeper(  927): In getpackagename pid = 927 uid = 1000 package name = android
D/AT_Distributor(  292): Send Msg [UART > ATD] 1 bytes <>
I/ServiceKeeper(  927): In getpackagename pid = 927 uid = 1000 package name = android
