08-10 14:28:24.982  3163 20990 W Herrevad: 	at com.google.android.gms.herrevad.services.RemoteReportsRefreshChimeraService.a(:com.google.android.gms:24)
08-10 14:28:24.982  3163 20990 W Herrevad: 	at com.google.android.gms.herrevad.services.ImmediateRemoteReportsRefreshChimeraService.onHandleIntent(:com.google.android.gms:0)
08-10 14:28:24.982  3163 20990 W Herrevad: 	at btj.handleMessage(:com.google.android.gms:0)
08-10 14:28:24.982  3163 20990 W Herrevad: 	at android.os.Handler.dispatchMessage(Handler.java:102)
08-10 14:28:24.982  3163 20990 W Herrevad: 	at android.os.Looper.loop(Looper.java:154)
08-10 14:28:24.982  3163 20990 W Herrevad: 	at android.os.HandlerThread.run(HandlerThread.java:61)
08-10 14:28:24.982  3163 20990 W Herrevad: Caused by: com.android.volley.ServerError
08-10 14:28:24.982  3163 20990 W Herrevad: 	at com.android.volley.toolbox.BasicNetwork.performRequest(:com.google.android.gms:36)
08-10 14:28:24.982  3163 20990 W Herrevad: 	at mao.performRequest(:com.google.android.gms:3)
08-10 14:28:24.982  3163 20990 W Herrevad: 	at com.android.volley.NetworkDispatcher.run(:com.google.android.gms:11)
08-10 14:28:25.013  2463  2463 D QcrilMsgTunnelIfaceManager: handleMessage what = 0
08-10 14:28:25.014  3207  3207 D QC_RIL_OEM_HOOK: Received Broadcast Intent ACTION_UNSOL_RESPONSE_OEM_HOOK_RAW
08-10 14:28:25.014  3503  3503 D QC_RIL_OEM_HOOK: Received Broadcast Intent ACTION_UNSOL_RESPONSE_OEM_HOOK_RAW
08-10 14:28:25.014  3207  3207 D QC_RIL_OEM_HOOK: Oem ID in QCRILHOOK UNSOL RESP is QOEMHOOK
08-10 14:28:25.014  3503  3503 D QC_RIL_OEM_HOOK: Oem ID in QCRILHOOK UNSOL RESP is QOEMHOOK
08-10 14:28:25.014  2280  2280 D QC_RIL_OEM_HOOK: Received Broadcast Intent ACTION_UNSOL_RESPONSE_OEM_HOOK_RAW
08-10 14:28:25.014  2280  2280 D QC_RIL_OEM_HOOK: Oem ID in QCRILHOOK UNSOL RESP is QOEMHOOK
08-10 14:28:25.014  2280  2280 D QC_RIL_OEM_HOOK: Received Broadcast Intent ACTION_UNSOL_RESPONSE_OEM_HOOK_RAW
08-10 14:28:25.015  2280  2280 D QC_RIL_OEM_HOOK: Oem ID in QCRILHOOK UNSOL RESP is QOEMHOOK
08-10 14:28:25.015  2280  2280 D QC_RIL_OEM_HOOK: Received Broadcast Intent ACTION_UNSOL_RESPONSE_OEM_HOOK_RAW
08-10 14:28:25.015  2280  2280 D QC_RIL_OEM_HOOK: Oem ID in QCRILHOOK UNSOL RESP is QOEMHOOK
08-10 14:28:25.016  2175  2390 I chatty  : uid=10029(com.android.systemui) PhoneStatusBar expire 12 lines
08-10 14:28:27.784  2119  2119 I DownloadManagerWrapper: onReceive() : Charging = true
08-10 14:28:29.806   814   975 I ThermalEngine: Monitor : quiet_therm = 30, msm_therm = 30, ufs_therm = -40, battery_therm = 290,current_now = -424000
08-10 14:28:31.674  2567  2567 I wpa_supplicant: wlan0: CTRL-EVENT-AVOID-FREQ ranges=5180-5320,5500-5640
08-10 14:28:32.536   874  2562 I LOWI-8.1.1.0.c: [LOWI-Scan] lowi_close_record:Scan completed in 97057906ms and Recieved 11 APs scan results
08-10 14:28:32.591   868   868 I chatty  : uid=1000(system) /system/bin/dpmd expire 12 lines
08-10 14:28:32.593  1381  2045 I chatty  : uid=1000(system) WifiStateMachin expire 11 lines
08-10 14:28:33.783  2119  2119 I DownloadManagerWrapper: onReceive() : Charging = true
08-10 14:28:39.810  2119  2119 I DownloadManagerWrapper: onReceive() : Charging = true
08-10 14:28:39.836  2175  2390 I chatty  : uid=10029(com.android.systemui) PhoneStatusBar expire 24 lines
08-10 14:28:44.059  2463  2463 D QcrilMsgTunnelIfaceManager: handleMessage what = 0
08-10 14:28:44.063  2280  2280 D QC_RIL_OEM_HOOK: Received Broadcast Intent ACTION_UNSOL_RESPONSE_OEM_HOOK_RAW
08-10 14:28:44.063  2280  2280 D QC_RIL_OEM_HOOK: Oem ID in QCRILHOOK UNSOL RESP is QOEMHOOK
08-10 14:28:44.063  2280  2280 D QC_RIL_OEM_HOOK: Received Broadcast Intent ACTION_UNSOL_RESPONSE_OEM_HOOK_RAW
08-10 14:28:44.063  2280  2280 D QC_RIL_OEM_HOOK: Oem ID in QCRILHOOK UNSOL RESP is QOEMHOOK
08-10 14:28:44.064  3207  3207 D QC_RIL_OEM_HOOK: Received Broadcast Intent ACTION_UNSOL_RESPONSE_OEM_HOOK_RAW
08-10 14:28:44.065  2280  2280 D QC_RIL_OEM_HOOK: Received Broadcast Intent ACTION_UNSOL_RESPONSE_OEM_HOOK_RAW
08-10 14:28:44.065  2280  2280 D QC_RIL_OEM_HOOK: Oem ID in QCRILHOOK UNSOL RESP is QOEMHOOK
08-10 14:28:44.065  3207  3207 D QC_RIL_OEM_HOOK: Oem ID in QCRILHOOK UNSOL RESP is QOEMHOOK
08-10 14:28:44.067  3503  3503 D QC_RIL_OEM_HOOK: Received Broadcast Intent ACTION_UNSOL_RESPONSE_OEM_HOOK_RAW
08-10 14:28:44.073  3503  3503 D QC_RIL_OEM_HOOK: Oem ID in QCRILHOOK UNSOL RESP is QOEMHOOK
08-10 14:28:45.791  2119  2119 I DownloadManagerWrapper: onReceive() : Charging = true
08-10 14:28:45.793  2175  2175 I chatty  : uid=10029(com.android.systemui) expire 12 lines
08-10 14:28:48.069  2567  2567 I wpa_supplicant: wlan0: CTRL-EVENT-AVOID-FREQ ranges=5500-5640
08-10 14:29:03.802  2119  2119 I DownloadManagerWrapper: onReceive() : Charging = true
08-10 14:29:06.278  2175  2390 I chatty  : uid=10029(com.android.systemui) PhoneStatusBar expire 15 lines
08-10 14:29:09.791  2119  2119 I DownloadManagerWrapper: onReceive() : Charging = true
08-10 14:29:15.789  2119  2119 I DownloadManagerWrapper: onReceive() : Charging = true
08-10 14:29:15.793  3192  3192 I chatty  : uid=1000(system) com.oneplus.opbackup expire 11 lines
08-10 14:29:16.360  1381  2049 I chatty  : uid=1000(system) WifiScanningSer expire 14 lines
08-10 14:29:16.366  1381  2561 I chatty  : uid=1000(system) Thread-7 expire 13 lines
08-10 14:29:17.640   874  2562 I LOWI-8.1.1.0.c: [LOWI-Scan] lowi_close_record:Scan completed in 97103010ms and Recieved 14 APs scan results
08-10 14:29:17.722  1381  2045 I chatty  : uid=1000(system) WifiStateMachin expire 11 lines
08-10 14:29:24.707  1381  1435 I chatty  : uid=1000(system) ActivityManager expire 12 lines
08-10 14:29:24.767  1381  2104 I chatty  : uid=1000(system) Binder:1381_4 expire 12 lines
08-10 14:29:24.862  3163 21030 E Herrevad: [724] RemoteReportsRefreshChimeraService.a: want to send authenticated request, but no Google account on device
08-10 14:29:25.080  2463  2463 D QcrilMsgTunnelIfaceManager: handleMessage what = 0
08-10 14:29:25.082  2280  2280 D QC_RIL_OEM_HOOK: Received Broadcast Intent ACTION_UNSOL_RESPONSE_OEM_HOOK_RAW
08-10 14:29:25.082  2280  2280 D QC_RIL_OEM_HOOK: Oem ID in QCRILHOOK UNSOL RESP is QOEMHOOK
08-10 14:29:25.082  2280  2280 D QC_RIL_OEM_HOOK: Received Broadcast Intent ACTION_UNSOL_RESPONSE_OEM_HOOK_RAW
08-10 14:29:25.082  2280  2280 D QC_RIL_OEM_HOOK: Oem ID in QCRILHOOK UNSOL RESP is QOEMHOOK
08-10 14:29:25.082  2280  2280 D QC_RIL_OEM_HOOK: Received Broadcast Intent ACTION_UNSOL_RESPONSE_OEM_HOOK_RAW
08-10 14:29:25.082  2280  2280 D QC_RIL_OEM_HOOK: Oem ID in QCRILHOOK UNSOL RESP is QOEMHOOK
08-10 14:29:25.082  3503  3503 D QC_RIL_OEM_HOOK: Received Broadcast Intent ACTION_UNSOL_RESPONSE_OEM_HOOK_RAW
08-10 14:29:25.082  3503  3503 D QC_RIL_OEM_HOOK: Oem ID in QCRILHOOK UNSOL RESP is QOEMHOOK
08-10 14:29:25.082  3207  3207 D QC_RIL_OEM_HOOK: Received Broadcast Intent ACTION_UNSOL_RESPONSE_OEM_HOOK_RAW
08-10 14:29:25.082  3207  3207 D QC_RIL_OEM_HOOK: Oem ID in QCRILHOOK UNSOL RESP is QOEMHOOK
08-10 14:29:25.106  3163  4005 E Volley  : [201] BasicNetwork.performRequest: Unexpected response code 307 for https://android.googleapis.com/nova/herrevad/network_quality_info
08-10 14:29:25.107  3163 21030 W Herrevad: [724] RemoteReportsRefreshChimeraService.a: java.util.concurrent.ExecutionException: com.android.volley.ServerError
08-10 14:29:25.107  3163 21030 W Herrevad: java.util.concurrent.ExecutionException: com.android.volley.ServerError
08-10 14:29:25.107  3163 21030 W Herrevad: 	at com.android.volley.toolbox.RequestFuture.a(:com.google.android.gms:3)
08-10 14:29:25.107  3163 21030 W Herrevad: 	at com.android.volley.toolbox.RequestFuture.get(:com.google.android.gms:1)
08-10 14:29:25.107  3163 21030 W Herrevad: 	at com.google.android.gms.herrevad.services.RemoteReportsRefreshChimeraService.a(:com.google.android.gms:24)
08-10 14:29:25.107  3163 21030 W Herrevad: 	at com.google.android.gms.herrevad.services.ImmediateRemoteReportsRefreshChimeraService.onHandleIntent(:com.google.android.gms:0)
08-10 14:29:25.107  3163 21030 W Herrevad: 	at btj.handleMessage(:com.google.android.gms:0)
08-10 14:29:25.107  3163 21030 W Herrevad: 	at android.os.Handler.dispatchMessage(Handler.java:102)
08-10 14:29:25.107  3163 21030 W Herrevad: 	at android.os.Looper.loop(Looper.java:154)
08-10 14:29:25.107  3163 21030 W Herrevad: 	at android.os.HandlerThread.run(HandlerThread.java:61)
08-10 14:29:25.107  3163 21030 W Herrevad: Caused by: com.android.volley.ServerError
08-10 14:29:25.107  3163 21030 W Herrevad: 	at com.android.volley.toolbox.BasicNetwork.performRequest(:com.google.android.gms:36)
08-10 14:29:25.107  3163 21030 W Herrevad: 	at mao.performRequest(:com.google.android.gms:3)
08-10 14:29:25.107  3163 21030 W Herrevad: 	at com.android.volley.NetworkDispatcher.run(:com.google.android.gms:11)
08-10 14:29:29.841   814   975 I ThermalEngine: Monitor : quiet_therm = 30, msm_therm = 31, ufs_therm = -40, battery_therm = 291,current_now = -413000
08-10 14:29:32.021  2175  2390 I chatty  : uid=10029(com.android.systemui) PhoneStatusBar expire 15 lines
08-10 14:29:33.122  2567  2567 I wpa_supplicant: wlan0: CTRL-EVENT-AVOID-FREQ ranges=5180-5320,5500-5640
08-10 14:29:33.768  2119  2119 I DownloadManagerWrapper: onReceive() : Charging = true
08-10 14:29:39.789  2119  2119 I DownloadManagerWrapper: onReceive() : Charging = true
08-10 14:29:43.910  2463  2463 D QcrilMsgTunnelIfaceManager: handleMessage what = 0
08-10 14:29:43.915  2280  2280 D QC_RIL_OEM_HOOK: Received Broadcast Intent ACTION_UNSOL_RESPONSE_OEM_HOOK_RAW
08-10 14:29:43.915  2280  2280 D QC_RIL_OEM_HOOK: Oem ID in QCRILHOOK UNSOL RESP is QOEMHOOK
08-10 14:29:43.915  3207  3207 D QC_RIL_OEM_HOOK: Received Broadcast Intent ACTION_UNSOL_RESPONSE_OEM_HOOK_RAW
08-10 14:29:43.915  2280  2280 D QC_RIL_OEM_HOOK: Received Broadcast Intent ACTION_UNSOL_RESPONSE_OEM_HOOK_RAW
08-10 14:29:43.915  3207  3207 D QC_RIL_OEM_HOOK: Oem ID in QCRILHOOK UNSOL RESP is QOEMHOOK
08-10 14:29:43.916  2280  2280 D QC_RIL_OEM_HOOK: Oem ID in QCRILHOOK UNSOL RESP is QOEMHOOK
08-10 14:29:43.916  2280  2280 D QC_RIL_OEM_HOOK: Received Broadcast Intent ACTION_UNSOL_RESPONSE_OEM_HOOK_RAW
08-10 14:29:43.916  3503  3503 D QC_RIL_OEM_HOOK: Received Broadcast Intent ACTION_UNSOL_RESPONSE_OEM_HOOK_RAW
08-10 14:29:43.916  2280  2280 D QC_RIL_OEM_HOOK: Oem ID in QCRILHOOK UNSOL RESP is QOEMHOOK
08-10 14:29:43.916  3503  3503 D QC_RIL_OEM_HOOK: Oem ID in QCRILHOOK UNSOL RESP is QOEMHOOK
08-10 14:29:51.796  2119  2119 I DownloadManagerWrapper: onReceive() : Charging = true
08-10 14:29:52.407  2175  2390 I chatty  : uid=10029(com.android.systemui) PhoneStatusBar expire 12 lines
08-10 14:29:57.792  2119  2119 I DownloadManagerWrapper: onReceive() : Charging = true
08-10 14:30:01.419   868   868 I chatty  : uid=1000(system) /system/bin/dpmd expire 12 lines
08-10 14:30:02.573   874  2562 I LOWI-8.1.1.0.c: [LOWI-Scan] lowi_close_record:Scan completed in 97147943ms and Recieved 9 APs scan results
08-10 14:30:02.613  1381  2045 I chatty  : uid=1000(system) WifiStateMachin expire 11 lines
08-10 14:30:03.803  2119  2119 I DownloadManagerWrapper: onReceive() : Charging = true
08-10 14:30:05.848  2175  2390 I chatty  : uid=10029(com.android.systemui) PhoneStatusBar expire 12 lines
08-10 14:30:09.885  2119  2119 I DownloadManagerWrapper: onReceive() : Charging = true
08-10 14:30:15.909  2119  2119 I DownloadManagerWrapper: onReceive() : Charging = true
08-10 14:30:29.881   814   975 I ThermalEngine: Monitor : quiet_therm = 30, msm_therm = 31, ufs_therm = -40, battery_therm = 291,current_now = -431000
08-10 14:30:33.741  2119  2119 I DownloadManagerWrapper: onReceive() : Charging = true
08-10 14:30:34.968  2175  2390 I chatty  : uid=10029(com.android.systemui) PhoneStatusBar expire 12 lines
08-10 14:30:39.788  2119  2119 I DownloadManagerWrapper: onReceive() : Charging = true
08-10 14:30:39.790  2175  2175 I chatty  : uid=10029(com.android.systemui) expire 19 lines
08-10 14:30:45.791  2119  2119 I DownloadManagerWrapper: onReceive() : Charging = true
08-10 14:30:47.766   874  2562 I LOWI-8.1.1.0.c: [LOWI-Scan] lowi_close_record:Scan completed in 97193136ms and Recieved 11 APs scan results
08-10 14:30:47.844   868   868 I chatty  : uid=1000(system) /system/bin/dpmd expire 11 lines
08-10 14:30:47.847  1381  2045 I chatty  : uid=1000(system) WifiStateMachin expire 11 lines
08-10 14:30:48.337  2119  2119 I DownloadManagerWrapper: onReceive() : Charging = true
08-10 14:30:48.341  3192  3192 I chatty  : uid=1000(system) com.oneplus.opbackup expire 10 lines
08-10 14:30:49.997   732   732 D tftp_server: pid=732 tid=732 tftp-server : DBG :[tftp_os_wakelocks_la.c, 304] Wake-lock acquired successfully
08-10 14:30:49.998   732   732 D tftp_server: pid=732 tid=732 tftp-server : DBG :[tftp_server.c, 597] Server waiting for client-connection.
08-10 14:30:49.999   732 21068 D tftp_server: pid=732 tid=21068 tftp-server : DBG :[tftp_server_utils.c, 101] Normalized file [/readwrite/ota_firewall/ruleset] to : [/system/rfs/msm/mpss/readwrite/ota_fir
08-10 14:30:50.000   732 21068 E tftp_server: pid=732 tid=21068 tftp-server : ERR :[tftp_protocol.c, 1143] sending error-pkt. Code = 1, Msg = Err=2 String=No such file or directory
08-10 14:30:50.000   732 21068 D tftp_server: pid=732 tid=21068 tftp-server : DBG :[tftp_server.c, 1514] RRQ stats in us:
08-10 14:30:50.000   732 21068 D tftp_server: pid=732 tid=21068 tftp-server : DBG :[tftp_server.c, 1515] Total API = 1646
08-10 14:30:50.000   732 21068 D tftp_server: pid=732 tid=21068 tftp-server : DBG :[tftp_server.c, 1517] Total-TX = 408
08-10 14:30:50.000   732 21068 D tftp_server: pid=732 tid=21068 tftp-server : DBG :[tftp_server.c, 1519] Total-RX = 0
08-10 14:30:50.000   732 21068 D tftp_server: pid=732 tid=21068 tftp-server : DBG :[tftp_server.c, 1521] Max-TX = 408
08-10 14:30:50.000   732 21068 D tftp_server: pid=732 tid=21068 tftp-server : DBG :[tftp_server.c, 1523] Max-RX = 0
08-10 14:30:50.000   732 21068 D tftp_server: pid=732 tid=21068 tftp-server : DBG :[tftp_server.c, 1525] Min-TX = 408
08-10 14:30:50.000   732 21068 D tftp_server: pid=732 tid=21068 tftp-server : DBG :[tftp_server.c, 1527] Min-RX = 4294967295
08-10 14:30:50.001   732 21068 D tftp_server: pid=732 tid=21068 tftp-server : DBG :[tftp_os_wakelocks_la.c, 334] Wake-lock released successfully
08-10 14:30:50.004   732   732 D tftp_server: pid=732 tid=732 tftp-server : DBG :[tftp_os_wakelocks_la.c, 304] Wake-lock acquired successfully
08-10 14:30:50.004   732   732 D tftp_server: pid=732 tid=732 tftp-server : DBG :[tftp_server.c, 597] Server waiting for client-connection.
08-10 14:30:50.005   732 21069 D tftp_server: pid=732 tid=21069 tftp-server : DBG :[tftp_server_utils.c, 101] Normalized file [/readwrite/ota_firewall/ruleset] to : [/system/rfs/msm/mpss/readwrite/ota_fir
08-10 14:30:50.006   732 21069 E tftp_server: pid=732 tid=21069 tftp-server : ERR :[tftp_protocol.c, 1143] sending error-pkt. Code = 1, Msg = Err=2 String=No such file or directory
08-10 14:30:50.006   732 21069 D tftp_server: pid=732 tid=21069 tftp-server : DBG :[tftp_server.c, 1514] RRQ stats in us:
08-10 14:30:50.006   732 21069 D tftp_server: pid=732 tid=21069 tftp-server : DBG :[tftp_server.c, 1515] Total API = 794
08-10 14:30:50.006   732 21069 D tftp_server: pid=732 tid=21069 tftp-server : DBG :[tftp_server.c, 1517] Total-TX = 194
08-10 14:30:50.006   732 21069 D tftp_server: pid=732 tid=21069 tftp-server : DBG :[tftp_server.c, 1519] Total-RX = 0
08-10 14:30:50.006   732 21069 D tftp_server: pid=732 tid=21069 tftp-server : DBG :[tftp_server.c, 1521] Max-TX = 194
08-10 14:30:50.006   732 21069 D tftp_server: pid=732 tid=21069 tftp-server : DBG :[tftp_server.c, 1523] Max-RX = 0
08-10 14:30:50.006   732 21069 D tftp_server: pid=732 tid=21069 tftp-server : DBG :[tftp_server.c, 1525] Min-TX = 194
08-10 14:30:50.006   732 21069 D tftp_server: pid=732 tid=21069 tftp-server : DBG :[tftp_server.c, 1527] Min-RX = 4294967295
08-10 14:30:50.007   732 21069 D tftp_server: pid=732 tid=21069 tftp-server : DBG :[tftp_os_wakelocks_la.c, 334] Wake-lock released successfully
08-10 14:30:51.803  2119  2119 I DownloadManagerWrapper: onReceive() : Charging = true
08-10 14:30:53.812  2267  2279 D QtiTetherService/IpaWrapper: getStats(false)
08-10 14:30:53.898  1381  2935 I chatty  : uid=1000(system) Binder:1381_B expire 12 lines
08-10 14:30:53.905  3163 21073 E Herrevad: [725] RemoteReportsRefreshChimeraService.a: want to send authenticated request, but no Google account on device
08-10 14:30:54.077  3163  3997 E Volley  : [195] BasicNetwork.performRequest: Unexpected response code 307 for https://android.googleapis.com/nova/herrevad/network_quality_info
08-10 14:30:54.078  3163 21073 W Herrevad: [725] RemoteReportsRefreshChimeraService.a: java.util.concurrent.ExecutionException: com.android.volley.ServerError
08-10 14:30:54.078  3163 21073 W Herrevad: java.util.concurrent.ExecutionException: com.android.volley.ServerError
08-10 14:30:54.078  3163 21073 W Herrevad: 	at com.android.volley.toolbox.RequestFuture.a(:com.google.android.gms:3)
08-10 14:30:54.078  3163 21073 W Herrevad: 	at com.android.volley.toolbox.RequestFuture.get(:com.google.android.gms:1)
08-10 14:30:54.078  3163 21073 W Herrevad: 	at com.google.android.gms.herrevad.services.RemoteReportsRefreshChimeraService.a(:com.google.android.gms:24)
08-10 14:30:54.078  3163 21073 W Herrevad: 	at com.google.android.gms.herrevad.services.ImmediateRemoteReportsRefreshChimeraService.onHandleIntent(:com.google.android.gms:0)
08-10 14:30:54.078  3163 21073 W Herrevad: 	at btj.handleMessage(:com.google.android.gms:0)
08-10 14:30:54.078  3163 21073 W Herrevad: 	at android.os.Handler.dispatchMessage(Handler.java:102)
08-10 14:30:54.078  3163 21073 W Herrevad: 	at android.os.Looper.loop(Looper.java:154)
08-10 14:30:54.078  3163 21073 W Herrevad: 	at android.os.HandlerThread.run(HandlerThread.java:61)
08-10 14:30:54.078  3163 21073 W Herrevad: Caused by: com.android.volley.ServerError
08-10 14:30:54.078  3163 21073 W Herrevad: 	at com.android.volley.toolbox.BasicNetwork.performRequest(:com.google.android.gms:36)
08-10 14:30:54.078  3163 21073 W Herrevad: 	at mao.performRequest(:com.google.android.gms:3)
08-10 14:30:54.078  3163 21073 W Herrevad: 	at com.android.volley.NetworkDispatcher.run(:com.google.android.gms:11)
08-10 14:30:54.109  2463  2463 D QcrilMsgTunnelIfaceManager: handleMessage what = 0
08-10 14:30:54.111  3207  3207 D QC_RIL_OEM_HOOK: Received Broadcast Intent ACTION_UNSOL_RESPONSE_OEM_HOOK_RAW
08-10 14:30:54.112  3207  3207 D QC_RIL_OEM_HOOK: Oem ID in QCRILHOOK UNSOL RESP is QOEMHOOK
08-10 14:30:54.112  3503  3503 D QC_RIL_OEM_HOOK: Received Broadcast Intent ACTION_UNSOL_RESPONSE_OEM_HOOK_RAW
08-10 14:30:54.112  3503  3503 D QC_RIL_OEM_HOOK: Oem ID in QCRILHOOK UNSOL RESP is QOEMHOOK
08-10 14:30:54.112  2280  2280 D QC_RIL_OEM_HOOK: Received Broadcast Intent ACTION_UNSOL_RESPONSE_OEM_HOOK_RAW
08-10 14:30:54.112  2280  2280 D QC_RIL_OEM_HOOK: Oem ID in QCRILHOOK UNSOL RESP is QOEMHOOK
08-10 14:30:54.112  2280  2280 D QC_RIL_OEM_HOOK: Received Broadcast Intent ACTION_UNSOL_RESPONSE_OEM_HOOK_RAW
08-10 14:30:54.113  2280  2280 D QC_RIL_OEM_HOOK: Oem ID in QCRILHOOK UNSOL RESP is QOEMHOOK
08-10 14:30:54.113  2280  2280 D QC_RIL_OEM_HOOK: Received Broadcast Intent ACTION_UNSOL_RESPONSE_OEM_HOOK_RAW
08-10 14:30:54.113  2280  2280 D QC_RIL_OEM_HOOK: Oem ID in QCRILHOOK UNSOL RESP is QOEMHOOK
08-10 14:30:54.114  2175  2390 I chatty  : uid=10029(com.android.systemui) PhoneStatusBar expire 15 lines
08-10 14:30:57.785  2119  2119 I DownloadManagerWrapper: onReceive() : Charging = true
08-10 14:31:03.776  2119  2119 I DownloadManagerWrapper: onReceive() : Charging = true
08-10 14:31:09.781  2119  2119 I DownloadManagerWrapper: onReceive() : Charging = true
08-10 14:31:11.892  2463  2463 D QcrilMsgTunnelIfaceManager: handleMessage what = 0
08-10 14:31:11.897  2280  2280 D QC_RIL_OEM_HOOK: Received Broadcast Intent ACTION_UNSOL_RESPONSE_OEM_HOOK_RAW
08-10 14:31:11.897  2280  2280 D QC_RIL_OEM_HOOK: Oem ID in QCRILHOOK UNSOL RESP is QOEMHOOK
08-10 14:31:11.897  2280  2280 D QC_RIL_OEM_HOOK: Received Broadcast Intent ACTION_UNSOL_RESPONSE_OEM_HOOK_RAW
08-10 14:31:11.898  2280  2280 D QC_RIL_OEM_HOOK: Oem ID in QCRILHOOK UNSOL RESP is QOEMHOOK
08-10 14:31:11.898  3207  3207 D QC_RIL_OEM_HOOK: Received Broadcast Intent ACTION_UNSOL_RESPONSE_OEM_HOOK_RAW
08-10 14:31:11.899  2280  2280 D QC_RIL_OEM_HOOK: Received Broadcast Intent ACTION_UNSOL_RESPONSE_OEM_HOOK_RAW
08-10 14:31:11.899  3207  3207 D QC_RIL_OEM_HOOK: Oem ID in QCRILHOOK UNSOL RESP is QOEMHOOK
08-10 14:31:11.899  2280  2280 D QC_RIL_OEM_HOOK: Oem ID in QCRILHOOK UNSOL RESP is QOEMHOOK
08-10 14:31:11.899  3503  3503 D QC_RIL_OEM_HOOK: Received Broadcast Intent ACTION_UNSOL_RESPONSE_OEM_HOOK_RAW
08-10 14:31:11.899  3503  3503 D QC_RIL_OEM_HOOK: Oem ID in QCRILHOOK UNSOL RESP is QOEMHOOK
08-10 14:31:13.338  2567  2567 I wpa_supplicant: wlan0: CTRL-EVENT-AVOID-FREQ ranges=5500-5640
08-10 14:31:15.597  2175  2390 I chatty  : uid=10029(com.android.systemui) PhoneStatusBar expire 10 lines
08-10 14:31:15.801  2119  2119 I DownloadManagerWrapper: onReceive() : Charging = true
08-10 14:31:21.808  2119  2119 I DownloadManagerWrapper: onReceive() : Charging = true
08-10 14:31:29.926   814   975 I ThermalEngine: Monitor : quiet_therm = 30, msm_therm = 30, ufs_therm = -40, battery_therm = 291,current_now = -458000
08-10 14:31:32.678   874  2562 I LOWI-8.1.1.0.c: [LOWI-Scan] lowi_close_record:Scan completed in 97238047ms and Recieved 10 APs scan results
08-10 14:31:32.725   868   868 I chatty  : uid=1000(system) /system/bin/dpmd expire 10 lines
08-10 14:31:32.731  1381  2045 I chatty  : uid=1000(system) WifiStateMachin expire 11 lines
08-10 14:31:33.535  2175  2390 I chatty  : uid=10029(com.android.systemui) PhoneStatusBar expire 20 lines
08-10 14:31:33.803  2119  2119 I DownloadManagerWrapper: onReceive() : Charging = true
08-10 14:31:39.794  2119  2119 I DownloadManagerWrapper: onReceive() : Charging = true
08-10 14:31:45.793  2119  2119 I DownloadManagerWrapper: onReceive() : Charging = true
08-10 14:31:53.958  4309  4309 D CellProvider: CellIdentityLte:{ mMcc=232 mMnc=5 mCi=28462346 mPci=89 mTac=10147 mEarfcn=1814}
08-10 14:31:54.271  3163 21113 E Herrevad: [726] RemoteReportsRefreshChimeraService.a: want to send authenticated request, but no Google account on device
08-10 14:31:54.516  2463  2463 D QcrilMsgTunnelIfaceManager: handleMessage what = 0
08-10 14:31:54.518  3207  3207 D QC_RIL_OEM_HOOK: Received Broadcast Intent ACTION_UNSOL_RESPONSE_OEM_HOOK_RAW
08-10 14:31:54.518  3503  3503 D QC_RIL_OEM_HOOK: Received Broadcast Intent ACTION_UNSOL_RESPONSE_OEM_HOOK_RAW
08-10 14:31:54.518  3207  3207 D QC_RIL_OEM_HOOK: Oem ID in QCRILHOOK UNSOL RESP is QOEMHOOK
08-10 14:31:54.518  3503  3503 D QC_RIL_OEM_HOOK: Oem ID in QCRILHOOK UNSOL RESP is QOEMHOOK
08-10 14:31:54.519  2280  2280 D QC_RIL_OEM_HOOK: Received Broadcast Intent ACTION_UNSOL_RESPONSE_OEM_HOOK_RAW
08-10 14:31:54.519  2280  2280 D QC_RIL_OEM_HOOK: Oem ID in QCRILHOOK UNSOL RESP is QOEMHOOK
08-10 14:31:54.519  2280  2280 D QC_RIL_OEM_HOOK: Received Broadcast Intent ACTION_UNSOL_RESPONSE_OEM_HOOK_RAW
08-10 14:31:54.519  2280  2280 D QC_RIL_OEM_HOOK: Oem ID in QCRILHOOK UNSOL RESP is QOEMHOOK
08-10 14:31:54.519  2280  2280 D QC_RIL_OEM_HOOK: Received Broadcast Intent ACTION_UNSOL_RESPONSE_OEM_HOOK_RAW
08-10 14:31:54.519  2280  2280 D QC_RIL_OEM_HOOK: Oem ID in QCRILHOOK UNSOL RESP is QOEMHOOK
08-10 14:31:54.531  3163  4002 E Volley  : [199] BasicNetwork.performRequest: Unexpected response code 307 for https://android.googleapis.com/nova/herrevad/network_quality_info
08-10 14:31:54.532  3163 21113 W Herrevad: [726] RemoteReportsRefreshChimeraService.a: java.util.concurrent.ExecutionException: com.android.volley.ServerError
08-10 14:31:54.532  3163 21113 W Herrevad: java.util.concurrent.ExecutionException: com.android.volley.ServerError
08-10 14:31:54.532  3163 21113 W Herrevad: 	at com.android.volley.toolbox.RequestFuture.a(:com.google.android.gms:3)
08-10 14:31:54.532  3163 21113 W Herrevad: 	at com.android.volley.toolbox.RequestFuture.get(:com.google.android.gms:1)
08-10 14:31:54.532  3163 21113 W Herrevad: 	at com.google.android.gms.herrevad.services.RemoteReportsRefreshChimeraService.a(:com.google.android.gms:24)
08-10 14:31:54.532  3163 21113 W Herrevad: 	at com.google.android.gms.herrevad.services.ImmediateRemoteReportsRefreshChimeraService.onHandleIntent(:com.google.android.gms:0)
08-10 14:31:54.532  3163 21113 W Herrevad: 	at btj.handleMessage(:com.google.android.gms:0)
08-10 14:31:54.532  3163 21113 W Herrevad: 	at android.os.Handler.dispatchMessage(Handler.java:102)
08-10 14:31:54.532  3163 21113 W Herrevad: 	at android.os.Looper.loop(Looper.java:154)
08-10 14:31:54.532  3163 21113 W Herrevad: 	at android.os.HandlerThread.run(HandlerThread.java:61)
08-10 14:31:54.532  3163 21113 W Herrevad: Caused by: com.android.volley.ServerError
08-10 14:31:54.532  3163 21113 W Herrevad: 	at com.android.volley.toolbox.BasicNetwork.performRequest(:com.google.android.gms:36)
08-10 14:31:54.532  3163 21113 W Herrevad: 	at mao.performRequest(:com.google.android.gms:3)
08-10 14:31:54.532  3163 21113 W Herrevad: 	at com.android.volley.NetworkDispatcher.run(:com.google.android.gms:11)
08-10 14:31:56.892  3192  3192 I chatty  : uid=1000(system) com.oneplus.opbackup expire 10 lines
08-10 14:31:56.896  2119  2119 I DownloadManagerWrapper: onReceive() : Charging = true
08-10 14:32:03.782  2610  2610 D WidgetViewService: ------BatteryReceiver------power=89
08-10 14:32:03.784  2119  2119 I DownloadManagerWrapper: onReceive() : Charging = true
08-10 14:32:04.011  2119  2119 I DownloadManagerWrapper: onReceive() : Charging = true
08-10 14:32:04.796  2610  2610 D WidgetViewService: --------updateRemoteViews widgetDataItems={1=WidgetData [type=1, value=98, units=%], 0=WidgetData [type=0, value=1,71, units=MB], 2=WidgetData [type=2, value=89, units=%]}
08-10 14:32:08.162  2567  2567 I wpa_supplicant: wlan0: CTRL-EVENT-AVOID-FREQ ranges=5180-5320,5500-5640
08-10 14:32:09.457  2175  2390 I chatty  : uid=10029(com.android.systemui) PhoneStatusBar expire 18 lines
08-10 14:32:09.756  2119  2119 I DownloadManagerWrapper: onReceive() : Charging = true
08-10 14:32:12.106  2463  2463 D QcrilMsgTunnelIfaceManager: handleMessage what = 0
08-10 14:32:12.111  2280  2280 D QC_RIL_OEM_HOOK: Received Broadcast Intent ACTION_UNSOL_RESPONSE_OEM_HOOK_RAW
08-10 14:32:12.111  2280  2280 D QC_RIL_OEM_HOOK: Oem ID in QCRILHOOK UNSOL RESP is QOEMHOOK
08-10 14:32:12.111  3207  3207 D QC_RIL_OEM_HOOK: Received Broadcast Intent ACTION_UNSOL_RESPONSE_OEM_HOOK_RAW
08-10 14:32:12.112  2280  2280 D QC_RIL_OEM_HOOK: Received Broadcast Intent ACTION_UNSOL_RESPONSE_OEM_HOOK_RAW
08-10 14:32:12.112  3207  3207 D QC_RIL_OEM_HOOK: Oem ID in QCRILHOOK UNSOL RESP is QOEMHOOK
08-10 14:32:12.112  2280  2280 D QC_RIL_OEM_HOOK: Oem ID in QCRILHOOK UNSOL RESP is QOEMHOOK
08-10 14:32:12.112  2280  2280 D QC_RIL_OEM_HOOK: Received Broadcast Intent ACTION_UNSOL_RESPONSE_OEM_HOOK_RAW
08-10 14:32:12.112  2280  2280 D QC_RIL_OEM_HOOK: Oem ID in QCRILHOOK UNSOL RESP is QOEMHOOK
08-10 14:32:12.112  3503  3503 D QC_RIL_OEM_HOOK: Received Broadcast Intent ACTION_UNSOL_RESPONSE_OEM_HOOK_RAW
08-10 14:32:12.112  3503  3503 D QC_RIL_OEM_HOOK: Oem ID in QCRILHOOK UNSOL RESP is QOEMHOOK
08-10 14:32:15.791  2119  2119 I DownloadManagerWrapper: onReceive() : Charging = true
08-10 14:32:17.717   874  2562 I LOWI-8.1.1.0.c: [LOWI-Scan] lowi_close_record:Scan completed in 97283087ms and Recieved 17 APs scan results
08-10 14:32:17.770  1381  2045 I chatty  : uid=1000(system) WifiStateMachin expire 11 lines
08-10 14:32:22.785  1381  2049 I chatty  : uid=1000(system) WifiScanningSer expire 12 lines
08-10 14:32:29.969   814   975 I ThermalEngine: Monitor : quiet_therm = 30, msm_therm = 31, ufs_therm = -40, battery_therm = 292,current_now = -454000
08-10 14:32:33.406  2175  2390 I chatty  : uid=10029(com.android.systemui) PhoneStatusBar expire 12 lines
08-10 14:32:39.792  2119  2119 I DownloadManagerWrapper: onReceive() : Charging = true
08-10 14:32:45.792  2119  2119 I DownloadManagerWrapper: onReceive() : Charging = true
08-10 14:32:45.792  2175  2175 I chatty  : uid=10029(com.android.systemui) expire 10 lines
08-10 14:32:47.768  2175  2390 I chatty  : uid=10029(com.android.systemui) PhoneStatusBar expire 24 lines
08-10 14:32:51.790  2119  2119 I DownloadManagerWrapper: onReceive() : Charging = true
08-10 14:32:57.794  2119  2119 I DownloadManagerWrapper: onReceive() : Charging = true
08-10 14:33:01.572  1381  2561 I chatty  : uid=1000(system) Thread-7 expire 14 lines
08-10 14:33:01.582   868   868 I chatty  : uid=1000(system) /system/bin/dpmd expire 11 lines
08-10 14:33:02.822   874  2562 I LOWI-8.1.1.0.c: [LOWI-Scan] lowi_close_record:Scan completed in 97328191ms and Recieved 14 APs scan results
08-10 14:33:02.897  1381  2045 I chatty  : uid=1000(system) WifiStateMachin expire 11 lines
08-10 14:33:03.794  2119  2119 I DownloadManagerWrapper: onReceive() : Charging = true
08-10 14:33:15.789  2119  2119 I DownloadManagerWrapper: onReceive() : Charging = true
08-10 14:33:15.791  3192  3192 I chatty  : uid=1000(system) com.oneplus.opbackup expire 10 lines
08-10 14:33:30.011   814   975 I ThermalEngine: Monitor : quiet_therm = 30, msm_therm = 31, ufs_therm = -40, battery_therm = 292,current_now = -400000
08-10 14:33:30.328  2175  2390 I chatty  : uid=10029(com.android.systemui) PhoneStatusBar expire 15 lines
08-10 14:33:33.796  2119  2119 I DownloadManagerWrapper: onReceive() : Charging = true
08-10 14:33:39.785  2119  2119 I DownloadManagerWrapper: onReceive() : Charging = true
08-10 14:33:45.794  2119  2119 I DownloadManagerWrapper: onReceive() : Charging = true
08-10 14:33:46.006  2175  2390 I chatty  : uid=10029(com.android.systemui) PhoneStatusBar expire 10 lines
08-10 14:33:47.846   874  2562 I LOWI-8.1.1.0.c: [LOWI-Scan] lowi_close_record:Scan completed in 97373215ms and Recieved 10 APs scan results
08-10 14:33:47.886   868   868 I chatty  : uid=1000(system) /system/bin/dpmd expire 11 lines
08-10 14:33:47.889  1381  2045 I chatty  : uid=1000(system) WifiStateMachin expire 11 lines
08-10 14:33:51.800  2119  2119 I DownloadManagerWrapper: onReceive() : Charging = true
08-10 14:33:57.789  2119  2119 I DownloadManagerWrapper: onReceive() : Charging = true
08-10 14:34:06.173  2175  2390 I chatty  : uid=10029(com.android.systemui) PhoneStatusBar expire 23 lines
08-10 14:34:09.801  2119  2119 I DownloadManagerWrapper: onReceive() : Charging = true
08-10 14:34:09.802  2175  2175 I chatty  : uid=10029(com.android.systemui) expire 15 lines
08-10 14:34:15.788  2119  2119 I DownloadManagerWrapper: onReceive() : Charging = true
08-10 14:34:21.793  2119  2119 I DownloadManagerWrapper: onReceive() : Charging = true
08-10 14:34:24.137  1381  1381 I chatty  : uid=1000 system_server expire 10 lines
08-10 14:34:27.795  2119  2119 I DownloadManagerWrapper: onReceive() : Charging = true
08-10 14:34:30.053   814   975 I ThermalEngine: Monitor : quiet_therm = 30, msm_therm = 30, ufs_therm = -40, battery_therm = 291,current_now = -455000
08-10 14:34:32.773   874  2562 I LOWI-8.1.1.0.c: [LOWI-Scan] lowi_close_record:Scan completed in 97418142ms and Recieved 7 APs scan results
08-10 14:34:32.818   868   868 I chatty  : uid=1000(system) /system/bin/dpmd expire 11 lines
08-10 14:34:32.821  1381  2045 I chatty  : uid=1000(system) WifiStateMachin expire 11 lines
08-10 14:34:33.795  3192  3192 I chatty  : uid=1000(system) com.oneplus.opbackup expire 10 lines
08-10 14:34:33.812  2119  2119 I DownloadManagerWrapper: onReceive() : Charging = true
08-10 14:34:39.802  2119  2119 I DownloadManagerWrapper: onReceive() : Charging = true
08-10 14:34:45.812  2119  2119 I DownloadManagerWrapper: onReceive() : Charging = true
08-10 14:34:46.486  2175  2390 I chatty  : uid=10029(com.android.systemui) PhoneStatusBar expire 15 lines
08-10 14:34:51.898  2119  2119 I DownloadManagerWrapper: onReceive() : Charging = true
08-10 14:34:57.908  2119  2119 I DownloadManagerWrapper: onReceive() : Charging = true
08-10 14:35:09.793  2119  2119 I DownloadManagerWrapper: onReceive() : Charging = true
08-10 14:35:13.367  2175  2390 I chatty  : uid=10029(com.android.systemui) PhoneStatusBar expire 10 lines
08-10 14:35:15.792  2119  2119 I DownloadManagerWrapper: onReceive() : Charging = true
08-10 14:35:17.943   874  2562 I LOWI-8.1.1.0.c: [LOWI-Scan] lowi_close_record:Scan completed in 97463312ms and Recieved 12 APs scan results
08-10 14:35:17.974  1381  2045 I chatty  : uid=1000(system) WifiStateMachin expire 11 lines
08-10 14:35:21.801  2119  2119 I DownloadManagerWrapper: onReceive() : Charging = true
08-10 14:35:22.986  1381  2049 I chatty  : uid=1000(system) WifiScanningSer expire 15 lines
08-10 14:35:24.182  1381  1435 I chatty  : uid=1000(system) ActivityManager expire 12 lines
08-10 14:35:24.320  1381  2396 I chatty  : uid=1000(system) Binder:1381_7 expire 12 lines
08-10 14:35:24.326  3163 21157 E Herrevad: [727] RemoteReportsRefreshChimeraService.a: want to send authenticated request, but no Google account on device
08-10 14:35:24.330  1381  3400 I chatty  : uid=1000(system) Binder:1381_D expire 12 lines
08-10 14:35:24.340  1381  6431 I chatty  : uid=1000(system) Binder:1381_11 expire 15 lines
08-10 14:35:24.573  3163  3999 E Volley  : [197] BasicNetwork.performRequest: Unexpected response code 307 for https://android.googleapis.com/nova/herrevad/network_quality_info
08-10 14:35:24.574  3163 21157 W Herrevad: [727] RemoteReportsRefreshChimeraService.a: java.util.concurrent.ExecutionException: com.android.volley.ServerError
08-10 14:35:24.574  3163 21157 W Herrevad: java.util.concurrent.ExecutionException: com.android.volley.ServerError
08-10 14:35:24.574  3163 21157 W Herrevad: 	at com.android.volley.toolbox.RequestFuture.a(:com.google.android.gms:3)
08-10 14:35:24.574  3163 21157 W Herrevad: 	at com.android.volley.toolbox.RequestFuture.get(:com.google.android.gms:1)
08-10 14:35:24.574  3163 21157 W Herrevad: 	at com.google.android.gms.herrevad.services.RemoteReportsRefreshChimeraService.a(:com.google.android.gms:24)
08-10 14:35:24.574  3163 21157 W Herrevad: 	at com.google.android.gms.herrevad.services.ImmediateRemoteReportsRefreshChimeraService.onHandleIntent(:com.google.android.gms:0)
08-10 14:35:24.574  3163 21157 W Herrevad: 	at btj.handleMessage(:com.google.android.gms:0)
08-10 14:35:24.574  3163 21157 W Herrevad: 	at android.os.Handler.dispatchMessage(Handler.java:102)
08-10 14:35:24.574  3163 21157 W Herrevad: 	at android.os.Looper.loop(Looper.java:154)
08-10 14:35:24.574  3163 21157 W Herrevad: 	at android.os.HandlerThread.run(HandlerThread.java:61)
08-10 14:35:24.574  3163 21157 W Herrevad: Caused by: com.android.volley.ServerError
08-10 14:35:24.574  3163 21157 W Herrevad: 	at com.android.volley.toolbox.BasicNetwork.performRequest(:com.google.android.gms:36)
08-10 14:35:24.574  3163 21157 W Herrevad: 	at mao.performRequest(:com.google.android.gms:3)
08-10 14:35:24.574  3163 21157 W Herrevad: 	at com.android.volley.NetworkDispatcher.run(:com.google.android.gms:11)
08-10 14:35:24.617  2463  2463 D QcrilMsgTunnelIfaceManager: handleMessage what = 0
08-10 14:35:24.620  3503  3503 D QC_RIL_OEM_HOOK: Received Broadcast Intent ACTION_UNSOL_RESPONSE_OEM_HOOK_RAW
08-10 14:35:24.621  3503  3503 D QC_RIL_OEM_HOOK: Oem ID in QCRILHOOK UNSOL RESP is QOEMHOOK
08-10 14:35:24.622  3207  3207 D QC_RIL_OEM_HOOK: Received Broadcast Intent ACTION_UNSOL_RESPONSE_OEM_HOOK_RAW
08-10 14:35:24.623  3207  3207 D QC_RIL_OEM_HOOK: Oem ID in QCRILHOOK UNSOL RESP is QOEMHOOK
08-10 14:35:24.624  2280  2280 D QC_RIL_OEM_HOOK: Received Broadcast Intent ACTION_UNSOL_RESPONSE_OEM_HOOK_RAW
08-10 14:35:24.624  2280  2280 D QC_RIL_OEM_HOOK: Oem ID in QCRILHOOK UNSOL RESP is QOEMHOOK
08-10 14:35:24.624  2280  2280 D QC_RIL_OEM_HOOK: Received Broadcast Intent ACTION_UNSOL_RESPONSE_OEM_HOOK_RAW
08-10 14:35:24.624  2280  2280 D QC_RIL_OEM_HOOK: Oem ID in QCRILHOOK UNSOL RESP is QOEMHOOK
08-10 14:35:24.624  2280  2280 D QC_RIL_OEM_HOOK: Received Broadcast Intent ACTION_UNSOL_RESPONSE_OEM_HOOK_RAW
08-10 14:35:24.624  2280  2280 D QC_RIL_OEM_HOOK: Oem ID in QCRILHOOK UNSOL RESP is QOEMHOOK
08-10 14:35:24.627  2175  2390 I chatty  : uid=10029(com.android.systemui) PhoneStatusBar expire 11 lines
08-10 14:35:27.799  2119  2119 I DownloadManagerWrapper: onReceive() : Charging = true
08-10 14:35:30.093   814   975 I ThermalEngine: Monitor : quiet_therm = 30, msm_therm = 31, ufs_therm = -40, battery_therm = 291,current_now = -435000
08-10 14:35:33.773  2119  2119 I DownloadManagerWrapper: onReceive() : Charging = true
08-10 14:35:39.698  1381  2395 I chatty  : uid=1000(system) Binder:1381_6 expire 24 lines
08-10 14:35:39.762  3192  3192 I chatty  : uid=1000(system) com.oneplus.opbackup expire 10 lines
08-10 14:35:39.763  2119  2119 I DownloadManagerWrapper: onReceive() : Charging = true
08-10 14:35:40.343  2175  2390 I chatty  : uid=10029(com.android.systemui) PhoneStatusBar expire 16 lines
08-10 14:35:41.997  2463  2463 D QcrilMsgTunnelIfaceManager: handleMessage what = 0
08-10 14:35:42.001  3207  3207 D QC_RIL_OEM_HOOK: Received Broadcast Intent ACTION_UNSOL_RESPONSE_OEM_HOOK_RAW
08-10 14:35:42.001  2280  2280 D QC_RIL_OEM_HOOK: Received Broadcast Intent ACTION_UNSOL_RESPONSE_OEM_HOOK_RAW
08-10 14:35:42.002  2280  2280 D QC_RIL_OEM_HOOK: Oem ID in QCRILHOOK UNSOL RESP is QOEMHOOK
08-10 14:35:42.002  3207  3207 D QC_RIL_OEM_HOOK: Oem ID in QCRILHOOK UNSOL RESP is QOEMHOOK
08-10 14:35:42.002  2280  2280 D QC_RIL_OEM_HOOK: Received Broadcast Intent ACTION_UNSOL_RESPONSE_OEM_HOOK_RAW
08-10 14:35:42.002  2280  2280 D QC_RIL_OEM_HOOK: Oem ID in QCRILHOOK UNSOL RESP is QOEMHOOK
08-10 14:35:42.002  2280  2280 D QC_RIL_OEM_HOOK: Received Broadcast Intent ACTION_UNSOL_RESPONSE_OEM_HOOK_RAW
08-10 14:35:42.002  2280  2280 D QC_RIL_OEM_HOOK: Oem ID in QCRILHOOK UNSOL RESP is QOEMHOOK
08-10 14:35:42.006  3503  3503 D QC_RIL_OEM_HOOK: Received Broadcast Intent ACTION_UNSOL_RESPONSE_OEM_HOOK_RAW
08-10 14:35:42.007  3503  3503 D QC_RIL_OEM_HOOK: Oem ID in QCRILHOOK UNSOL RESP is QOEMHOOK
08-10 14:35:43.421  2567  2567 I wpa_supplicant: wlan0: CTRL-EVENT-AVOID-FREQ ranges=5500-5640
08-10 14:35:45.741  2175  2175 I chatty  : uid=10029(com.android.systemui) expire 16 lines
08-10 14:35:45.743  2119  2119 I DownloadManagerWrapper: onReceive() : Charging = true
08-10 14:35:51.780  2119  2119 I DownloadManagerWrapper: onReceive() : Charging = true
08-10 14:36:00.732  2175  2390 I chatty  : uid=10029(com.android.systemui) PhoneStatusBar expire 23 lines
08-10 14:36:01.771   868   868 I chatty  : uid=1000(system) /system/bin/dpmd expire 10 lines
08-10 14:36:03.079   874  2562 I LOWI-8.1.1.0.c: [LOWI-Scan] lowi_close_record:Scan completed in 97508449ms and Recieved 16 APs scan results
08-10 14:36:03.153  1381  2045 I chatty  : uid=1000(system) WifiStateMachin expire 11 lines
08-10 14:36:03.806  2119  2119 I DownloadManagerWrapper: onReceive() : Charging = true
08-10 14:36:09.784  2610  2610 D WidgetViewService: ------BatteryReceiver------power=90
08-10 14:36:09.790  2119  2119 I DownloadManagerWrapper: onReceive() : Charging = true
08-10 14:36:10.802  2610  2610 D WidgetViewService: --------updateRemoteViews widgetDataItems={1=WidgetData [type=1, value=98, units=%], 0=WidgetData [type=0, value=1,71, units=MB], 2=WidgetData [type=2, value=90, units=%]}
08-10 14:36:14.987  2119  2119 I DownloadManagerWrapper: onReceive() : Charging = true
08-10 14:36:15.788  2119  2119 I DownloadManagerWrapper: onReceive() : Charging = true
08-10 14:36:21.793  2119  2119 I DownloadManagerWrapper: onReceive() : Charging = true
08-10 14:36:24.455  3163 21198 E Herrevad: [728] RemoteReportsRefreshChimeraService.a: want to send authenticated request, but no Google account on device
08-10 14:36:24.656  3163  4005 E Volley  : [201] BasicNetwork.performRequest: Unexpected response code 307 for https://android.googleapis.com/nova/herrevad/network_quality_info
08-10 14:36:24.657  3163 21198 W Herrevad: [728] RemoteReportsRefreshChimeraService.a: java.util.concurrent.ExecutionException: com.android.volley.ServerError
08-10 14:36:24.657  3163 21198 W Herrevad: java.util.concurrent.ExecutionException: com.android.volley.ServerError
08-10 14:36:24.657  3163 21198 W Herrevad: 	at com.android.volley.toolbox.RequestFuture.a(:com.google.android.gms:3)
08-10 14:36:24.657  3163 21198 W Herrevad: 	at com.android.volley.toolbox.RequestFuture.get(:com.google.android.gms:1)
08-10 14:36:24.657  3163 21198 W Herrevad: 	at com.google.android.gms.herrevad.services.RemoteReportsRefreshChimeraService.a(:com.google.android.gms:24)
08-10 14:36:24.657  3163 21198 W Herrevad: 	at com.google.android.gms.herrevad.services.ImmediateRemoteReportsRefreshChimeraService.onHandleIntent(:com.google.android.gms:0)
08-10 14:36:24.657  3163 21198 W Herrevad: 	at btj.handleMessage(:com.google.android.gms:0)
08-10 14:36:24.657  3163 21198 W Herrevad: 	at android.os.Handler.dispatchMessage(Handler.java:102)
08-10 14:36:24.657  3163 21198 W Herrevad: 	at android.os.Looper.loop(Looper.java:154)
08-10 14:36:24.657  3163 21198 W Herrevad: 	at android.os.HandlerThread.run(HandlerThread.java:61)
08-10 14:36:24.657  3163 21198 W Herrevad: Caused by: com.android.volley.ServerError
08-10 14:36:24.657  3163 21198 W Herrevad: 	at com.android.volley.toolbox.BasicNetwork.performRequest(:com.google.android.gms:36)
08-10 14:36:24.657  3163 21198 W Herrevad: 	at mao.performRequest(:com.google.android.gms:3)
08-10 14:36:24.657  3163 21198 W Herrevad: 	at com.android.volley.NetworkDispatcher.run(:com.google.android.gms:11)
08-10 14:36:24.674  2463  2463 D QcrilMsgTunnelIfaceManager: handleMessage what = 0
08-10 14:36:24.675  2175  2390 I chatty  : uid=10029(com.android.systemui) PhoneStatusBar expire 12 lines
08-10 14:36:24.677  3207  3207 D QC_RIL_OEM_HOOK: Received Broadcast Intent ACTION_UNSOL_RESPONSE_OEM_HOOK_RAW
08-10 14:36:24.677  3207  3207 D QC_RIL_OEM_HOOK: Oem ID in QCRILHOOK UNSOL RESP is QOEMHOOK
08-10 14:36:24.678  3503  3503 D QC_RIL_OEM_HOOK: Received Broadcast Intent ACTION_UNSOL_RESPONSE_OEM_HOOK_RAW
08-10 14:36:24.678  3503  3503 D QC_RIL_OEM_HOOK: Oem ID in QCRILHOOK UNSOL RESP is QOEMHOOK
08-10 14:36:24.679  2280  2280 D QC_RIL_OEM_HOOK: Received Broadcast Intent ACTION_UNSOL_RESPONSE_OEM_HOOK_RAW
08-10 14:36:24.679  2280  2280 D QC_RIL_OEM_HOOK: Oem ID in QCRILHOOK UNSOL RESP is QOEMHOOK
08-10 14:36:24.679  2280  2280 D QC_RIL_OEM_HOOK: Received Broadcast Intent ACTION_UNSOL_RESPONSE_OEM_HOOK_RAW
08-10 14:36:24.680  2280  2280 D QC_RIL_OEM_HOOK: Oem ID in QCRILHOOK UNSOL RESP is QOEMHOOK
08-10 14:36:24.680  2280  2280 D QC_RIL_OEM_HOOK: Received Broadcast Intent ACTION_UNSOL_RESPONSE_OEM_HOOK_RAW
08-10 14:36:24.680  2280  2280 D QC_RIL_OEM_HOOK: Oem ID in QCRILHOOK UNSOL RESP is QOEMHOOK
08-10 14:36:27.778  2119  2119 I DownloadManagerWrapper: onReceive() : Charging = true
08-10 14:36:28.637  2567  2567 I wpa_supplicant: wlan0: CTRL-EVENT-AVOID-FREQ ranges=5180-5320,5500-5640
08-10 14:36:30.131   814   975 I ThermalEngine: Monitor : quiet_therm = 30, msm_therm = 31, ufs_therm = -40, battery_therm = 291,current_now = -235000
08-10 14:36:33.774  2119  2119 I DownloadManagerWrapper: onReceive() : Charging = true
08-10 14:36:39.683  3192  3192 I chatty  : uid=1000(system) com.oneplus.opbackup expire 10 lines
08-10 14:36:39.686  2119  2119 I DownloadManagerWrapper: onReceive() : Charging = true
08-10 14:36:39.806  1381  6428 I chatty  : uid=1000(system) Binder:1381_F expire 21 lines
08-10 14:36:41.838  2463  2463 D QcrilMsgTunnelIfaceManager: handleMessage what = 0
08-10 14:36:41.842  2280  2280 D QC_RIL_OEM_HOOK: Received Broadcast Intent ACTION_UNSOL_RESPONSE_OEM_HOOK_RAW
08-10 14:36:41.842  2280  2280 D QC_RIL_OEM_HOOK: Oem ID in QCRILHOOK UNSOL RESP is QOEMHOOK
08-10 14:36:41.842  2280  2280 D QC_RIL_OEM_HOOK: Received Broadcast Intent ACTION_UNSOL_RESPONSE_OEM_HOOK_RAW
08-10 14:36:41.843  2280  2280 D QC_RIL_OEM_HOOK: Oem ID in QCRILHOOK UNSOL RESP is QOEMHOOK
08-10 14:36:41.843  3207  3207 D QC_RIL_OEM_HOOK: Received Broadcast Intent ACTION_UNSOL_RESPONSE_OEM_HOOK_RAW
08-10 14:36:41.843  3207  3207 D QC_RIL_OEM_HOOK: Oem ID in QCRILHOOK UNSOL RESP is QOEMHOOK
08-10 14:36:41.843  2280  2280 D QC_RIL_OEM_HOOK: Received Broadcast Intent ACTION_UNSOL_RESPONSE_OEM_HOOK_RAW
08-10 14:36:41.843  2280  2280 D QC_RIL_OEM_HOOK: Oem ID in QCRILHOOK UNSOL RESP is QOEMHOOK
08-10 14:36:41.844  3503  3503 D QC_RIL_OEM_HOOK: Received Broadcast Intent ACTION_UNSOL_RESPONSE_OEM_HOOK_RAW
08-10 14:36:41.845  3503  3503 D QC_RIL_OEM_HOOK: Oem ID in QCRILHOOK UNSOL RESP is QOEMHOOK
08-10 14:36:41.860  2175  2390 I chatty  : uid=10029(com.android.systemui) PhoneStatusBar expire 19 lines
08-10 14:36:45.820  2119  2119 I DownloadManagerWrapper: onReceive() : Charging = true
08-10 14:36:47.967   874  2562 I LOWI-8.1.1.0.c: [LOWI-Scan] lowi_close_record:Scan completed in 97553337ms and Recieved 12 APs scan results
08-10 14:36:48.023   868   868 I chatty  : uid=1000(system) /system/bin/dpmd expire 12 lines
08-10 14:36:48.024  1381  2045 I chatty  : uid=1000(system) WifiStateMachin expire 11 lines
08-10 14:37:03.775  2119  2119 I DownloadManagerWrapper: onReceive() : Charging = true
08-10 14:37:03.778  2175  2390 I chatty  : uid=10029(com.android.systemui) PhoneStatusBar expire 11 lines
08-10 14:37:15.799  2119  2119 I DownloadManagerWrapper: onReceive() : Charging = true
08-10 14:37:21.793  2119  2119 I DownloadManagerWrapper: onReceive() : Charging = true
08-10 14:37:23.925  2175  2390 I chatty  : uid=10029(com.android.systemui) PhoneStatusBar expire 19 lines
08-10 14:37:24.364  1381  2952 I chatty  : uid=1000(system) Binder:1381_C expire 10 lines
08-10 14:37:24.429  1381  2064 I chatty  : uid=1000(system) Binder:1381_3 expire 12 lines
08-10 14:37:24.507  3163 21241 E Herrevad: [731] RemoteReportsRefreshChimeraService.a: want to send authenticated request, but no Google account on device
08-10 14:37:24.815  3163  3997 E Volley  : [195] BasicNetwork.performRequest: Unexpected response code 307 for https://android.googleapis.com/nova/herrevad/network_quality_info
08-10 14:37:24.816  3163 21241 W Herrevad: [731] RemoteReportsRefreshChimeraService.a: java.util.concurrent.ExecutionException: com.android.volley.ServerError
08-10 14:37:24.816  3163 21241 W Herrevad: java.util.concurrent.ExecutionException: com.android.volley.ServerError
08-10 14:37:24.816  3163 21241 W Herrevad: 	at com.android.volley.toolbox.RequestFuture.a(:com.google.android.gms:3)
08-10 14:37:24.816  3163 21241 W Herrevad: 	at com.android.volley.toolbox.RequestFuture.get(:com.google.android.gms:1)
08-10 14:37:24.816  3163 21241 W Herrevad: 	at com.google.android.gms.herrevad.services.RemoteReportsRefreshChimeraService.a(:com.google.android.gms:24)
08-10 14:37:24.816  3163 21241 W Herrevad: 	at com.google.android.gms.herrevad.services.ImmediateRemoteReportsRefreshChimeraService.onHandleIntent(:com.google.android.gms:0)
08-10 14:37:24.816  3163 21241 W Herrevad: 	at btj.handleMessage(:com.google.android.gms:0)
08-10 14:37:24.816  3163 21241 W Herrevad: 	at android.os.Handler.dispatchMessage(Handler.java:102)
08-10 14:37:24.816  3163 21241 W Herrevad: 	at android.os.Looper.loop(Looper.java:154)
08-10 14:37:24.816  3163 21241 W Herrevad: 	at android.os.HandlerThread.run(HandlerThread.java:61)
08-10 14:37:24.816  3163 21241 W Herrevad: Caused by: com.android.volley.ServerError
08-10 14:37:24.816  3163 21241 W Herrevad: 	at com.android.volley.toolbox.BasicNetwork.performRequest(:com.google.android.gms:36)
08-10 14:37:24.816  3163 21241 W Herrevad: 	at mao.performRequest(:com.google.android.gms:3)
08-10 14:37:24.816  3163 21241 W Herrevad: 	at com.android.volley.NetworkDispatcher.run(:com.google.android.gms:11)
08-10 14:37:24.830  2463  2463 D QcrilMsgTunnelIfaceManager: handleMessage what = 0
08-10 14:37:24.831  2280  2280 D QC_RIL_OEM_HOOK: Received Broadcast Intent ACTION_UNSOL_RESPONSE_OEM_HOOK_RAW
08-10 14:37:24.831  2280  2280 D QC_RIL_OEM_HOOK: Oem ID in QCRILHOOK UNSOL RESP is QOEMHOOK
08-10 14:37:24.831  2280  2280 D QC_RIL_OEM_HOOK: Received Broadcast Intent ACTION_UNSOL_RESPONSE_OEM_HOOK_RAW
08-10 14:37:24.831  2280  2280 D QC_RIL_OEM_HOOK: Oem ID in QCRILHOOK UNSOL RESP is QOEMHOOK
08-10 14:37:24.831  3503  3503 D QC_RIL_OEM_HOOK: Received Broadcast Intent ACTION_UNSOL_RESPONSE_OEM_HOOK_RAW
08-10 14:37:24.831  3503  3503 D QC_RIL_OEM_HOOK: Oem ID in QCRILHOOK UNSOL RESP is QOEMHOOK
08-10 14:37:24.832  3207  3207 D QC_RIL_OEM_HOOK: Received Broadcast Intent ACTION_UNSOL_RESPONSE_OEM_HOOK_RAW
08-10 14:37:24.832  3207  3207 D QC_RIL_OEM_HOOK: Oem ID in QCRILHOOK UNSOL RESP is QOEMHOOK
08-10 14:37:24.832  2280  2280 D QC_RIL_OEM_HOOK: Received Broadcast Intent ACTION_UNSOL_RESPONSE_OEM_HOOK_RAW
08-10 14:37:24.832  2280  2280 D QC_RIL_OEM_HOOK: Oem ID in QCRILHOOK UNSOL RESP is QOEMHOOK
08-10 14:37:27.789  2119  2119 I DownloadManagerWrapper: onReceive() : Charging = true
08-10 14:37:30.166   814   975 I ThermalEngine: Monitor : quiet_therm = 30, msm_therm = 31, ufs_therm = -40, battery_therm = 291,current_now = -402000
08-10 14:37:31.863  1381  2561 I chatty  : uid=1000(system) Thread-7 expire 12 lines
08-10 14:37:33.139   874  2562 I LOWI-8.1.1.0.c: [LOWI-Scan] lowi_close_record:Scan completed in 97598509ms and Recieved 9 APs scan results
08-10 14:37:33.213  1381  2045 I chatty  : uid=1000(system) WifiStateMachin expire 11 lines
08-10 14:37:33.792  2175  2175 I chatty  : uid=10029(com.android.systemui) expire 20 lines
08-10 14:37:33.793  2119  2119 I DownloadManagerWrapper: onReceive() : Charging = true
08-10 14:37:34.921  1381  2104 I chatty  : uid=1000(system) Binder:1381_4 expire 24 lines
08-10 14:37:39.788  2119  2119 I DownloadManagerWrapper: onReceive() : Charging = true
08-10 14:37:41.945  2175  2390 I chatty  : uid=10029(com.android.systemui) PhoneStatusBar expire 20 lines
