08-10 14:02:52.890  2175  2390 I chatty  : uid=10029(com.android.systemui) PhoneStatusBar expire 15 lines
08-10 14:02:53.931  1381  1435 I chatty  : uid=1000(system) ActivityManager expire 12 lines
08-10 14:02:54.056  1381  2642 I chatty  : uid=1000(system) Binder:1381_8 expire 12 lines
08-10 14:02:54.064  3163 19491 I chatty  : uid=10015(com.google.android.gms) expire 2 lines
08-10 14:02:54.240  3163  3997 I chatty  : uid=10015(com.google.android.gms) Thread-13 expire 5 lines
08-10 14:02:54.274  3207  3207 D QC_RIL_OEM_HOOK: Received Broadcast Intent ACTION_UNSOL_RESPONSE_OEM_HOOK_RAW
08-10 14:02:54.274  3207  3207 D QC_RIL_OEM_HOOK: Oem ID in QCRILHOOK UNSOL RESP is QOEMHOOK
08-10 14:02:54.277  2280  2280 I chatty  : uid=1001(radio) com.android.phone expire 13 lines
08-10 14:03:00.315  2567  2567 I wpa_supplicant: wlan0: CTRL-EVENT-AVOID-FREQ ranges=5180-5320,5500-5640
08-10 14:03:01.294   874  2562 I LOWI-8.1.1.0.c: [LOWI-Scan] lowi_close_record:Scan completed in 95526664ms and Recieved 14 APs scan results
08-10 14:03:01.373  1381  2045 I chatty  : uid=1000(system) WifiStateMachin expire 11 lines
08-10 14:03:01.791  2119  2119 I DownloadManagerWrapper: onReceive() : Charging = true
08-10 14:03:04.341  1381  3400 I chatty  : uid=1000(system) Binder:1381_D expire 12 lines
08-10 14:03:07.775  2119  2119 I DownloadManagerWrapper: onReceive() : Charging = true
08-10 14:03:08.412  2175  2390 I chatty  : uid=10029(com.android.systemui) PhoneStatusBar expire 18 lines
08-10 14:03:11.926  3207  3207 D QC_RIL_OEM_HOOK: Received Broadcast Intent ACTION_UNSOL_RESPONSE_OEM_HOOK_RAW
08-10 14:03:11.926  3207  3207 D QC_RIL_OEM_HOOK: Oem ID in QCRILHOOK UNSOL RESP is QOEMHOOK
08-10 14:03:11.926  3503  3503 I chatty  : uid=1000(system) cn.oneplus.nvbackup expire 10 lines
08-10 14:03:13.797  2119  2119 I DownloadManagerWrapper: onReceive() : Charging = true
08-10 14:03:16.871  2567  2567 I wpa_supplicant: wlan0: CTRL-EVENT-AVOID-FREQ ranges=5500-5640
08-10 14:03:19.795  2119  2119 I DownloadManagerWrapper: onReceive() : Charging = true
08-10 14:03:22.331  2175  2390 I chatty  : uid=10029(com.android.systemui) PhoneStatusBar expire 15 lines
08-10 14:03:25.794  2119  2119 I DownloadManagerWrapper: onReceive() : Charging = true
08-10 14:03:28.892   814   975 I ThermalEngine: Monitor : quiet_therm = 30, msm_therm = 30, ufs_therm = -40, battery_therm = 290,current_now = -452000
08-10 14:03:31.793  2119  2119 I DownloadManagerWrapper: onReceive() : Charging = true
08-10 14:03:37.786  2119  2119 I DownloadManagerWrapper: onReceive() : Charging = true
08-10 14:03:43.788  2119  2119 I DownloadManagerWrapper: onReceive() : Charging = true
08-10 14:03:43.792  3192  3192 I chatty  : uid=1000(system) com.oneplus.opbackup expire 11 lines
08-10 14:03:45.003   868   868 I chatty  : uid=1000(system) /system/bin/dpmd expire 10 lines
08-10 14:03:46.201   874  2562 I LOWI-8.1.1.0.c: [LOWI-Scan] lowi_close_record:Scan completed in 95571570ms and Recieved 12 APs scan results
08-10 14:03:46.284  1381  2045 I chatty  : uid=1000(system) WifiStateMachin expire 11 lines
08-10 14:03:54.082  1381  2104 I chatty  : uid=1000(system) Binder:1381_4 expire 18 lines
08-10 14:03:54.205  3163 19545 I chatty  : uid=10015(com.google.android.gms) expire 2 lines
08-10 14:03:54.402  3163  4002 I chatty  : uid=10015(com.google.android.gms) Thread-16 expire 5 lines
08-10 14:03:54.434  2175  2390 I chatty  : uid=10029(com.android.systemui) PhoneStatusBar expire 18 lines
08-10 14:03:54.435  2280  2280 I chatty  : uid=1001(radio) com.android.phone expire 12 lines
08-10 14:03:54.438  3207  3207 D QC_RIL_OEM_HOOK: Received Broadcast Intent ACTION_UNSOL_RESPONSE_OEM_HOOK_RAW
08-10 14:03:54.439  3207  3207 D QC_RIL_OEM_HOOK: Oem ID in QCRILHOOK UNSOL RESP is QOEMHOOK
08-10 14:04:01.768  2175  2175 I chatty  : uid=10029(com.android.systemui) expire 13 lines
08-10 14:04:01.769  2567  2567 I wpa_supplicant: wlan0: CTRL-EVENT-AVOID-FREQ ranges=5180-5320,5500-5640
08-10 14:04:01.770  2119  2119 I DownloadManagerWrapper: onReceive() : Charging = true
08-10 14:04:07.793  2119  2119 I DownloadManagerWrapper: onReceive() : Charging = true
08-10 14:04:09.565  1381  6428 I chatty  : uid=1000(system) Binder:1381_F expire 15 lines
08-10 14:04:11.790  3207  3207 D QC_RIL_OEM_HOOK: Received Broadcast Intent ACTION_UNSOL_RESPONSE_OEM_HOOK_RAW
08-10 14:04:11.790  3207  3207 D QC_RIL_OEM_HOOK: Oem ID in QCRILHOOK UNSOL RESP is QOEMHOOK
08-10 14:04:19.792  2119  2119 I DownloadManagerWrapper: onReceive() : Charging = true
08-10 14:04:20.890  2175  2390 I chatty  : uid=10029(com.android.systemui) PhoneStatusBar expire 10 lines
08-10 14:04:28.931   814   975 I ThermalEngine: Monitor : quiet_therm = 30, msm_therm = 30, ufs_therm = -40, battery_therm = 290,current_now = -461000
08-10 14:04:30.020   868   868 I chatty  : uid=1000(system) /system/bin/dpmd expire 10 lines
08-10 14:04:31.237   874  2562 I LOWI-8.1.1.0.c: [LOWI-Scan] lowi_close_record:Scan completed in 95616606ms and Recieved 15 APs scan results
08-10 14:04:31.301  1381  2045 I chatty  : uid=1000(system) WifiStateMachin expire 11 lines
08-10 14:04:31.796  2119  2119 I DownloadManagerWrapper: onReceive() : Charging = true
08-10 14:04:36.309  1381  2049 I chatty  : uid=1000(system) WifiScanningSer expire 16 lines
08-10 14:04:36.574  2175  2390 I chatty  : uid=10029(com.android.systemui) PhoneStatusBar expire 14 lines
08-10 14:04:43.811  2119  2119 I DownloadManagerWrapper: onReceive() : Charging = true
08-10 14:04:55.821  2119  2119 I DownloadManagerWrapper: onReceive() : Charging = true
08-10 14:05:07.865  2119  2119 I DownloadManagerWrapper: onReceive() : Charging = true
08-10 14:05:13.795  2119  2119 I DownloadManagerWrapper: onReceive() : Charging = true
08-10 14:05:15.061  1381  2561 I chatty  : uid=1000(system) Thread-7 expire 10 lines
08-10 14:05:16.355   874  2562 I LOWI-8.1.1.0.c: [LOWI-Scan] lowi_close_record:Scan completed in 95661725ms and Recieved 16 APs scan results
08-10 14:05:16.380   868   868 I chatty  : uid=1000(system) /system/bin/dpmd expire 10 lines
08-10 14:05:16.382  1381  2045 I chatty  : uid=1000(system) WifiStateMachin expire 11 lines
08-10 14:05:25.851  2175  2390 I chatty  : uid=10029(com.android.systemui) PhoneStatusBar expire 12 lines
08-10 14:05:28.597  1381  1381 I chatty  : uid=1000 system_server expire 12 lines
08-10 14:05:28.721  3163 19606 I chatty  : uid=10015(com.google.android.gms) expire 2 lines
08-10 14:05:28.731  1381  1417 I chatty  : uid=1000(system) Binder:1381_2 expire 21 lines
08-10 14:05:28.746  1381  2916 I chatty  : uid=1000(system) Binder:1381_9 expire 12 lines
08-10 14:05:28.917  3163  3999 I chatty  : uid=10015(com.google.android.gms) Thread-14 expire 5 lines
08-10 14:05:28.929  3207  3207 D QC_RIL_OEM_HOOK: Received Broadcast Intent ACTION_UNSOL_RESPONSE_OEM_HOOK_RAW
08-10 14:05:28.929  3207  3207 D QC_RIL_OEM_HOOK: Oem ID in QCRILHOOK UNSOL RESP is QOEMHOOK
08-10 14:05:28.935  2280  2280 I chatty  : uid=1001(radio) com.android.phone expire 11 lines
08-10 14:05:28.966   814   975 I ThermalEngine: Monitor : quiet_therm = 30, msm_therm = 30, ufs_therm = -40, battery_therm = 290,current_now = -442000
08-10 14:05:31.770  2119  2119 I DownloadManagerWrapper: onReceive() : Charging = true
08-10 14:05:37.787  2119  2119 I DownloadManagerWrapper: onReceive() : Charging = true
08-10 14:05:43.798  2119  2119 I DownloadManagerWrapper: onReceive() : Charging = true
08-10 14:05:43.801  3192  3192 I chatty  : uid=1000(system) com.oneplus.opbackup expire 10 lines
08-10 14:05:47.814  3207  3207 D QC_RIL_OEM_HOOK: Received Broadcast Intent ACTION_UNSOL_RESPONSE_OEM_HOOK_RAW
08-10 14:05:47.814  3207  3207 D QC_RIL_OEM_HOOK: Oem ID in QCRILHOOK UNSOL RESP is QOEMHOOK
08-10 14:05:47.831  2175  2390 I chatty  : uid=10029(com.android.systemui) PhoneStatusBar expire 22 lines
08-10 14:05:49.797  2119  2119 I DownloadManagerWrapper: onReceive() : Charging = true
08-10 14:05:52.057  2567  2567 I wpa_supplicant: wlan0: CTRL-EVENT-AVOID-FREQ ranges=5500-5640
08-10 14:05:52.299  2119  2119 I DownloadManagerWrapper: onReceive() : Charging = true
08-10 14:05:54.841  1381  1416 I chatty  : uid=1000(system) Binder:1381_1 expire 12 lines
08-10 14:05:54.876  2463  2463 I chatty  : uid=1001(radio) com.qualcomm.qcrilmsgtunnel expire 10 lines
08-10 14:05:54.877  2280  2280 I chatty  : uid=1001(radio) com.android.phone expire 12 lines
08-10 14:05:54.878  3207  3207 D QC_RIL_OEM_HOOK: Received Broadcast Intent ACTION_UNSOL_RESPONSE_OEM_HOOK_RAW
08-10 14:05:54.878  3207  3207 D QC_RIL_OEM_HOOK: Oem ID in QCRILHOOK UNSOL RESP is QOEMHOOK
08-10 14:05:54.881  3503  3503 I chatty  : uid=1000(system) cn.oneplus.nvbackup expire 10 lines
08-10 14:05:55.780  2175  2175 I chatty  : uid=10029(com.android.systemui) expire 14 lines
08-10 14:05:55.781  2119  2119 I DownloadManagerWrapper: onReceive() : Charging = true
08-10 14:06:00.470  2567  2567 I wpa_supplicant: wlan0: CTRL-EVENT-AVOID-FREQ ranges=5180-5320,5500-5640
08-10 14:06:01.247   874  2562 I LOWI-8.1.1.0.c: [LOWI-Scan] lowi_close_record:Scan completed in 95706617ms and Recieved 15 APs scan results
08-10 14:06:01.297   868   868 I chatty  : uid=1000(system) /system/bin/dpmd expire 10 lines
08-10 14:06:01.298  1381  2045 I chatty  : uid=1000(system) WifiStateMachin expire 11 lines
08-10 14:06:01.783  2119  2119 I DownloadManagerWrapper: onReceive() : Charging = true
08-10 14:06:03.975  2175  2390 I chatty  : uid=10029(com.android.systemui) PhoneStatusBar expire 17 lines
08-10 14:06:04.964  1381  2395 I chatty  : uid=1000(system) Binder:1381_6 expire 18 lines
08-10 14:06:07.786  2119  2119 I DownloadManagerWrapper: onReceive() : Charging = true
08-10 14:06:13.782  2610  2610 D WidgetViewService: ------BatteryReceiver------power=83
08-10 14:06:13.785  2119  2119 I DownloadManagerWrapper: onReceive() : Charging = true
08-10 14:06:13.803  3207  3207 D QC_RIL_OEM_HOOK: Received Broadcast Intent ACTION_UNSOL_RESPONSE_OEM_HOOK_RAW
08-10 14:06:13.803  3207  3207 D QC_RIL_OEM_HOOK: Oem ID in QCRILHOOK UNSOL RESP is QOEMHOOK
08-10 14:06:14.028  2119  2119 I DownloadManagerWrapper: onReceive() : Charging = true
08-10 14:06:14.795  2610  2610 D WidgetViewService: --------updateRemoteViews widgetDataItems={1=WidgetData [type=1, value=98, units=%], 0=WidgetData [type=0, value=1,71, units=MB], 2=WidgetData [type=2, value=83, units=%]}
08-10 14:06:16.700  2567  2567 I wpa_supplicant: wlan0: CTRL-EVENT-AVOID-FREQ ranges=5500-5640
08-10 14:06:18.011  2175  2390 I chatty  : uid=10029(com.android.systemui) PhoneStatusBar expire 10 lines
08-10 14:06:19.803  2119  2119 I DownloadManagerWrapper: onReceive() : Charging = true
08-10 14:06:25.802  2119  2119 I DownloadManagerWrapper: onReceive() : Charging = true
08-10 14:06:28.822  3163 19694 I chatty  : uid=10015(com.google.android.gms) expire 2 lines
08-10 14:06:28.855  1381  2934 I chatty  : uid=1000(system) Binder:1381_A expire 18 lines
08-10 14:06:28.992   814   975 I ThermalEngine: Monitor : quiet_therm = 30, msm_therm = 31, ufs_therm = -40, battery_therm = 290,current_now = -443000
08-10 14:06:29.077  3163  4005 I chatty  : uid=10015(com.google.android.gms) Thread-18 expire 4 lines
08-10 14:06:29.109  3207  3207 D QC_RIL_OEM_HOOK: Received Broadcast Intent ACTION_UNSOL_RESPONSE_OEM_HOOK_RAW
08-10 14:06:29.109  3207  3207 D QC_RIL_OEM_HOOK: Oem ID in QCRILHOOK UNSOL RESP is QOEMHOOK
08-10 14:06:29.109  2280  2280 I chatty  : uid=1001(radio) com.android.phone expire 12 lines
08-10 14:06:29.114  2175  2390 I chatty  : uid=10029(com.android.systemui) PhoneStatusBar expire 14 lines
08-10 14:06:31.813  3192  3192 I chatty  : uid=1000(system) com.oneplus.opbackup expire 11 lines
08-10 14:06:31.821  2119  2119 I DownloadManagerWrapper: onReceive() : Charging = true
08-10 14:06:36.721  2567  2567 I wpa_supplicant: wlan0: CTRL-EVENT-AVOID-FREQ ranges=5180-5320,5500-5640
08-10 14:06:37.777  2119  2119 I DownloadManagerWrapper: onReceive() : Charging = true
08-10 14:06:43.808  2119  2119 I DownloadManagerWrapper: onReceive() : Charging = true
08-10 14:06:46.383   874  2562 I LOWI-8.1.1.0.c: [LOWI-Scan] lowi_close_record:Scan completed in 95751753ms and Recieved 16 APs scan results
08-10 14:06:46.437  1381  2045 I chatty  : uid=1000(system) WifiStateMachin expire 11 lines
08-10 14:06:47.914  3207  3207 D QC_RIL_OEM_HOOK: Received Broadcast Intent ACTION_UNSOL_RESPONSE_OEM_HOOK_RAW
08-10 14:06:47.914  3207  3207 D QC_RIL_OEM_HOOK: Oem ID in QCRILHOOK UNSOL RESP is QOEMHOOK
08-10 14:06:47.932  2175  2390 I chatty  : uid=10029(com.android.systemui) PhoneStatusBar expire 14 lines
08-10 14:06:50.621  1381  2561 I chatty  : uid=1000(system) Thread-7 expire 12 lines
08-10 14:06:50.621  2567  2567 I wpa_supplicant: wlan0: CTRL-EVENT-AVOID-FREQ ranges=5500-5640
08-10 14:06:54.575  1381  2393 I chatty  : uid=1000(system) Binder:1381_5 expire 12 lines
08-10 14:06:54.824  3207  3207 D QC_RIL_OEM_HOOK: Received Broadcast Intent ACTION_UNSOL_RESPONSE_OEM_HOOK_RAW
08-10 14:06:54.824  3207  3207 D QC_RIL_OEM_HOOK: Oem ID in QCRILHOOK UNSOL RESP is QOEMHOOK
08-10 14:06:54.825  2280  2280 I chatty  : uid=1001(radio) com.android.phone expire 13 lines
08-10 14:06:55.807  2119  2119 I DownloadManagerWrapper: onReceive() : Charging = true
08-10 14:07:00.636  2567  2567 I wpa_supplicant: wlan0: CTRL-EVENT-AVOID-FREQ ranges=5180-5320,5500-5640
08-10 14:07:05.211  1381  8158 I chatty  : uid=1000(system) Binder:1381_12 expire 12 lines
08-10 14:07:07.794  2119  2119 I DownloadManagerWrapper: onReceive() : Charging = true
08-10 14:07:13.785  2119  2119 I DownloadManagerWrapper: onReceive() : Charging = true
08-10 14:07:13.826  3207  3207 D QC_RIL_OEM_HOOK: Received Broadcast Intent ACTION_UNSOL_RESPONSE_OEM_HOOK_RAW
08-10 14:07:13.826  3207  3207 D QC_RIL_OEM_HOOK: Oem ID in QCRILHOOK UNSOL RESP is QOEMHOOK
08-10 14:07:13.826  3503  3503 I chatty  : uid=1000(system) cn.oneplus.nvbackup expire 10 lines
08-10 14:07:16.575  2175  2390 I chatty  : uid=10029(com.android.systemui) PhoneStatusBar expire 11 lines
08-10 14:07:19.751  2175  2175 I chatty  : uid=10029(com.android.systemui) expire 11 lines
08-10 14:07:19.755  2119  2119 I DownloadManagerWrapper: onReceive() : Charging = true
08-10 14:07:25.799  2119  2119 I DownloadManagerWrapper: onReceive() : Charging = true
08-10 14:07:28.770  1381  2029 I chatty  : uid=1000(system) AlarmManager expire 3 lines
08-10 14:07:28.777  1381  1435 I chatty  : uid=1000(system) ActivityManager expire 15 lines
08-10 14:07:28.807 11267 19777 I ConfigUpdater: Update started
08-10 14:07:28.826  3052  7554 V DownloadManager: Deleting /data/data/com.android.providers.downloads/cache/07252017-sms-blacklist.metadata.txt via provider delete
08-10 14:07:28.847  5347 19773 W LocationOracle: getBestLocation(): no location is available
08-10 14:07:28.856  5347 19773 W Search.SearchUrlHelper: Auth token not ready, no auth header set.
08-10 14:07:28.932  3052 19788 D DownloadManager: [201] Starting
08-10 14:07:28.937  3163 19789 I chatty  : uid=10015(com.google.android.gms) expire 2 lines
08-10 14:07:28.950  3052 19788 D NetworkSecurityConfig: No Network Security Config specified, using platform default
08-10 14:07:28.951  3052 19788 I DpmTcmClient: RegisterTcmMonitor from: com.android.okhttp.TcmIdleTimerMonitor
08-10 14:07:29.025   814   975 I ThermalEngine: Monitor : quiet_therm = 30, msm_therm = 30, ufs_therm = -40, battery_therm = 290,current_now = -408000
08-10 14:07:29.088  3207  3207 D QC_RIL_OEM_HOOK: Received Broadcast Intent ACTION_UNSOL_RESPONSE_OEM_HOOK_RAW
08-10 14:07:29.088  3207  3207 D QC_RIL_OEM_HOOK: Oem ID in QCRILHOOK UNSOL RESP is QOEMHOOK
08-10 14:07:29.094  2280  2280 I chatty  : uid=1001(radio) com.android.phone expire 12 lines
08-10 14:07:29.193  3052 19788 D DownloadManager: [201] Finished with status SUCCESS
08-10 14:07:29.243 11267 11267 I ConfigUpdater: Download failed, retrying...
08-10 14:07:29.876  5347 19774 I BlobLobber: Received new velour config
08-10 14:07:29.883  5347 19774 I BlobLobber: Canceling downloads: []
08-10 14:07:29.945  3163  3497 I chatty  : uid=10015(com.google.android.gms) lowpool[3] expire 2 lines
08-10 14:07:30.204   868   868 I chatty  : uid=1000(system) /system/bin/dpmd expire 11 lines
08-10 14:07:31.373   874  2562 I LOWI-8.1.1.0.c: [LOWI-Scan] lowi_close_record:Scan completed in 95796742ms and Recieved 14 APs scan results
08-10 14:07:31.414  1381  2045 I chatty  : uid=1000(system) WifiStateMachin expire 11 lines
08-10 14:07:31.775  2119  2119 I DownloadManagerWrapper: onReceive() : Charging = true
08-10 14:07:34.892  2175  2390 I chatty  : uid=10029(com.android.systemui) PhoneStatusBar expire 14 lines
08-10 14:07:37.771  2119  2119 I DownloadManagerWrapper: onReceive() : Charging = true
08-10 14:07:43.801  2119  2119 I DownloadManagerWrapper: onReceive() : Charging = true
08-10 14:07:47.817  3207  3207 D QC_RIL_OEM_HOOK: Received Broadcast Intent ACTION_UNSOL_RESPONSE_OEM_HOOK_RAW
08-10 14:07:47.817  3207  3207 D QC_RIL_OEM_HOOK: Oem ID in QCRILHOOK UNSOL RESP is QOEMHOOK
08-10 14:07:49.792  2119  2119 I DownloadManagerWrapper: onReceive() : Charging = true
08-10 14:07:49.805  3192  3192 I chatty  : uid=1000(system) com.oneplus.opbackup expire 10 lines
08-10 14:07:53.046  2175  2390 I chatty  : uid=10029(com.android.systemui) PhoneStatusBar expire 12 lines
08-10 14:07:55.120  1381  6426 I chatty  : uid=1000(system) Binder:1381_E expire 15 lines
08-10 14:07:56.870  2567  2567 I wpa_supplicant: wlan0: CTRL-EVENT-AVOID-FREQ ranges=5500-5640
08-10 14:08:01.805  2119  2119 I DownloadManagerWrapper: onReceive() : Charging = true
08-10 14:08:07.783  2119  2119 I DownloadManagerWrapper: onReceive() : Charging = true
08-10 14:08:08.560  2175  2390 I chatty  : uid=10029(com.android.systemui) PhoneStatusBar expire 15 lines
08-10 14:08:13.685  2119  2119 I DownloadManagerWrapper: onReceive() : Charging = true
08-10 14:08:15.222   868   868 I chatty  : uid=1000(system) /system/bin/dpmd expire 12 lines
08-10 14:08:16.461   874  2562 I LOWI-8.1.1.0.c: [LOWI-Scan] lowi_close_record:Scan completed in 95841830ms and Recieved 14 APs scan results
08-10 14:08:16.533  1381  2045 I chatty  : uid=1000(system) WifiStateMachin expire 11 lines
08-10 14:08:19.794  2119  2119 I DownloadManagerWrapper: onReceive() : Charging = true
08-10 14:08:19.930  2175  2390 I chatty  : uid=10029(com.android.systemui) PhoneStatusBar expire 12 lines
08-10 14:08:25.807  2119  2119 I DownloadManagerWrapper: onReceive() : Charging = true
08-10 14:08:29.004  3163 19840 I chatty  : uid=10015(com.google.android.gms) expire 2 lines
08-10 14:08:29.061   814   975 I ThermalEngine: Monitor : quiet_therm = 30, msm_therm = 30, ufs_therm = -40, battery_therm = 291,current_now = -443000
08-10 14:08:29.211  3207  3207 D QC_RIL_OEM_HOOK: Received Broadcast Intent ACTION_UNSOL_RESPONSE_OEM_HOOK_RAW
08-10 14:08:29.213  2280  2280 I chatty  : uid=1001(radio) com.android.phone expire 12 lines
08-10 14:08:29.213  3207  3207 D QC_RIL_OEM_HOOK: Oem ID in QCRILHOOK UNSOL RESP is QOEMHOOK
08-10 14:08:31.779  2175  2175 I chatty  : uid=10029(com.android.systemui) expire 11 lines
08-10 14:08:31.780  2119  2119 I DownloadManagerWrapper: onReceive() : Charging = true
08-10 14:08:37.453  2175  2390 I chatty  : uid=10029(com.android.systemui) PhoneStatusBar expire 13 lines
08-10 14:08:37.779  2119  2119 I DownloadManagerWrapper: onReceive() : Charging = true
08-10 14:08:41.918  2567  2567 I wpa_supplicant: wlan0: CTRL-EVENT-AVOID-FREQ ranges=5180-5320,5500-5640
08-10 14:08:43.797  2119  2119 I DownloadManagerWrapper: onReceive() : Charging = true
08-10 14:08:47.913  3207  3207 D QC_RIL_OEM_HOOK: Received Broadcast Intent ACTION_UNSOL_RESPONSE_OEM_HOOK_RAW
08-10 14:08:47.913  3207  3207 D QC_RIL_OEM_HOOK: Oem ID in QCRILHOOK UNSOL RESP is QOEMHOOK
08-10 14:08:49.789  2119  2119 I DownloadManagerWrapper: onReceive() : Charging = true
08-10 14:08:53.854  2175  2390 I chatty  : uid=10029(com.android.systemui) PhoneStatusBar expire 14 lines
08-10 14:08:55.792  2119  2119 I DownloadManagerWrapper: onReceive() : Charging = true
08-10 14:08:55.792  3192  3192 I chatty  : uid=1000(system) com.oneplus.opbackup expire 10 lines
08-10 14:09:00.251  1381  2049 I chatty  : uid=1000(system) WifiScanningSer expire 11 lines
08-10 14:09:01.533   874  2562 I LOWI-8.1.1.0.c: [LOWI-Scan] lowi_close_record:Scan completed in 95886902ms and Recieved 15 APs scan results
08-10 14:09:01.575   868   868 I chatty  : uid=1000(system) /system/bin/dpmd expire 10 lines
08-10 14:09:01.576  1381  2045 I chatty  : uid=1000(system) WifiStateMachin expire 11 lines
08-10 14:09:01.793  2119  2119 I DownloadManagerWrapper: onReceive() : Charging = true
08-10 14:09:07.776  2119  2119 I DownloadManagerWrapper: onReceive() : Charging = true
08-10 14:09:09.530  2175  2390 I chatty  : uid=10029(com.android.systemui) PhoneStatusBar expire 12 lines
08-10 14:09:13.793  2119  2119 I DownloadManagerWrapper: onReceive() : Charging = true
08-10 14:09:25.739  2119  2119 I DownloadManagerWrapper: onReceive() : Charging = true
08-10 14:09:29.027  3163 19883 I chatty  : uid=10015(com.google.android.gms) expire 1 line
08-10 14:09:29.036  1381  6428 I chatty  : uid=1000(system) Binder:1381_F expire 12 lines
08-10 14:09:29.048  1381  3400 I chatty  : uid=1000(system) Binder:1381_D expire 12 lines
08-10 14:09:29.090   814   975 I ThermalEngine: Monitor : quiet_therm = 30, msm_therm = 30, ufs_therm = -40, battery_therm = 290,current_now = -331000
08-10 14:09:29.092  1381  2396 I chatty  : uid=1000(system) Binder:1381_7 expire 15 lines
08-10 14:09:29.153  3163 19890 I chatty  : uid=10015(com.google.android.gms) expire 2 lines
08-10 14:09:29.355  2463  2463 I chatty  : uid=1001(radio) com.qualcomm.qcrilmsgtunnel expire 1 line
08-10 14:09:29.356  2280  2280 I chatty  : uid=1001(radio) com.android.phone expire 8 lines
08-10 14:09:29.359  2175  2390 I chatty  : uid=10029(com.android.systemui) PhoneStatusBar expire 21 lines
08-10 14:09:29.359  3207  3207 D QC_RIL_OEM_HOOK: Received Broadcast Intent ACTION_UNSOL_RESPONSE_OEM_HOOK_RAW
08-10 14:09:29.359  3207  3207 D QC_RIL_OEM_HOOK: Oem ID in QCRILHOOK UNSOL RESP is QOEMHOOK
08-10 14:09:29.359  3503  3503 I chatty  : uid=1000(system) cn.oneplus.nvbackup expire 10 lines
08-10 14:09:31.852  2119  2119 I DownloadManagerWrapper: onReceive() : Charging = true
08-10 14:09:37.876  2119  2119 I DownloadManagerWrapper: onReceive() : Charging = true
08-10 14:09:43.891  2175  2175 I chatty  : uid=10029(com.android.systemui) expire 17 lines
08-10 14:09:43.897  2119  2119 I DownloadManagerWrapper: onReceive() : Charging = true
08-10 14:09:46.661   874  2562 I LOWI-8.1.1.0.c: [LOWI-Scan] lowi_close_record:Scan completed in 95932031ms and Recieved 13 APs scan results
08-10 14:09:46.725  1381  2045 I chatty  : uid=1000(system) WifiStateMachin expire 11 lines
08-10 14:09:48.055  2463  2463 I chatty  : uid=1001(radio) com.qualcomm.qcrilmsgtunnel expire 1 line
08-10 14:09:48.065  2280  2280 I chatty  : uid=1001(radio) com.android.phone expire 3 lines
08-10 14:09:48.065  3207  3207 D QC_RIL_OEM_HOOK: Received Broadcast Intent ACTION_UNSOL_RESPONSE_OEM_HOOK_RAW
08-10 14:09:48.066  3207  3207 D QC_RIL_OEM_HOOK: Oem ID in QCRILHOOK UNSOL RESP is QOEMHOOK
08-10 14:09:48.072  2175  2390 I chatty  : uid=10029(com.android.systemui) PhoneStatusBar expire 15 lines
08-10 14:09:49.792  2119  2119 I DownloadManagerWrapper: onReceive() : Charging = true
08-10 14:09:50.790  1381  2561 I chatty  : uid=1000(system) Thread-7 expire 15 lines
08-10 14:09:50.790  2567  2567 I wpa_supplicant: wlan0: CTRL-EVENT-AVOID-FREQ ranges=5500-5640
08-10 14:09:54.633  1381  2935 I chatty  : uid=1000(system) Binder:1381_B expire 18 lines
08-10 14:10:07.794  2119  2119 I DownloadManagerWrapper: onReceive() : Charging = true
08-10 14:10:12.570  2175  2390 I chatty  : uid=10029(com.android.systemui) PhoneStatusBar expire 10 lines
08-10 14:10:22.061  3192  3192 I chatty  : uid=1000(system) com.oneplus.opbackup expire 10 lines
08-10 14:10:22.063  2119  2119 I DownloadManagerWrapper: onReceive() : Charging = true
08-10 14:10:25.773  2610  2610 D WidgetViewService: ------BatteryReceiver------power=84
08-10 14:10:25.776  2119  2119 I DownloadManagerWrapper: onReceive() : Charging = true
08-10 14:10:26.790  2610  2610 D WidgetViewService: --------updateRemoteViews widgetDataItems={1=WidgetData [type=1, value=98, units=%], 0=WidgetData [type=0, value=1,71, units=MB], 2=WidgetData [type=2, value=84, units=%]}
08-10 14:10:29.068  1381  1435 I chatty  : uid=1000(system) ActivityManager expire 12 lines
08-10 14:10:29.126   814   975 I ThermalEngine: Monitor : quiet_therm = 30, msm_therm = 30, ufs_therm = -40, battery_therm = 291,current_now = -461000
08-10 14:10:29.217  3163 19938 I chatty  : uid=10015(com.google.android.gms) expire 2 lines
08-10 14:10:29.432  2463  2463 I chatty  : uid=1001(radio) com.qualcomm.qcrilmsgtunnel expire 1 line
08-10 14:10:29.435  3207  3207 D QC_RIL_OEM_HOOK: Received Broadcast Intent ACTION_UNSOL_RESPONSE_OEM_HOOK_RAW
08-10 14:10:29.435  3207  3207 D QC_RIL_OEM_HOOK: Oem ID in QCRILHOOK UNSOL RESP is QOEMHOOK
08-10 14:10:29.438  2280  2280 I chatty  : uid=1001(radio) com.android.phone expire 7 lines
08-10 14:10:29.439  2175  2390 I chatty  : uid=10029(com.android.systemui) PhoneStatusBar expire 11 lines
08-10 14:10:30.316   868   868 I chatty  : uid=1000(system) /system/bin/dpmd expire 11 lines
08-10 14:10:30.639  2567  2567 I wpa_supplicant: wlan0: CTRL-EVENT-AVOID-FREQ ranges=5180-5320,5500-5640
08-10 14:10:31.510   874  2562 I LOWI-8.1.1.0.c: [LOWI-Scan] lowi_close_record:Scan completed in 95976880ms and Recieved 13 APs scan results
08-10 14:10:31.582  1381  2045 I chatty  : uid=1000(system) WifiStateMachin expire 11 lines
08-10 14:10:31.802  2119  2119 I DownloadManagerWrapper: onReceive() : Charging = true
08-10 14:10:37.767  2119  2119 I DownloadManagerWrapper: onReceive() : Charging = true
08-10 14:10:39.520  1381  2934 I chatty  : uid=1000(system) Binder:1381_A expire 12 lines
08-10 14:10:43.784  2119  2119 I DownloadManagerWrapper: onReceive() : Charging = true
08-10 14:10:44.584  1381  2952 I chatty  : uid=1000(system) Binder:1381_C expire 12 lines
08-10 14:10:47.890  2463  2463 I chatty  : uid=1001(radio) com.qualcomm.qcrilmsgtunnel expire 1 line
08-10 14:10:47.895  2280  2280 I chatty  : uid=1001(radio) com.android.phone expire 2 lines
08-10 14:10:47.896  2280  2280 D QC_RIL_OEM_HOOK: Oem ID in QCRILHOOK UNSOL RESP is QOEMHOOK
08-10 14:10:47.896  2280  2280 D QC_RIL_OEM_HOOK: Received Broadcast Intent ACTION_UNSOL_RESPONSE_OEM_HOOK_RAW
08-10 14:10:47.896  3207  3207 D QC_RIL_OEM_HOOK: Received Broadcast Intent ACTION_UNSOL_RESPONSE_OEM_HOOK_RAW
08-10 14:10:47.896  2280  2280 D QC_RIL_OEM_HOOK: Oem ID in QCRILHOOK UNSOL RESP is QOEMHOOK
08-10 14:10:47.896  3207  3207 D QC_RIL_OEM_HOOK: Oem ID in QCRILHOOK UNSOL RESP is QOEMHOOK
08-10 14:10:47.908  2175  2390 I chatty  : uid=10029(com.android.systemui) PhoneStatusBar expire 18 lines
08-10 14:10:48.335  2119  2119 I DownloadManagerWrapper: onReceive() : Charging = true
08-10 14:10:49.804  2119  2119 I DownloadManagerWrapper: onReceive() : Charging = true
08-10 14:10:53.944  1381  2642 I chatty  : uid=1000(system) Binder:1381_8 expire 22 lines
08-10 14:10:54.737  1381  2395 I chatty  : uid=1000(system) Binder:1381_6 expire 15 lines
08-10 14:10:55.801  2119  2119 I DownloadManagerWrapper: onReceive() : Charging = true
08-10 14:10:57.032  2567  2567 I wpa_supplicant: wlan0: CTRL-EVENT-AVOID-FREQ ranges=5500-5640
08-10 14:11:07.782  2119  2119 I DownloadManagerWrapper: onReceive() : Charging = true
08-10 14:11:13.792  2119  2119 I DownloadManagerWrapper: onReceive() : Charging = true
08-10 14:11:16.491   874  2562 I LOWI-8.1.1.0.c: [LOWI-Scan] lowi_close_record:Scan completed in 96021861ms and Recieved 13 APs scan results
08-10 14:11:16.569   868   868 I chatty  : uid=1000(system) /system/bin/dpmd expire 10 lines
08-10 14:11:16.572  1381  2045 I chatty  : uid=1000(system) WifiStateMachin expire 11 lines
08-10 14:11:17.851  2175  2390 I chatty  : uid=10029(com.android.systemui) PhoneStatusBar expire 12 lines
08-10 14:11:19.781  2119  2119 I DownloadManagerWrapper: onReceive() : Charging = true
08-10 14:11:19.782  3192  3192 I chatty  : uid=1000(system) com.oneplus.opbackup expire 10 lines
08-10 14:11:21.585  1381  2049 I chatty  : uid=1000(system) WifiScanningSer expire 12 lines
08-10 14:11:24.071  2816  2825 I chatty  : uid=10015(com.google.android.gms) FinalizerDaemon expire 1 line
08-10 14:11:25.786  2119  2119 I DownloadManagerWrapper: onReceive() : Charging = true
08-10 14:11:29.170   814   975 I ThermalEngine: Monitor : quiet_therm = 30, msm_therm = 30, ufs_therm = -40, battery_therm = 290,current_now = -461000
08-10 14:11:29.649  2463  2463 D QcrilMsgTunnelIfaceManager: handleMessage what = 0
08-10 14:11:29.652  2280  2280 D QC_RIL_OEM_HOOK: Received Broadcast Intent ACTION_UNSOL_RESPONSE_OEM_HOOK_RAW
08-10 14:11:29.652  2280  2280 D QC_RIL_OEM_HOOK: Oem ID in QCRILHOOK UNSOL RESP is QOEMHOOK
08-10 14:11:29.652  2280  2280 D QC_RIL_OEM_HOOK: Received Broadcast Intent ACTION_UNSOL_RESPONSE_OEM_HOOK_RAW
08-10 14:11:29.653  2280  2280 D QC_RIL_OEM_HOOK: Oem ID in QCRILHOOK UNSOL RESP is QOEMHOOK
08-10 14:11:29.653  3207  3207 D QC_RIL_OEM_HOOK: Received Broadcast Intent ACTION_UNSOL_RESPONSE_OEM_HOOK_RAW
08-10 14:11:29.653  3207  3207 D QC_RIL_OEM_HOOK: Oem ID in QCRILHOOK UNSOL RESP is QOEMHOOK
08-10 14:11:29.653  2280  2280 D QC_RIL_OEM_HOOK: Received Broadcast Intent ACTION_UNSOL_RESPONSE_OEM_HOOK_RAW
08-10 14:11:29.654  2280  2280 D QC_RIL_OEM_HOOK: Oem ID in QCRILHOOK UNSOL RESP is QOEMHOOK
08-10 14:11:29.668  2175  2390 I chatty  : uid=10029(com.android.systemui) PhoneStatusBar expire 27 lines
08-10 14:11:31.794  2119  2119 I DownloadManagerWrapper: onReceive() : Charging = true
08-10 14:11:31.972  2567  2567 I wpa_supplicant: wlan0: CTRL-EVENT-AVOID-FREQ ranges=5180-5320,5500-5640
08-10 14:11:37.793  2119  2119 I DownloadManagerWrapper: onReceive() : Charging = true
08-10 14:11:37.795  2175  2175 I chatty  : uid=10029(com.android.systemui) expire 16 lines
08-10 14:11:43.797  2119  2119 I DownloadManagerWrapper: onReceive() : Charging = true
08-10 14:11:47.783  2463  2463 D QcrilMsgTunnelIfaceManager: handleMessage what = 0
08-10 14:11:47.788  2280  2280 D QC_RIL_OEM_HOOK: Received Broadcast Intent ACTION_UNSOL_RESPONSE_OEM_HOOK_RAW
08-10 14:11:47.788  2280  2280 D QC_RIL_OEM_HOOK: Oem ID in QCRILHOOK UNSOL RESP is QOEMHOOK
08-10 14:11:47.788  2280  2280 D QC_RIL_OEM_HOOK: Received Broadcast Intent ACTION_UNSOL_RESPONSE_OEM_HOOK_RAW
08-10 14:11:47.789  2280  2280 D QC_RIL_OEM_HOOK: Oem ID in QCRILHOOK UNSOL RESP is QOEMHOOK
08-10 14:11:47.789  2280  2280 D QC_RIL_OEM_HOOK: Received Broadcast Intent ACTION_UNSOL_RESPONSE_OEM_HOOK_RAW
08-10 14:11:47.789  2280  2280 D QC_RIL_OEM_HOOK: Oem ID in QCRILHOOK UNSOL RESP is QOEMHOOK
08-10 14:11:47.790  3207  3207 D QC_RIL_OEM_HOOK: Received Broadcast Intent ACTION_UNSOL_RESPONSE_OEM_HOOK_RAW
08-10 14:11:47.790  3207  3207 D QC_RIL_OEM_HOOK: Oem ID in QCRILHOOK UNSOL RESP is QOEMHOOK
08-10 14:11:47.793  3503  3503 I chatty  : uid=1000(system) cn.oneplus.nvbackup expire 10 lines
08-10 14:11:49.788  2119  2119 I DownloadManagerWrapper: onReceive() : Charging = true
08-10 14:11:52.060  2567  2567 I wpa_supplicant: wlan0: CTRL-EVENT-AVOID-FREQ ranges=5500-5640
08-10 14:12:01.538   874  2562 I LOWI-8.1.1.0.c: [LOWI-Scan] lowi_close_record:Scan completed in 96066908ms and Recieved 9 APs scan results
08-10 14:12:01.627   868   868 I chatty  : uid=1000(system) /system/bin/dpmd expire 10 lines
08-10 14:12:01.630  1381  2045 I chatty  : uid=1000(system) WifiStateMachin expire 11 lines
08-10 14:12:01.783  2119  2119 I DownloadManagerWrapper: onReceive() : Charging = true
08-10 14:12:02.970  2175  2390 I chatty  : uid=10029(com.android.systemui) PhoneStatusBar expire 12 lines
08-10 14:12:07.778  2119  2119 I DownloadManagerWrapper: onReceive() : Charging = true
08-10 14:12:13.807  2119  2119 I DownloadManagerWrapper: onReceive() : Charging = true
08-10 14:12:16.410  2175  2390 I chatty  : uid=10029(com.android.systemui) PhoneStatusBar expire 12 lines
08-10 14:12:24.050  1381  2393 I chatty  : uid=1000(system) Binder:1381_5 expire 12 lines
08-10 14:12:24.130  3163 20064 I chatty  : uid=10015(com.google.android.gms) expire 2 lines
08-10 14:12:24.156  1381  1416 I chatty  : uid=1000(system) Binder:1381_1 expire 12 lines
08-10 14:12:24.353  2463  2463 D QcrilMsgTunnelIfaceManager: handleMessage what = 0
08-10 14:12:24.359  2280  2280 D QC_RIL_OEM_HOOK: Received Broadcast Intent ACTION_UNSOL_RESPONSE_OEM_HOOK_RAW
08-10 14:12:24.359  2280  2280 D QC_RIL_OEM_HOOK: Oem ID in QCRILHOOK UNSOL RESP is QOEMHOOK
08-10 14:12:24.359  2280  2280 D QC_RIL_OEM_HOOK: Received Broadcast Intent ACTION_UNSOL_RESPONSE_OEM_HOOK_RAW
08-10 14:12:24.359  2280  2280 D QC_RIL_OEM_HOOK: Oem ID in QCRILHOOK UNSOL RESP is QOEMHOOK
08-10 14:12:24.359  2280  2280 D QC_RIL_OEM_HOOK: Received Broadcast Intent ACTION_UNSOL_RESPONSE_OEM_HOOK_RAW
08-10 14:12:24.359  2280  2280 D QC_RIL_OEM_HOOK: Oem ID in QCRILHOOK UNSOL RESP is QOEMHOOK
08-10 14:12:24.360  3207  3207 D QC_RIL_OEM_HOOK: Received Broadcast Intent ACTION_UNSOL_RESPONSE_OEM_HOOK_RAW
08-10 14:12:24.360  3207  3207 D QC_RIL_OEM_HOOK: Oem ID in QCRILHOOK UNSOL RESP is QOEMHOOK
08-10 14:12:25.779  2119  2119 I DownloadManagerWrapper: onReceive() : Charging = true
08-10 14:12:27.037  2567  2567 I wpa_supplicant: wlan0: CTRL-EVENT-AVOID-FREQ ranges=5180-5320,5500-5640
08-10 14:12:27.658  2175  2390 I chatty  : uid=10029(com.android.systemui) PhoneStatusBar expire 21 lines
08-10 14:12:29.207   814   975 I ThermalEngine: Monitor : quiet_therm = 30, msm_therm = 31, ufs_therm = -40, battery_therm = 290,current_now = -338000
08-10 14:12:31.731  3192  3192 I chatty  : uid=1000(system) com.oneplus.opbackup expire 10 lines
08-10 14:12:31.732  2119  2119 I DownloadManagerWrapper: onReceive() : Charging = true
08-10 14:12:41.827  2463  2463 D QcrilMsgTunnelIfaceManager: handleMessage what = 0
08-10 14:12:41.831  2280  2280 D QC_RIL_OEM_HOOK: Received Broadcast Intent ACTION_UNSOL_RESPONSE_OEM_HOOK_RAW
08-10 14:12:41.831  2280  2280 D QC_RIL_OEM_HOOK: Oem ID in QCRILHOOK UNSOL RESP is QOEMHOOK
08-10 14:12:41.831  2280  2280 D QC_RIL_OEM_HOOK: Received Broadcast Intent ACTION_UNSOL_RESPONSE_OEM_HOOK_RAW
08-10 14:12:41.832  2280  2280 D QC_RIL_OEM_HOOK: Oem ID in QCRILHOOK UNSOL RESP is QOEMHOOK
08-10 14:12:41.833  3207  3207 D QC_RIL_OEM_HOOK: Received Broadcast Intent ACTION_UNSOL_RESPONSE_OEM_HOOK_RAW
08-10 14:12:41.833  3207  3207 D QC_RIL_OEM_HOOK: Oem ID in QCRILHOOK UNSOL RESP is QOEMHOOK
08-10 14:12:41.834  2280  2280 D QC_RIL_OEM_HOOK: Received Broadcast Intent ACTION_UNSOL_RESPONSE_OEM_HOOK_RAW
08-10 14:12:41.835  2280  2280 D QC_RIL_OEM_HOOK: Oem ID in QCRILHOOK UNSOL RESP is QOEMHOOK
08-10 14:12:41.852  2175  2390 I chatty  : uid=10029(com.android.systemui) PhoneStatusBar expire 18 lines
08-10 14:12:45.828  2567  2567 I wpa_supplicant: wlan0: CTRL-EVENT-AVOID-FREQ ranges=5500-5640
08-10 14:12:46.757   874  2562 I LOWI-8.1.1.0.c: [LOWI-Scan] lowi_close_record:Scan completed in 96112127ms and Recieved 15 APs scan results
08-10 14:12:46.828  1381  2045 I chatty  : uid=1000(system) WifiStateMachin expire 11 lines
08-10 14:12:49.657  1381  6431 I chatty  : uid=1000(system) Binder:1381_11 expire 15 lines
08-10 14:12:55.805  2119  2119 I DownloadManagerWrapper: onReceive() : Charging = true
08-10 14:13:01.207  2175  2390 I chatty  : uid=10029(com.android.systemui) PhoneStatusBar expire 12 lines
08-10 14:13:07.794  2119  2119 I DownloadManagerWrapper: onReceive() : Charging = true
08-10 14:13:13.807  2119  2119 I DownloadManagerWrapper: onReceive() : Charging = true
08-10 14:13:14.970  2175  2390 I chatty  : uid=10029(com.android.systemui) PhoneStatusBar expire 12 lines
08-10 14:13:19.784  2119  2119 I DownloadManagerWrapper: onReceive() : Charging = true
08-10 14:13:24.076  1381  1435 I chatty  : uid=1000(system) ActivityManager expire 18 lines
08-10 14:13:24.139  1381  1417 I chatty  : uid=1000(system) Binder:1381_2 expire 15 lines
08-10 14:13:24.217  3163 20144 I chatty  : uid=10015(com.google.android.gms) expire 2 lines
08-10 14:13:24.448  2463  2463 D QcrilMsgTunnelIfaceManager: handleMessage what = 0
08-10 14:13:24.449  2280  2280 D QC_RIL_OEM_HOOK: Received Broadcast Intent ACTION_UNSOL_RESPONSE_OEM_HOOK_RAW
08-10 14:13:24.449  2280  2280 D QC_RIL_OEM_HOOK: Oem ID in QCRILHOOK UNSOL RESP is QOEMHOOK
08-10 14:13:24.449  2280  2280 D QC_RIL_OEM_HOOK: Received Broadcast Intent ACTION_UNSOL_RESPONSE_OEM_HOOK_RAW
08-10 14:13:24.449  2280  2280 D QC_RIL_OEM_HOOK: Oem ID in QCRILHOOK UNSOL RESP is QOEMHOOK
08-10 14:13:24.449  3207  3207 D QC_RIL_OEM_HOOK: Received Broadcast Intent ACTION_UNSOL_RESPONSE_OEM_HOOK_RAW
08-10 14:13:24.449  2280  2280 D QC_RIL_OEM_HOOK: Received Broadcast Intent ACTION_UNSOL_RESPONSE_OEM_HOOK_RAW
08-10 14:13:24.449  3207  3207 D QC_RIL_OEM_HOOK: Oem ID in QCRILHOOK UNSOL RESP is QOEMHOOK
08-10 14:13:24.449  2280  2280 D QC_RIL_OEM_HOOK: Oem ID in QCRILHOOK UNSOL RESP is QOEMHOOK
08-10 14:13:25.738  2119  2119 I DownloadManagerWrapper: onReceive() : Charging = true
08-10 14:13:28.183  2175  2390 I chatty  : uid=10029(com.android.systemui) PhoneStatusBar expire 12 lines
08-10 14:13:29.239   814   975 I ThermalEngine: Monitor : quiet_therm = 30, msm_therm = 31, ufs_therm = -40, battery_therm = 290,current_now = -391000
08-10 14:13:30.475  1381  2561 I chatty  : uid=1000(system) Thread-7 expire 21 lines
08-10 14:13:30.476   868   868 I chatty  : uid=1000(system) /system/bin/dpmd expire 10 lines
08-10 14:13:31.742   874  2562 I LOWI-8.1.1.0.c: [LOWI-Scan] lowi_close_record:Scan completed in 96157111ms and Recieved 11 APs scan results
08-10 14:13:31.776  2119  2119 I DownloadManagerWrapper: onReceive() : Charging = true
08-10 14:13:31.793  1381  2045 I chatty  : uid=1000(system) WifiStateMachin expire 11 lines
08-10 14:13:37.134  2567  2567 I wpa_supplicant: wlan0: CTRL-EVENT-AVOID-FREQ ranges=5180-5320,5500-5640
08-10 14:13:37.782  2119  2119 I DownloadManagerWrapper: onReceive() : Charging = true
08-10 14:13:41.834  2463  2463 D QcrilMsgTunnelIfaceManager: handleMessage what = 0
08-10 14:13:41.840  2280  2280 D QC_RIL_OEM_HOOK: Received Broadcast Intent ACTION_UNSOL_RESPONSE_OEM_HOOK_RAW
08-10 14:13:41.840  2280  2280 D QC_RIL_OEM_HOOK: Oem ID in QCRILHOOK UNSOL RESP is QOEMHOOK
08-10 14:13:41.840  2280  2280 D QC_RIL_OEM_HOOK: Received Broadcast Intent ACTION_UNSOL_RESPONSE_OEM_HOOK_RAW
08-10 14:13:41.840  2280  2280 D QC_RIL_OEM_HOOK: Oem ID in QCRILHOOK UNSOL RESP is QOEMHOOK
08-10 14:13:41.840  2280  2280 D QC_RIL_OEM_HOOK: Received Broadcast Intent ACTION_UNSOL_RESPONSE_OEM_HOOK_RAW
08-10 14:13:41.841  2280  2280 D QC_RIL_OEM_HOOK: Oem ID in QCRILHOOK UNSOL RESP is QOEMHOOK
08-10 14:13:41.841  3207  3207 D QC_RIL_OEM_HOOK: Received Broadcast Intent ACTION_UNSOL_RESPONSE_OEM_HOOK_RAW
08-10 14:13:41.841  3207  3207 D QC_RIL_OEM_HOOK: Oem ID in QCRILHOOK UNSOL RESP is QOEMHOOK
08-10 14:13:41.852  2175  2390 I chatty  : uid=10029(com.android.systemui) PhoneStatusBar expire 18 lines
08-10 14:13:43.778  2119  2119 I DownloadManagerWrapper: onReceive() : Charging = true
08-10 14:14:01.791  2175  2175 I chatty  : uid=10029(com.android.systemui) expire 16 lines
08-10 14:14:01.794  2119  2119 I DownloadManagerWrapper: onReceive() : Charging = true
08-10 14:14:04.570  2175  2390 I chatty  : uid=10029(com.android.systemui) PhoneStatusBar expire 24 lines
08-10 14:14:15.524   868   868 I chatty  : uid=1000(system) /system/bin/dpmd expire 10 lines
08-10 14:14:16.671   874  2562 I LOWI-8.1.1.0.c: [LOWI-Scan] lowi_close_record:Scan completed in 96202041ms and Recieved 13 APs scan results
08-10 14:14:16.727  1381  2045 I chatty  : uid=1000(system) WifiStateMachin expire 11 lines
08-10 14:14:19.783  3192  3192 I chatty  : uid=1000(system) com.oneplus.opbackup expire 10 lines
08-10 14:14:19.786  2119  2119 I DownloadManagerWrapper: onReceive() : Charging = true
08-10 14:14:21.735  1381  2049 I chatty  : uid=1000(system) WifiScanningSer expire 11 lines
08-10 14:14:24.363  3163 20196 I chatty  : uid=10015(com.google.android.gms) expire 2 lines
08-10 14:14:24.637  2463  2463 D QcrilMsgTunnelIfaceManager: handleMessage what = 0
08-10 14:14:24.640  3207  3207 D QC_RIL_OEM_HOOK: Received Broadcast Intent ACTION_UNSOL_RESPONSE_OEM_HOOK_RAW
08-10 14:14:24.641  3503  3503 I chatty  : uid=1000(system) cn.oneplus.nvbackup expire 10 lines
08-10 14:14:24.641  3207  3207 D QC_RIL_OEM_HOOK: Oem ID in QCRILHOOK UNSOL RESP is QOEMHOOK
08-10 14:14:24.643  2280  2280 D QC_RIL_OEM_HOOK: Received Broadcast Intent ACTION_UNSOL_RESPONSE_OEM_HOOK_RAW
08-10 14:14:24.643  2280  2280 D QC_RIL_OEM_HOOK: Oem ID in QCRILHOOK UNSOL RESP is QOEMHOOK
08-10 14:14:24.643  2280  2280 D QC_RIL_OEM_HOOK: Received Broadcast Intent ACTION_UNSOL_RESPONSE_OEM_HOOK_RAW
08-10 14:14:24.643  2280  2280 D QC_RIL_OEM_HOOK: Oem ID in QCRILHOOK UNSOL RESP is QOEMHOOK
08-10 14:14:24.643  2280  2280 D QC_RIL_OEM_HOOK: Received Broadcast Intent ACTION_UNSOL_RESPONSE_OEM_HOOK_RAW
08-10 14:14:24.643  2280  2280 D QC_RIL_OEM_HOOK: Oem ID in QCRILHOOK UNSOL RESP is QOEMHOOK
08-10 14:14:25.866  2119  2119 I DownloadManagerWrapper: onReceive() : Charging = true
08-10 14:14:29.274   814   975 I ThermalEngine: Monitor : quiet_therm = 30, msm_therm = 31, ufs_therm = -40, battery_therm = 290,current_now = -433000
08-10 14:14:31.532  2175  2390 I chatty  : uid=10029(com.android.systemui) PhoneStatusBar expire 12 lines
08-10 14:14:31.884  2119  2119 I DownloadManagerWrapper: onReceive() : Charging = true
08-10 14:14:37.803  2119  2119 I DownloadManagerWrapper: onReceive() : Charging = true
08-10 14:14:38.714  2119  2119 I DownloadManagerWrapper: onReceive() : Charging = true
08-10 14:14:41.813  2463  2463 D QcrilMsgTunnelIfaceManager: handleMessage what = 0
08-10 14:14:41.818  3207  3207 D QC_RIL_OEM_HOOK: Received Broadcast Intent ACTION_UNSOL_RESPONSE_OEM_HOOK_RAW
08-10 14:14:41.819  3207  3207 D QC_RIL_OEM_HOOK: Oem ID in QCRILHOOK UNSOL RESP is QOEMHOOK
08-10 14:14:41.820  2280  2280 D QC_RIL_OEM_HOOK: Received Broadcast Intent ACTION_UNSOL_RESPONSE_OEM_HOOK_RAW
08-10 14:14:41.820  2280  2280 D QC_RIL_OEM_HOOK: Oem ID in QCRILHOOK UNSOL RESP is QOEMHOOK
08-10 14:14:41.821  2280  2280 D QC_RIL_OEM_HOOK: Received Broadcast Intent ACTION_UNSOL_RESPONSE_OEM_HOOK_RAW
08-10 14:14:41.821  2280  2280 D QC_RIL_OEM_HOOK: Oem ID in QCRILHOOK UNSOL RESP is QOEMHOOK
08-10 14:14:41.822  2280  2280 D QC_RIL_OEM_HOOK: Received Broadcast Intent ACTION_UNSOL_RESPONSE_OEM_HOOK_RAW
08-10 14:14:41.822  2280  2280 D QC_RIL_OEM_HOOK: Oem ID in QCRILHOOK UNSOL RESP is QOEMHOOK
08-10 14:14:42.127  2567  2567 I wpa_supplicant: wlan0: CTRL-EVENT-AVOID-FREQ ranges=5500-5640
08-10 14:14:42.734  2175  2390 I chatty  : uid=10029(com.android.systemui) PhoneStatusBar expire 15 lines
08-10 14:14:43.788  2610  2610 D WidgetViewService: ------BatteryReceiver------power=85
08-10 14:14:43.790  2119  2119 I DownloadManagerWrapper: onReceive() : Charging = true
08-10 14:14:44.804  2610  2610 D WidgetViewService: --------updateRemoteViews widgetDataItems={1=WidgetData [type=1, value=98, units=%], 0=WidgetData [type=0, value=1,71, units=MB], 2=WidgetData [type=2, value=85, units=%]}
08-10 14:14:50.789  2119  2119 I DownloadManagerWrapper: onReceive() : Charging = true
08-10 14:14:56.734  2119  2119 I DownloadManagerWrapper: onReceive() : Charging = true
08-10 14:15:01.879   874  2562 I LOWI-8.1.1.0.c: [LOWI-Scan] lowi_close_record:Scan completed in 96247249ms and Recieved 17 APs scan results
08-10 14:15:01.953   868   868 I chatty  : uid=1000(system) /system/bin/dpmd expire 10 lines
08-10 14:15:01.957  1381  2045 I chatty  : uid=1000(system) WifiStateMachin expire 11 lines
08-10 14:15:02.891  2119  2119 I DownloadManagerWrapper: onReceive() : Charging = true
08-10 14:15:09.808  2119  2119 I DownloadManagerWrapper: onReceive() : Charging = true
08-10 14:15:15.794  2119  2119 I DownloadManagerWrapper: onReceive() : Charging = true
08-10 14:15:15.795  3192  3192 I chatty  : uid=1000(system) com.oneplus.opbackup expire 10 lines
08-10 14:15:16.565  2175  2390 I chatty  : uid=10029(com.android.systemui) PhoneStatusBar expire 12 lines
08-10 14:15:21.832  2119  2119 I DownloadManagerWrapper: onReceive() : Charging = true
08-10 14:15:24.343  1381  2104 I chatty  : uid=1000(system) Binder:1381_4 expire 12 lines
08-10 14:15:24.478  1381  2064 I chatty  : uid=1000(system) Binder:1381_3 expire 15 lines
08-10 14:15:24.490  3163 20303 I chatty  : uid=10015(com.google.android.gms) expire 2 lines
08-10 14:15:24.782  2463  2463 D QcrilMsgTunnelIfaceManager: handleMessage what = 0
08-10 14:15:24.788  3207  3207 D QC_RIL_OEM_HOOK: Received Broadcast Intent ACTION_UNSOL_RESPONSE_OEM_HOOK_RAW
08-10 14:15:24.788  3207  3207 D QC_RIL_OEM_HOOK: Oem ID in QCRILHOOK UNSOL RESP is QOEMHOOK
08-10 14:15:24.788  2280  2280 D QC_RIL_OEM_HOOK: Received Broadcast Intent ACTION_UNSOL_RESPONSE_OEM_HOOK_RAW
08-10 14:15:24.788  2280  2280 D QC_RIL_OEM_HOOK: Oem ID in QCRILHOOK UNSOL RESP is QOEMHOOK
08-10 14:15:24.788  2280  2280 D QC_RIL_OEM_HOOK: Received Broadcast Intent ACTION_UNSOL_RESPONSE_OEM_HOOK_RAW
08-10 14:15:24.788  2280  2280 D QC_RIL_OEM_HOOK: Oem ID in QCRILHOOK UNSOL RESP is QOEMHOOK
08-10 14:15:24.788  2280  2280 D QC_RIL_OEM_HOOK: Received Broadcast Intent ACTION_UNSOL_RESPONSE_OEM_HOOK_RAW
08-10 14:15:24.788  2280  2280 D QC_RIL_OEM_HOOK: Oem ID in QCRILHOOK UNSOL RESP is QOEMHOOK
08-10 14:15:27.512  2567  2567 I wpa_supplicant: wlan0: CTRL-EVENT-AVOID-FREQ ranges=5180-5320,5500-5640
08-10 14:15:27.789  2119  2119 I DownloadManagerWrapper: onReceive() : Charging = true
08-10 14:15:29.308   814   975 I ThermalEngine: Monitor : quiet_therm = 30, msm_therm = 31, ufs_therm = -40, battery_therm = 290,current_now = -304000
08-10 14:15:30.086  2175  2390 I chatty  : uid=10029(com.android.systemui) PhoneStatusBar expire 10 lines
08-10 14:15:33.820  2119  2119 I DownloadManagerWrapper: onReceive() : Charging = true
08-10 14:15:39.782  2119  2119 I DownloadManagerWrapper: onReceive() : Charging = true
08-10 14:15:39.788  2175  2175 I chatty  : uid=10029(com.android.systemui) expire 13 lines
08-10 14:15:43.906  2463  2463 D QcrilMsgTunnelIfaceManager: handleMessage what = 0
08-10 14:15:43.912  2280  2280 D QC_RIL_OEM_HOOK: Received Broadcast Intent ACTION_UNSOL_RESPONSE_OEM_HOOK_RAW
08-10 14:15:43.913  2280  2280 D QC_RIL_OEM_HOOK: Oem ID in QCRILHOOK UNSOL RESP is QOEMHOOK
08-10 14:15:43.913  2280  2280 D QC_RIL_OEM_HOOK: Received Broadcast Intent ACTION_UNSOL_RESPONSE_OEM_HOOK_RAW
08-10 14:15:43.913  2280  2280 D QC_RIL_OEM_HOOK: Oem ID in QCRILHOOK UNSOL RESP is QOEMHOOK
08-10 14:15:43.913  2280  2280 D QC_RIL_OEM_HOOK: Received Broadcast Intent ACTION_UNSOL_RESPONSE_OEM_HOOK_RAW
08-10 14:15:43.913  3207  3207 D QC_RIL_OEM_HOOK: Received Broadcast Intent ACTION_UNSOL_RESPONSE_OEM_HOOK_RAW
08-10 14:15:43.913  2280  2280 D QC_RIL_OEM_HOOK: Oem ID in QCRILHOOK UNSOL RESP is QOEMHOOK
08-10 14:15:43.913  3207  3207 D QC_RIL_OEM_HOOK: Oem ID in QCRILHOOK UNSOL RESP is QOEMHOOK
08-10 14:15:43.935  2175  2390 I chatty  : uid=10029(com.android.systemui) PhoneStatusBar expire 23 lines
08-10 14:15:45.792  2119  2119 I DownloadManagerWrapper: onReceive() : Charging = true
08-10 14:15:45.991  2567  2567 I wpa_supplicant: wlan0: CTRL-EVENT-AVOID-FREQ ranges=5500-5640
08-10 14:15:46.843   874  2562 I LOWI-8.1.1.0.c: [LOWI-Scan] lowi_close_record:Scan completed in 96292213ms and Recieved 18 APs scan results
08-10 14:15:46.929   868   868 I chatty  : uid=1000(system) /system/bin/dpmd expire 10 lines
08-10 14:15:46.930  1381  2045 I chatty  : uid=1000(system) WifiStateMachin expire 11 lines
08-10 14:15:51.813  2119  2119 I DownloadManagerWrapper: onReceive() : Charging = true
08-10 14:16:03.909  2119  2119 I DownloadManagerWrapper: onReceive() : Charging = true
08-10 14:16:09.808  2119  2119 I DownloadManagerWrapper: onReceive() : Charging = true
08-10 14:16:15.800  2119  2119 I DownloadManagerWrapper: onReceive() : Charging = true
08-10 14:16:21.801  3192  3192 I chatty  : uid=1000(system) com.oneplus.opbackup expire 10 lines
08-10 14:16:21.803  2119  2119 I DownloadManagerWrapper: onReceive() : Charging = true
08-10 14:16:24.575  3163 20396 I chatty  : uid=10015(com.google.android.gms) expire 2 lines
08-10 14:16:24.583  1381  8158 I chatty  : uid=1000(system) Binder:1381_12 expire 12 lines
08-10 14:16:24.805  2463  2463 D QcrilMsgTunnelIfaceManager: handleMessage what = 0
08-10 14:16:24.807  2280  2280 D QC_RIL_OEM_HOOK: Received Broadcast Intent ACTION_UNSOL_RESPONSE_OEM_HOOK_RAW
08-10 14:16:24.808  2280  2280 D QC_RIL_OEM_HOOK: Oem ID in QCRILHOOK UNSOL RESP is QOEMHOOK
08-10 14:16:24.808  2280  2280 D QC_RIL_OEM_HOOK: Received Broadcast Intent ACTION_UNSOL_RESPONSE_OEM_HOOK_RAW
08-10 14:16:24.808  2280  2280 D QC_RIL_OEM_HOOK: Oem ID in QCRILHOOK UNSOL RESP is QOEMHOOK
08-10 14:16:24.808  2280  2280 D QC_RIL_OEM_HOOK: Received Broadcast Intent ACTION_UNSOL_RESPONSE_OEM_HOOK_RAW
08-10 14:16:24.808  2280  2280 D QC_RIL_OEM_HOOK: Oem ID in QCRILHOOK UNSOL RESP is QOEMHOOK
08-10 14:16:24.808  3207  3207 D QC_RIL_OEM_HOOK: Received Broadcast Intent ACTION_UNSOL_RESPONSE_OEM_HOOK_RAW
08-10 14:16:24.808  3207  3207 D QC_RIL_OEM_HOOK: Oem ID in QCRILHOOK UNSOL RESP is QOEMHOOK
08-10 14:16:27.801  2119  2119 I DownloadManagerWrapper: onReceive() : Charging = true
08-10 14:16:29.348   814   975 I ThermalEngine: Monitor : quiet_therm = 30, msm_therm = 31, ufs_therm = -40, battery_therm = 290,current_now = -430000
08-10 14:16:30.890  2175  2390 I chatty  : uid=10029(com.android.systemui) PhoneStatusBar expire 12 lines
08-10 14:16:30.974  2567  2567 I wpa_supplicant: wlan0: CTRL-EVENT-AVOID-FREQ ranges=5180-5320,5500-5640
08-10 14:16:31.860   874  2562 I LOWI-8.1.1.0.c: [LOWI-Scan] lowi_close_record:Scan completed in 96337230ms and Recieved 9 APs scan results
